--------- beginning of system
12-18 15:58:13.623   926   985 W APP_LOCK: ===isSecure  callingPackage:null===
12-18 15:58:13.623   926   985 W APP_LOCK: ===isSecure  isDefaultApp:false===
12-18 15:58:13.623   926   985 I ActivityTaskManager: START u0 {act=android.intent.action.MAIN cat=[android.intent.category.HOME] flg=0x10000100 cmp=com.android.launcher3/.Launcher3QuickStepGo (has extras)} from uid 0
12-18 15:58:13.647   926   985 W WindowManager: Changing focus from Window{3acdbd4 u0 com.koralplay.pos.agent.ao.elephantbet/com.koralplay.pos.agent.ao.elephantbet.MainActivity} to null displayId=0 Callers=com.android.server.wm.RootWindowContainer.updateFocusedWindowLocked:465 com.android.server.wm.WindowManagerService.updateFocusedWindowLocked:5754 com.android.server.wm.ActivityTaskManagerService.setResumedActivityUncheckLocked:4539 com.android.server.wm.ActivityRecord.moveFocusableActivityToTop:2814 
12-18 15:58:13.741   926  6328 W WindowManager: Changing focus from null to Window{1b0739e u0 com.android.launcher3/com.android.launcher3.Launcher3QuickStepGo} displayId=0 Callers=com.android.server.wm.RootWindowContainer.updateFocusedWindowLocked:465 com.android.server.wm.WindowManagerService.updateFocusedWindowLocked:5754 com.android.server.wm.WindowManagerService.relayoutWindow:2476 com.android.server.wm.Session.relayout:235 
12-18 15:58:13.745   926  6328 I WindowManager: Relayout Window{1b0739e u0 com.android.launcher3/com.android.launcher3.Launcher3QuickStepGo}: oldVis=4 newVis=0 focusMayChange = true requestedWidth = 720 requestedHeight = 1440 outFrames = ClientWindowFrames{frame=[0,0][720,1440] display=[0,0][720,1440] backdrop=[0,0][720,1440]} outSurfaceControl = Surface(name=com.android.launcher3/com.android.launcher3.Launcher3QuickStepGo)/@0xbfeeeae
12-18 15:58:15.499   926  3245 W APP_LOCK: ===isSecure  defaultLauncher:com.android.launcher3===
12-18 15:58:15.499   926  3245 W APP_LOCK: ===isSecure  callingPackage:com.android.launcher3===
12-18 15:58:15.499   926  3245 W APP_LOCK: ===isSecure  isDefaultApp:false===
12-18 15:58:15.499   926  3245 I ActivityTaskManager: START u0 {act=android.intent.action.MAIN cat=[android.intent.category.LAUNCHER] flg=0x10200000 pkg=com.android.settings cmp=com.android.settings/.Settings bnds=[249,64][471,264]} from uid 10078
12-18 15:58:15.524   926  6328 W ActivityTaskManager: Tried to set launchTime (0) < mLastActivityLaunchTime (57135217)
12-18 15:58:15.529   926  6328 W WindowManager: Changing focus from Window{1b0739e u0 com.android.launcher3/com.android.launcher3.Launcher3QuickStepGo} to null displayId=0 Callers=com.android.server.wm.RootWindowContainer.updateFocusedWindowLocked:465 com.android.server.wm.WindowManagerService.updateFocusedWindowLocked:5754 com.android.server.wm.ActivityTaskManagerService.setResumedActivityUncheckLocked:4539 com.android.server.wm.Task.onActivityStateChanged:2250 
12-18 15:58:15.795   926  6328 E UserRestrictionsUtils: Unknown restriction queried by uid 1000 (com.android.settings et al): null
12-18 15:58:15.921   926  6328 I ProcessStatsService: Added stats: 2025-12-18-11-25-48, over +3h14m33s171ms
12-18 15:58:16.156   926  1790 I ProcessStatsService: Added stats: 2025-12-18-11-25-48, over +3h14m33s171ms
12-18 15:58:16.377   926  1039 W WindowManager: Changing focus from null to Window{d622d22 u0 com.android.settings/com.android.settings.Settings} displayId=0 Callers=com.android.server.wm.RootWindowContainer.updateFocusedWindowLocked:465 com.android.server.wm.WindowManagerService.updateFocusedWindowLocked:5754 com.android.server.wm.WindowManagerService.relayoutWindow:2476 com.android.server.wm.Session.relayout:235 
12-18 15:58:16.380   926  1039 I WindowManager: Relayout Window{d622d22 u0 com.android.settings/com.android.settings.Settings}: oldVis=4 newVis=0 focusMayChange = true requestedWidth = 720 requestedHeight = 1440 outFrames = ClientWindowFrames{frame=[0,0][720,1440] display=[0,0][720,1440] backdrop=[0,0][720,1440]} outSurfaceControl = Surface(name=com.android.settings/com.android.settings.Settings)/@0x5d3ec21
12-18 15:58:18.520   926  1624 E TaskPersister: File error accessing recents directory (directory doesn't exist?).
12-18 15:58:22.152   926  6328 W APP_LOCK: ===isSecure  defaultLauncher:com.android.launcher3===
12-18 15:58:22.152   926  6328 W APP_LOCK: ===isSecure  callingPackage:com.android.settings===
12-18 15:58:22.152   926  6328 W APP_LOCK: ===isSecure  isDefaultApp:false===
12-18 15:58:22.154   926  6328 I ActivityTaskManager: START u0 {cmp=woyou.aidlservice.jiuiv5/com.sunmi.printer.EntryActivityP (has extras)} from uid 1000
12-18 15:58:22.204   926  6328 W ActivityTaskManager: Tried to set launchTime (0) < mLastActivityLaunchTime (11546692)
12-18 15:58:22.210   926  6328 W WindowManager: Changing focus from Window{d622d22 u0 com.android.settings/com.android.settings.Settings} to null displayId=0 Callers=com.android.server.wm.RootWindowContainer.updateFocusedWindowLocked:465 com.android.server.wm.WindowManagerService.updateFocusedWindowLocked:5754 com.android.server.wm.ActivityTaskManagerService.setResumedActivityUncheckLocked:4539 com.android.server.wm.Task.onActivityStateChanged:2250 
12-18 15:58:22.379   926  6328 W AppOps  : checkIfInWhitelist : pkg =woyou.aidlservice.jiuiv5
12-18 15:58:22.404   926  5267 W WindowManager: Changing focus from null to Window{e896f67 u0 woyou.aidlservice.jiuiv5/com.sunmi.printer.EntryActivityP} displayId=0 Callers=com.android.server.wm.RootWindowContainer.updateFocusedWindowLocked:465 com.android.server.wm.WindowManagerService.updateFocusedWindowLocked:5754 com.android.server.wm.WindowManagerService.relayoutWindow:2476 com.android.server.wm.Session.relayout:235 
12-18 15:58:22.409   926  5267 I WindowManager: Relayout Window{e896f67 u0 woyou.aidlservice.jiuiv5/com.sunmi.printer.EntryActivityP}: oldVis=4 newVis=0 focusMayChange = true requestedWidth = 720 requestedHeight = 1440 outFrames = ClientWindowFrames{frame=[0,0][720,1440] display=[0,0][720,1440] backdrop=[0,0][720,1440]} outSurfaceControl = Surface(name=woyou.aidlservice.jiuiv5/com.sunmi.printer.EntryActivityP)/@0xc2c78b9
12-18 15:58:22.647   926  6328 I ActivityManager: Killing 4954:ao.gdse.arenaticket.vendas/u0a91 (adj 920): cached #3
12-18 15:58:22.649   926  6328 I ActivityManager: Killing 4982:com.android.webview:sandboxed_process1:org.chromium.content.app.SandboxedProcessService1:0/u0a91i22 (adj 930): cached #4
12-18 15:58:22.773   926  1790 W ActivityManager: Scheduling restart of crashed service ao.gdse.arenaticket.vendas/org.chromium.content.app.SandboxedProcessService1:0 in 1000ms for connection
12-18 15:58:22.790   926  5267 I WindowManager: WIN DEATH: Window{b5e53b9 u0 ao.gdse.arenaticket.vendas/ao.gdse.arenaticket.vendas.MainActivity}
12-18 15:58:22.790   926  1003 E KernelCpuSpeedReader: Failed to read cpu-freq: /sys/devices/system/cpu/cpu4/cpufreq/stats/time_in_state: open failed: ENOENT (No such file or directory)
12-18 15:58:22.821   926   987 W ActivityManager: setHasOverlayUi called on unknown pid: 4954
12-18 15:58:22.821   926   995 W UsageStatsService: Unexpected activity event reported! (ao.gdse.arenaticket.vendas/ao.gdse.arenaticket.vendas.MainActivity event : 23 instanceId : 146539589)
12-18 15:58:23.580   926  5267 W AppOps  : checkIfInWhitelist : pkg =woyou.aidlservice.jiuiv5
12-18 15:58:23.582   926  5267 W AppOps  : checkIfInWhitelist : pkg =woyou.aidlservice.jiuiv5
12-18 15:58:25.186   926  1624 E TaskPersister: File error accessing recents directory (directory doesn't exist?).
12-18 15:58:31.644   926  1790 W WindowManager: Changing focus from Window{e896f67 u0 woyou.aidlservice.jiuiv5/com.sunmi.printer.EntryActivityP} to Window{5f3cf12 u0 woyou.aidlservice.jiuiv5/com.sunmi.printer.EntryActivityP} displayId=0 Callers=com.android.server.wm.RootWindowContainer.updateFocusedWindowLocked:465 com.android.server.wm.WindowManagerService.updateFocusedWindowLocked:5754 com.android.server.wm.WindowManagerService.addWindow:1855 com.android.server.wm.Session.addToDisplayAsUser:204 
12-18 15:58:42.744   926  6646 W WindowManager: Changing focus from Window{5f3cf12 u0 woyou.aidlservice.jiuiv5/com.sunmi.printer.EntryActivityP EXITING} to Window{e896f67 u0 woyou.aidlservice.jiuiv5/com.sunmi.printer.EntryActivityP} displayId=0 Callers=com.android.server.wm.RootWindowContainer.updateFocusedWindowLocked:465 com.android.server.wm.WindowManagerService.updateFocusedWindowLocked:5754 com.android.server.wm.WindowState.setupWindowForRemoveOnExit:2609 com.android.server.wm.WindowState.removeIfPossible:2577 
12-18 15:58:51.170   926  6646 W WindowManager: Changing focus from Window{e896f67 u0 woyou.aidlservice.jiuiv5/com.sunmi.printer.EntryActivityP} to Window{10a873b u0 woyou.aidlservice.jiuiv5/com.sunmi.printer.EntryActivityP} displayId=0 Callers=com.android.server.wm.RootWindowContainer.updateFocusedWindowLocked:465 com.android.server.wm.WindowManagerService.updateFocusedWindowLocked:5754 com.android.server.wm.WindowManagerService.addWindow:1855 com.android.server.wm.Session.addToDisplayAsUser:204 
12-18 15:58:52.501   926  1790 W WindowManager: Changing focus from Window{10a873b u0 woyou.aidlservice.jiuiv5/com.sunmi.printer.EntryActivityP EXITING} to Window{e896f67 u0 woyou.aidlservice.jiuiv5/com.sunmi.printer.EntryActivityP} displayId=0 Callers=com.android.server.wm.RootWindowContainer.updateFocusedWindowLocked:465 com.android.server.wm.WindowManagerService.updateFocusedWindowLocked:5754 com.android.server.wm.WindowState.setupWindowForRemoveOnExit:2609 com.android.server.wm.WindowState.removeIfPossible:2577 
12-18 15:58:59.723   926  1790 W AppOps  : checkIfInWhitelist : pkg =woyou.aidlservice.jiuiv5
12-18 15:58:59.730   926  1790 W AppOps  : checkIfInWhitelist : pkg =woyou.aidlservice.jiuiv5
12-18 15:59:07.261   926  1790 W WindowManager: Changing focus from Window{e896f67 u0 woyou.aidlservice.jiuiv5/com.sunmi.printer.EntryActivityP} to Window{3ab99f6 u0 woyou.aidlservice.jiuiv5/com.sunmi.printer.EntryActivityP} displayId=0 Callers=com.android.server.wm.RootWindowContainer.updateFocusedWindowLocked:465 com.android.server.wm.WindowManagerService.updateFocusedWindowLocked:5754 com.android.server.wm.WindowManagerService.addWindow:1855 com.android.server.wm.Session.addToDisplayAsUser:204 
12-18 15:59:12.116   926  6328 W WindowManager: Changing focus from Window{3ab99f6 u0 woyou.aidlservice.jiuiv5/com.sunmi.printer.EntryActivityP EXITING} to Window{e896f67 u0 woyou.aidlservice.jiuiv5/com.sunmi.printer.EntryActivityP} displayId=0 Callers=com.android.server.wm.RootWindowContainer.updateFocusedWindowLocked:465 com.android.server.wm.WindowManagerService.updateFocusedWindowLocked:5754 com.android.server.wm.WindowState.setupWindowForRemoveOnExit:2609 com.android.server.wm.WindowState.removeIfPossible:2577 
12-18 15:59:14.550   926  5267 W WindowManager: Changing focus from Window{e896f67 u0 woyou.aidlservice.jiuiv5/com.sunmi.printer.EntryActivityP} to Window{42fb8c4 u0 PopupWindow:bef2e23} displayId=0 Callers=com.android.server.wm.RootWindowContainer.updateFocusedWindowLocked:465 com.android.server.wm.WindowManagerService.updateFocusedWindowLocked:5754 com.android.server.wm.WindowManagerService.addWindow:1855 com.android.server.wm.Session.addToDisplayAsUser:204 
12-18 15:59:16.592   926  5267 W WindowManager: Changing focus from Window{42fb8c4 u0 PopupWindow:bef2e23} to Window{e896f67 u0 woyou.aidlservice.jiuiv5/com.sunmi.printer.EntryActivityP} displayId=0 Callers=com.android.server.wm.RootWindowContainer.updateFocusedWindowLocked:465 com.android.server.wm.WindowManagerService.updateFocusedWindowLocked:5754 com.android.server.wm.WindowManagerService.relayoutWindow:2476 com.android.server.wm.Session.relayout:235 
12-18 15:59:18.742   926  6328 W AppOps  : checkIfInWhitelist : pkg =woyou.aidlservice.jiuiv5
12-18 15:59:40.406   926  5267 W AppOps  : checkIfInWhitelist : pkg =woyou.aidlservice.jiuiv5
12-18 15:59:40.408   926  5267 W AppOps  : checkIfInWhitelist : pkg =woyou.aidlservice.jiuiv5
12-18 16:00:05.057   926  1125 E DisplayDeviceConfig: requesting nits when no mapping exists.
12-18 16:00:05.057   926  1125 E DisplayDeviceConfig: requesting nits when no mapping exists.
12-18 16:00:11.050   926  1014 I PowerManagerService: Powering off display group due to timeout (groupId= 0, uid= 1000)...
12-18 16:00:11.051   926  1014 I PowerManagerService: Going to sleep due to timeout (uid 1000)...
12-18 16:00:11.054   926  1014 W DreamManagerService: Dream ComponentInfo{com.android.dreams.alwaysondisplay/com.android.dreams.alwaysondisplay.AlwaysOnDisplay} does not exist
12-18 16:00:11.054   926  1014 I PowerManagerService: Sleeping display group (groupId=0, uid=1000)...
12-18 16:00:11.054   926  1014 I PowerManagerService: Sleeping (uid 1000)...
12-18 16:00:11.055   926  1014 I DisplayPowerController[0]: Blocking screen off
12-18 16:00:11.056   926  1014 I DisplayPowerController[0]: Unblocked screen off after 1 ms
12-18 16:00:11.080   926  1125 E DisplayDeviceConfig: requesting nits when no mapping exists.
12-18 16:00:11.080   926  1125 E DisplayDeviceConfig: requesting nits when no mapping exists.
12-18 16:00:11.080   926   987 I DisplayDeviceRepository: Display device changed state: "Tela integrada", OFF
12-18 16:00:11.089   926  1003 E KernelCpuSpeedReader: Failed to read cpu-freq: /sys/devices/system/cpu/cpu4/cpufreq/stats/time_in_state: open failed: ENOENT (No such file or directory)
12-18 16:00:11.108   926  6646 W WindowManager: Changing focus from Window{e896f67 u0 woyou.aidlservice.jiuiv5/com.sunmi.printer.EntryActivityP} to null displayId=0 Callers=com.android.server.wm.RootWindowContainer.updateFocusedWindowLocked:465 com.android.server.wm.WindowManagerService.updateFocusedWindowLocked:5754 com.android.server.wm.ActivityRecord.commitVisibility:4756 com.android.server.wm.ActivityRecord.setVisibility:4695 
12-18 16:00:11.527   926   926 W Looper  : Slow dispatch took 230ms main h=com.android.server.power.Notifier$NotifierHandler c=com.android.server.power.Notifier$$ExternalSyntheticLambda3@bbbfedb m=0
12-18 16:00:11.533   926   926 W Looper  : Slow delivery took 233ms main h=com.android.server.power.Notifier$NotifierHandler c=null m=2
12-18 16:00:11.542   926   926 W Looper  : Drained
12-18 16:00:16.211   926  1003 E KernelCpuSpeedReader: Failed to read cpu-freq: /sys/devices/system/cpu/cpu4/cpufreq/stats/time_in_state: open failed: ENOENT (No such file or directory)
12-18 16:01:38.934   926  1059 I PowerManagerService: Powering on display group fromAsleep (groupId=0, uid=1000, reason=WAKE_REASON_POWER_BUTTON, details=android.policy:POWER)...
12-18 16:01:38.934   926  1059 I PowerManagerService: Waking up from Asleep (uid=1000, reason=WAKE_REASON_POWER_BUTTON, details=android.policy:POWER)...
12-18 16:01:38.942   926  1014 I DisplayPowerController[0]: Blocking screen on until initial contents have been drawn.
12-18 16:01:38.956   926  1003 E KernelCpuSpeedReader: Failed to read cpu-freq: /sys/devices/system/cpu/cpu4/cpufreq/stats/time_in_state: open failed: ENOENT (No such file or directory)
12-18 16:01:39.006   926   987 I DisplayDeviceRepository: Display device changed state: "Tela integrada", ON
12-18 16:01:39.060   926  4601 W WindowManager: Changing focus from null to Window{e896f67 u0 woyou.aidlservice.jiuiv5/com.sunmi.printer.EntryActivityP} displayId=0 Callers=com.android.server.wm.RootWindowContainer.updateFocusedWindowLocked:465 com.android.server.wm.WindowManagerService.updateFocusedWindowLocked:5754 com.android.server.wm.WindowManagerService.relayoutWindow:2476 com.android.server.wm.Session.relayout:235 
12-18 16:01:39.061   926  4601 I WindowManager: Relayout Window{e896f67 u0 woyou.aidlservice.jiuiv5/com.sunmi.printer.EntryActivityP}: oldVis=4 newVis=0 focusMayChange = true requestedWidth = 720 requestedHeight = 1440 outFrames = ClientWindowFrames{frame=[0,0][720,1440] display=[0,0][720,1440] backdrop=[0,0][720,1440]} outSurfaceControl = Surface(name=woyou.aidlservice.jiuiv5/com.sunmi.printer.EntryActivityP)/@0xa7c92fd
12-18 16:01:39.115   926   926 I WindowManager: Suppressed redundant power key press while already in the process of turning the screen on.
12-18 16:01:39.144   926  1014 I DisplayPowerController[0]: Unblocked screen on after 202 ms
12-18 16:01:39.200   926  1125 E DisplayDeviceConfig: requesting nits when no mapping exists.
12-18 16:01:39.200   926  1125 E DisplayDeviceConfig: requesting nits when no mapping exists.
12-18 16:01:39.201   926  1014 W PowerManagerService: Screen on took 288 ms
12-18 16:01:53.522   926  4601 W ContextImpl: Calling a method in the system process without a qualified user: android.app.ContextImpl.sendBroadcastMultiplePermissions:1206 com.android.server.TelephonyRegistry.broadcastServiceStateChanged:2950 com.android.server.TelephonyRegistry.notifyServiceStateForPhoneId:1678 com.android.internal.telephony.ITelephonyRegistry$Stub.onTransact:455 android.os.Binder.execTransactInternal:1184 
12-18 16:01:53.523   926  4601 W ContextImpl: Calling a method in the system process without a qualified user: android.app.ContextImpl.sendBroadcastMultiplePermissions:1256 com.android.server.TelephonyRegistry.broadcastServiceStateChanged:2953 com.android.server.TelephonyRegistry.notifyServiceStateForPhoneId:1678 com.android.internal.telephony.ITelephonyRegistry$Stub.onTransact:455 android.os.Binder.execTransactInternal:1184 
12-18 16:01:53.528   926  4601 W ContextImpl: Calling a method in the system process without a qualified user: android.app.ContextImpl.sendBroadcastMultiplePermissions:1256 com.android.server.TelephonyRegistry.broadcastServiceStateChanged:2962 com.android.server.TelephonyRegistry.notifyServiceStateForPhoneId:1678 com.android.internal.telephony.ITelephonyRegistry$Stub.onTransact:455 android.os.Binder.execTransactInternal:1184 
12-18 16:01:53.532   926  4601 W ContextImpl: Calling a method in the system process without a qualified user: android.app.ContextImpl.sendBroadcastMultiplePermissions:1256 com.android.server.TelephonyRegistry.broadcastServiceStateChanged:2965 com.android.server.TelephonyRegistry.notifyServiceStateForPhoneId:1678 com.android.internal.telephony.ITelephonyRegistry$Stub.onTransact:455 android.os.Binder.execTransactInternal:1184 
12-18 16:02:02.918   926  1125 E DisplayDeviceConfig: requesting nits when no mapping exists.
12-18 16:02:02.918   926  1125 E DisplayDeviceConfig: requesting nits when no mapping exists.
12-18 16:02:08.915   926  1014 I PowerManagerService: Powering off display group due to timeout (groupId= 0, uid= 1000)...
12-18 16:02:08.916   926  1014 I PowerManagerService: Going to sleep due to timeout (uid 1000)...
12-18 16:02:08.919   926  1014 W DreamManagerService: Dream ComponentInfo{com.android.dreams.alwaysondisplay/com.android.dreams.alwaysondisplay.AlwaysOnDisplay} does not exist
12-18 16:02:08.919   926  1014 I PowerManagerService: Sleeping display group (groupId=0, uid=1000)...
12-18 16:02:08.919   926  1014 I PowerManagerService: Sleeping (uid 1000)...
12-18 16:02:08.920   926  1014 I DisplayPowerController[0]: Blocking screen off
12-18 16:02:08.921   926  1014 I DisplayPowerController[0]: Unblocked screen off after 1 ms
12-18 16:02:08.941   926  1003 E KernelCpuSpeedReader: Failed to read cpu-freq: /sys/devices/system/cpu/cpu4/cpufreq/stats/time_in_state: open failed: ENOENT (No such file or directory)
12-18 16:02:08.949   926  1125 E DisplayDeviceConfig: requesting nits when no mapping exists.
12-18 16:02:08.949   926  1125 E DisplayDeviceConfig: requesting nits when no mapping exists.
12-18 16:02:08.959   926   987 I DisplayDeviceRepository: Display device changed state: "Tela integrada", OFF
12-18 16:02:08.980   926  1790 W WindowManager: Changing focus from Window{e896f67 u0 woyou.aidlservice.jiuiv5/com.sunmi.printer.EntryActivityP} to null displayId=0 Callers=com.android.server.wm.RootWindowContainer.updateFocusedWindowLocked:465 com.android.server.wm.WindowManagerService.updateFocusedWindowLocked:5754 com.android.server.wm.ActivityRecord.commitVisibility:4756 com.android.server.wm.ActivityRecord.setVisibility:4695 
12-18 16:04:14.663   926  1003 E KernelCpuSpeedReader: Failed to read cpu-freq: /sys/devices/system/cpu/cpu4/cpufreq/stats/time_in_state: open failed: ENOENT (No such file or directory)
12-18 16:06:38.948   926  1014 W ContextImpl: Calling a method in the system process without a qualified user: android.app.ContextImpl.sendBroadcast:1173 com.sunmi.internal.jobscheduler.InputIdleUtils$1.run:36 android.os.Handler.handleCallback:938 android.os.Handler.dispatchMessage:99 android.os.Looper.loopOnce:201 
12-18 16:09:14.615   926  1003 E KernelCpuSpeedReader: Failed to read cpu-freq: /sys/devices/system/cpu/cpu4/cpufreq/stats/time_in_state: open failed: ENOENT (No such file or directory)
12-18 16:10:42.980   926   995 I UsageStatsService: User[0] Flushing usage stats to disk
12-18 16:14:22.044   926  1003 E KernelCpuSpeedReader: Failed to read cpu-freq: /sys/devices/system/cpu/cpu4/cpufreq/stats/time_in_state: open failed: ENOENT (No such file or directory)
12-18 16:16:13.224   926   926 I ActivityManager: woyou.market is exempt from freezer
12-18 16:16:13.252   926   997 I ActivityManager: Start proc 5963:woyou.market/u0a66 for service {woyou.market/com.sunmi.appstore.core.TimeJobService}
12-18 16:16:13.565  5963  5963 E ActivityThread: Failed to find provider info for com.sunmi.usercenter.status
12-18 16:16:13.567  5963  5963 E ActivityThread: Failed to find provider info for com.sunmi.usercenter.status
12-18 16:16:13.686   926  6646 I ActivityManager: Background started FGS: Allowed [callingPackage: woyou.market; callingUid: 10066; uidState: TRNB; intent: Intent { pkg=woyou.market cmp=woyou.market/com.sunmi.appstore.core.StoreService (has extras) }; code:SYSTEM_ALERT_WINDOW_PERMISSION; tempAllowListReason:<null>; targetSdkVersion:31; callerTargetSdkVersion:31; startForegroundCount:0; bindFromPackage:null]
12-18 16:16:13.713  5963  5963 E ActivityThread: Failed to find provider info for com.sunmi.datacollectprovider.provider
12-18 16:16:13.718  5963  5963 E ActivityThread: Failed to find provider info for com.sunmi.datacollectprovider.provider
12-18 16:16:13.720  5963  5963 E ActivityThread: Failed to find provider info for com.sunmi.datacollectprovider.provider
12-18 16:16:13.722  5963  5963 E ActivityThread: Failed to find provider info for com.sunmi.datacollectprovider.provider
12-18 16:16:13.803   926  4601 I PowerManagerService: Powering on display group fromAsleep (groupId=0, uid=10066, reason=WAKE_REASON_APPLICATION, details=Notification)...
12-18 16:16:13.803   926  4601 I PowerManagerService: Waking up from Asleep (uid=10066, reason=WAKE_REASON_APPLICATION, details=Notification)...
12-18 16:16:13.819   926  4601 E AppOps  : noteOperation
12-18 16:16:13.819   926  4601 E AppOps  : java.lang.SecurityException: Specified package android under uid 10066 but it is not
12-18 16:16:13.819   926  4601 E AppOps  : 	at com.android.server.appop.AppOpsService.verifyAndGetBypass(AppOpsService.java:4715)
12-18 16:16:13.819   926  4601 E AppOps  : 	at com.android.server.appop.AppOpsService.noteOperationUnchecked(AppOpsService.java:3505)
12-18 16:16:13.819   926  4601 E AppOps  : 	at com.android.server.appop.AppOpsService.noteOperationImpl(AppOpsService.java:3493)
12-18 16:16:13.819   926  4601 E AppOps  : 	at com.android.server.appop.AppOpsService.access$4000(AppOpsService.java:218)
12-18 16:16:13.819   926  4601 E AppOps  : 	at com.android.server.appop.AppOpsService$CheckOpsDelegateDispatcher.lambda$noteOperation$4(AppOpsService.java:7707)
12-18 16:16:13.819   926  4601 E AppOps  : 	at com.android.server.appop.AppOpsService$CheckOpsDelegateDispatcher$$ExternalSyntheticLambda5.apply(Unknown Source:33)
12-18 16:16:13.819   926  4601 E AppOps  : 	at com.android.server.policy.AppOpsPolicy.noteOperation(AppOpsPolicy.java:221)
12-18 16:16:13.819   926  4601 E AppOps  : 	at com.android.server.appop.AppOpsService$CheckOpsDelegateDispatcher.noteOperation(AppOpsService.java:7705)
12-18 16:16:13.819   926  4601 E AppOps  : 	at com.android.server.appop.AppOpsService.noteOperation(AppOpsService.java:3477)
12-18 16:16:13.819   926  4601 E AppOps  : 	at android.app.AppOpsManager.noteOpNoThrow(AppOpsManager.java:8407)
12-18 16:16:13.819   926  4601 E AppOps  : 	at android.app.AppOpsManager.noteOpNoThrow(AppOpsManager.java:8374)
12-18 16:16:13.819   926  4601 E AppOps  : 	at com.android.server.power.Notifier.onWakeUp(Notifier.java:573)
12-18 16:16:13.819   926  4601 E AppOps  : 	at com.android.server.power.PowerManagerService.setGlobalWakefulnessLocked(PowerManagerService.java:2093)
12-18 16:16:13.819   926  4601 E AppOps  : 	at com.android.server.power.PowerManagerService.setWakefulnessLocked(PowerManagerService.java:2018)
12-18 16:16:13.819   926  4601 E AppOps  : 	at com.android.server.power.PowerManagerService.wakeDisplayGroupNoUpdateLocked(PowerManagerService.java:1886)
12-18 16:16:13.819   926  4601 E AppOps  : 	at com.android.server.power.PowerManagerService.applyWakeLockFlagsOnAcquireLocked(PowerManagerService.java:1505)
12-18 16:16:13.819   926  4601 E AppOps  : 	at com.android.server.power.PowerManagerService.acquireWakeLockInternal(PowerManagerService.java:1444)
12-18 16:16:13.819   926  4601 E AppOps  : 	at com.android.server.power.PowerManagerService.access$4600(PowerManagerService.java:140)
12-18 16:16:13.819   926  4601 E AppOps  : 	at com.android.server.power.PowerManagerService$BinderService.acquireWakeLock(PowerManagerService.java:5221)
12-18 16:16:13.819   926  4601 E AppOps  : 	at android.os.PowerManager$WakeLock.acquireLocked(PowerManager.java:2720)
12-18 16:16:13.819   926  4601 E AppOps  : 	at android.os.PowerManager$WakeLock.acquire(PowerManager.java:2702)
12-18 16:16:13.819   926  4601 E AppOps  : 	at com.android.server.notification.NotificationManagerService.enqueueNotificationInternal(NotificationManagerService.java:6399)
12-18 16:16:13.819   926  4601 E AppOps  : 	at com.android.server.notification.NotificationManagerService.enqueueNotificationInternal(NotificationManagerService.java:6198)
12-18 16:16:13.819   926  4601 E AppOps  : 	at com.android.server.notification.NotificationManagerService$11.enqueueNotificationWithTag(NotificationManagerService.java:3402)
12-18 16:16:13.819   926  4601 E AppOps  : 	at android.app.INotificationManager$Stub.onTransact(INotificationManager.java:1270)
12-18 16:16:13.819   926  4601 E AppOps  : 	at android.os.Binder.execTransactInternal(Binder.java:1179)
12-18 16:16:13.819   926  4601 E AppOps  : 	at android.os.Binder.execTransact(Binder.java:1143)
12-18 16:16:13.827   926  4601 E AppOps  : startOperation
12-18 16:16:13.827   926  4601 E AppOps  : java.lang.SecurityException: Specified package android under uid 10066 but it is not
12-18 16:16:13.827   926  4601 E AppOps  : 	at com.android.server.appop.AppOpsService.verifyAndGetBypass(AppOpsService.java:4715)
12-18 16:16:13.827   926  4601 E AppOps  : 	at com.android.server.appop.AppOpsService.startOperationUnchecked(AppOpsService.java:4030)
12-18 16:16:13.827   926  4601 E AppOps  : 	at com.android.server.appop.AppOpsService.startOperationImpl(AppOpsService.java:3919)
12-18 16:16:13.827   926  4601 E AppOps  : 	at com.android.server.appop.AppOpsService.access$4200(AppOpsService.java:218)
12-18 16:16:13.827   926  4601 E AppOps  : 	at com.android.server.appop.AppOpsService$CheckOpsDelegateDispatcher.lambda$startOperation$8(AppOpsService.java:7772)
12-18 16:16:13.827   926  4601 E AppOps  : 	at com.android.server.appop.AppOpsService$CheckOpsDelegateDispatcher$$ExternalSyntheticLambda23.apply(Unknown Source:53)
12-18 16:16:13.827   926  4601 E AppOps  : 	at com.android.server.policy.AppOpsPolicy.startOperation(AppOpsPolicy.java:246)
12-18 16:16:13.827   926  4601 E AppOps  : 	at com.android.server.appop.AppOpsService$CheckOpsDelegateDispatcher.startOperation(AppOpsService.java:7769)
12-18 16:16:13.827   926  4601 E AppOps  : 	at com.android.server.appop.AppOpsService.startOperation(AppOpsService.java:3888)
12-18 16:16:13.827   926  4601 E AppOps  : 	at android.app.AppOpsManager.startOpNoThrow(AppOpsManager.java:8912)
12-18 16:16:13.827   926  4601 E AppOps  : 	at android.app.AppOpsManager.startOpNoThrow(AppOpsManager.java:8888)
12-18 16:16:13.827   926  4601 E AppOps  : 	at android.app.AppOpsManager.startOpNoThrow(AppOpsManager.java:8877)
12-18 16:16:13.827   926  4601 E AppOps  : 	at android.app.AppOpsManager.startOpNoThrow(AppOpsManager.java:8846)
12-18 16:16:13.827   926  4601 E AppOps  : 	at com.android.server.power.Notifier.onWakeLockAcquired(Notifier.java:233)
12-18 16:16:13.827   926  4601 E AppOps  : 	at com.android.server.power.PowerManagerService.notifyWakeLockAcquiredLocked(PowerManagerService.java:1622)
12-18 16:16:13.827   926  4601 E AppOps  : 	at com.android.server.power.PowerManagerService.acquireWakeLockInternal(PowerManagerService.java:1453)
12-18 16:16:13.827   926  4601 E AppOps  : 	at com.android.server.power.PowerManagerService.access$4600(PowerManagerService.java:140)
12-18 16:16:13.827   926  4601 E AppOps  : 	at com.android.server.power.PowerManagerService$BinderService.acquireWakeLock(PowerManagerService.java:5221)
12-18 16:16:13.827   926  4601 E AppOps  : 	at android.os.PowerManager$WakeLock.acquireLocked(PowerManager.java:2720)
12-18 16:16:13.827   926  4601 E AppOps  : 	at android.os.PowerManager$WakeLock.acquire(PowerManager.java:2702)
12-18 16:16:13.827   926  4601 E AppOps  : 	at com.android.server.notification.NotificationManagerService.enqueueNotificationInternal(NotificationManagerService.java:6399)
12-18 16:16:13.827   926  4601 E AppOps  : 	at com.android.server.notification.NotificationManagerService.enqueueNotificationInternal(NotificationManagerService.java:6198)
12-18 16:16:13.827   926  4601 E AppOps  : 	at com.android.server.notification.NotificationManagerService$11.enqueueNotificationWithTag(NotificationManagerService.java:3402)
12-18 16:16:13.827   926  4601 E AppOps  : 	at android.app.INotificationManager$Stub.onTransact(INotificationManager.java:1270)
12-18 16:16:13.827   926  4601 E AppOps  : 	at android.os.Binder.execTransactInternal(Binder.java:1179)
12-18 16:16:13.827   926  4601 E AppOps  : 	at android.os.Binder.execTransact(Binder.java:1143)
12-18 16:16:13.832   926  1014 W ContextImpl: Calling a method in the system process without a qualified user: android.app.ContextImpl.sendBroadcast:1173 com.sunmi.internal.jobscheduler.InputIdleUtils$1.run:36 android.os.Handler.handleCallback:938 android.os.Handler.dispatchMessage:99 android.os.Looper.loopOnce:201 
12-18 16:16:13.834   926  1014 I DisplayPowerController[0]: Blocking screen on until initial contents have been drawn.
12-18 16:16:13.836   926  6646 W ActivityManager: Foreground service started from background can not have location/camera/microphone access: service woyou.market/com.sunmi.appstore.core.StoreService
12-18 16:16:13.892   926   987 I DisplayDeviceRepository: Display device changed state: "Tela integrada", ON
12-18 16:16:13.917   926  1014 I DisplayPowerController[0]: Unblocked screen on after 83 ms
12-18 16:16:13.933   926  1003 E KernelCpuSpeedReader: Failed to read cpu-freq: /sys/devices/system/cpu/cpu4/cpufreq/stats/time_in_state: open failed: ENOENT (No such file or directory)
12-18 16:16:14.002   926  4601 W WindowManager: Changing focus from null to Window{e896f67 u0 woyou.aidlservice.jiuiv5/com.sunmi.printer.EntryActivityP} displayId=0 Callers=com.android.server.wm.RootWindowContainer.updateFocusedWindowLocked:465 com.android.server.wm.WindowManagerService.updateFocusedWindowLocked:5754 com.android.server.wm.WindowManagerService.relayoutWindow:2476 com.android.server.wm.Session.relayout:235 
12-18 16:16:14.003   926  4601 I WindowManager: Relayout Window{e896f67 u0 woyou.aidlservice.jiuiv5/com.sunmi.printer.EntryActivityP}: oldVis=4 newVis=0 focusMayChange = true requestedWidth = 720 requestedHeight = 1440 outFrames = ClientWindowFrames{frame=[0,0][720,1440] display=[0,0][720,1440] backdrop=[0,0][720,1440]} outSurfaceControl = Surface(name=woyou.aidlservice.jiuiv5/com.sunmi.printer.EntryActivityP)/@0x3febabe
12-18 16:16:14.111   926  1014 W PowerManagerService: Screen on took 308 ms
12-18 16:16:14.111   926  1125 E DisplayDeviceConfig: requesting nits when no mapping exists.
12-18 16:16:14.111   926  1125 E DisplayDeviceConfig: requesting nits when no mapping exists.
12-18 16:16:14.114   926   926 I NotificationService: Cannot find enqueued record for key: 0|woyou.market|1|null|10066
12-18 16:16:14.400   926  1657 I ActivityManager: Killing 5963:woyou.market/u0a66 (adj 905): empty #3
12-18 16:16:15.839   926   926 E AppOps  : Cannot finishOperation
12-18 16:16:15.839   926   926 E AppOps  : java.lang.SecurityException: Specified package android under uid 10066 but it is not
12-18 16:16:15.839   926   926 E AppOps  : 	at com.android.server.appop.AppOpsService.verifyAndGetBypass(AppOpsService.java:4715)
12-18 16:16:15.839   926   926 E AppOps  : 	at com.android.server.appop.AppOpsService.verifyAndGetBypass(AppOpsService.java:4607)
12-18 16:16:15.839   926   926 E AppOps  : 	at com.android.server.appop.AppOpsService.finishOperationUnchecked(AppOpsService.java:4203)
12-18 16:16:15.839   926   926 E AppOps  : 	at com.android.server.appop.AppOpsService.finishOperationImpl(AppOpsService.java:4147)
12-18 16:16:15.839   926   926 E AppOps  : 	at com.android.server.appop.AppOpsService.access$4400(AppOpsService.java:218)
12-18 16:16:15.839   926   926 E AppOps  : 	at com.android.server.appop.AppOpsService$CheckOpsDelegateDispatcher.lambda$finishOperation$12(AppOpsService.java:7843)
12-18 16:16:15.839   926   926 E AppOps  : 	at com.android.server.appop.AppOpsService$CheckOpsDelegateDispatcher$$ExternalSyntheticLambda14.accept(Unknown Source:21)
12-18 16:16:15.839   926   926 E AppOps  : 	at com.android.server.policy.AppOpsPolicy.finishOperation(AppOpsPolicy.java:271)
12-18 16:16:15.839   926   926 E AppOps  : 	at com.android.server.appop.AppOpsService$CheckOpsDelegateDispatcher.finishOperation(AppOpsService.java:7842)
12-18 16:16:15.839   926   926 E AppOps  : 	at com.android.server.appop.AppOpsService.finishOperation(AppOpsService.java:4132)
12-18 16:16:15.839   926   926 E AppOps  : 	at android.app.AppOpsManager.finishOp(AppOpsManager.java:9124)
12-18 16:16:15.839   926   926 E AppOps  : 	at android.app.AppOpsManager.finishOp(AppOpsManager.java:9113)
12-18 16:16:15.839   926   926 E AppOps  : 	at android.app.AppOpsManager.finishOp(AppOpsManager.java:9103)
12-18 16:16:15.839   926   926 E AppOps  : 	at com.android.server.power.Notifier.onWakeLockReleased(Notifier.java:349)
12-18 16:16:15.839   926   926 E AppOps  : 	at com.android.server.power.PowerManagerService.notifyWakeLockReleasedLocked(PowerManagerService.java:1679)
12-18 16:16:15.839   926   926 E AppOps  : 	at com.android.server.power.PowerManagerService.removeWakeLockLocked(PowerManagerService.java:1563)
12-18 16:16:15.839   926   926 E AppOps  : 	at com.android.server.power.PowerManagerService.releaseWakeLockInternal(PowerManagerService.java:1535)
12-18 16:16:15.839   926   926 E AppOps  : 	at com.android.server.power.PowerManagerService.access$4700(PowerManagerService.java:140)
12-18 16:16:15.839   926   926 E AppOps  : 	at com.android.server.power.PowerManagerService$BinderService.releaseWakeLock(PowerManagerService.java:5244)
12-18 16:16:15.839   926   926 E AppOps  : 	at android.os.PowerManager$WakeLock.release(PowerManager.java:2768)
12-18 16:16:15.839   926   926 E AppOps  : 	at android.os.PowerManager$WakeLock.lambda$new$0$PowerManager$WakeLock(PowerManager.java:2632)
12-18 16:16:15.839   926   926 E AppOps  : 	at android.os.PowerManager$WakeLock$$ExternalSyntheticLambda0.run(Unknown Source:2)
12-18 16:16:15.839   926   926 E AppOps  : 	at android.os.Handler.handleCallback(Handler.java:938)
12-18 16:16:15.839   926   926 E AppOps  : 	at android.os.Handler.dispatchMessage(Handler.java:99)
12-18 16:16:15.839   926   926 E AppOps  : 	at android.os.Looper.loopOnce(Looper.java:201)
12-18 16:16:15.839   926   926 E AppOps  : 	at android.os.Looper.loop(Looper.java:288)
12-18 16:16:15.839   926   926 E AppOps  : 	at com.android.server.SystemServer.run(SystemServer.java:925)
12-18 16:16:15.839   926   926 E AppOps  : 	at com.android.server.SystemServer.main(SystemServer.java:621)
12-18 16:16:15.839   926   926 E AppOps  : 	at java.lang.reflect.Method.invoke(Native Method)
12-18 16:16:15.839   926   926 E AppOps  : 	at com.android.internal.os.RuntimeInit$MethodAndArgsCaller.run(RuntimeInit.java:568)
12-18 16:16:15.839   926   926 E AppOps  : 	at com.android.internal.os.ZygoteInit.main(ZygoteInit.java:1023)
12-18 16:16:37.810   926  1125 E DisplayDeviceConfig: requesting nits when no mapping exists.
12-18 16:16:37.810   926  1125 E DisplayDeviceConfig: requesting nits when no mapping exists.
12-18 16:16:43.806   926  1014 I PowerManagerService: Powering off display group due to timeout (groupId= 0, uid= 1000)...
12-18 16:16:43.807   926  1014 I PowerManagerService: Going to sleep due to timeout (uid 1000)...
12-18 16:16:43.811   926  1014 W DreamManagerService: Dream ComponentInfo{com.android.dreams.alwaysondisplay/com.android.dreams.alwaysondisplay.AlwaysOnDisplay} does not exist
12-18 16:16:43.812   926  1014 I PowerManagerService: Sleeping display group (groupId=0, uid=1000)...
12-18 16:16:43.812   926  1014 I PowerManagerService: Sleeping (uid 1000)...
12-18 16:16:43.813   926  1014 I DisplayPowerController[0]: Blocking screen off
12-18 16:16:43.814   926  1014 I DisplayPowerController[0]: Unblocked screen off after 1 ms
12-18 16:16:43.827   926  1125 E DisplayDeviceConfig: requesting nits when no mapping exists.
12-18 16:16:43.827   926  1125 E DisplayDeviceConfig: requesting nits when no mapping exists.
12-18 16:16:43.838   926   987 I DisplayDeviceRepository: Display device changed state: "Tela integrada", OFF
12-18 16:16:43.865   926  1003 E KernelCpuSpeedReader: Failed to read cpu-freq: /sys/devices/system/cpu/cpu4/cpufreq/stats/time_in_state: open failed: ENOENT (No such file or directory)
12-18 16:16:43.896   926  6646 W WindowManager: Changing focus from Window{e896f67 u0 woyou.aidlservice.jiuiv5/com.sunmi.printer.EntryActivityP} to null displayId=0 Callers=com.android.server.wm.RootWindowContainer.updateFocusedWindowLocked:465 com.android.server.wm.WindowManagerService.updateFocusedWindowLocked:5754 com.android.server.wm.ActivityRecord.commitVisibility:4756 com.android.server.wm.ActivityRecord.setVisibility:4695 
12-18 16:19:13.649   926  1003 E KernelCpuSpeedReader: Failed to read cpu-freq: /sys/devices/system/cpu/cpu4/cpufreq/stats/time_in_state: open failed: ENOENT (No such file or directory)
12-18 16:22:56.761   926  4601 W ContextImpl: Calling a method in the system process without a qualified user: android.app.ContextImpl.sendBroadcastMultiplePermissions:1206 com.android.server.TelephonyRegistry.broadcastServiceStateChanged:2950 com.android.server.TelephonyRegistry.notifyServiceStateForPhoneId:1678 com.android.internal.telephony.ITelephonyRegistry$Stub.onTransact:455 android.os.Binder.execTransactInternal:1184 
12-18 16:22:56.763   926  4601 W ContextImpl: Calling a method in the system process without a qualified user: android.app.ContextImpl.sendBroadcastMultiplePermissions:1256 com.android.server.TelephonyRegistry.broadcastServiceStateChanged:2953 com.android.server.TelephonyRegistry.notifyServiceStateForPhoneId:1678 com.android.internal.telephony.ITelephonyRegistry$Stub.onTransact:455 android.os.Binder.execTransactInternal:1184 
12-18 16:22:56.773   926  4601 W ContextImpl: Calling a method in the system process without a qualified user: android.app.ContextImpl.sendBroadcastMultiplePermissions:1256 com.android.server.TelephonyRegistry.broadcastServiceStateChanged:2962 com.android.server.TelephonyRegistry.notifyServiceStateForPhoneId:1678 com.android.internal.telephony.ITelephonyRegistry$Stub.onTransact:455 android.os.Binder.execTransactInternal:1184 
12-18 16:22:56.776   926  4601 W ContextImpl: Calling a method in the system process without a qualified user: android.app.ContextImpl.sendBroadcastMultiplePermissions:1256 com.android.server.TelephonyRegistry.broadcastServiceStateChanged:2965 com.android.server.TelephonyRegistry.notifyServiceStateForPhoneId:1678 com.android.internal.telephony.ITelephonyRegistry$Stub.onTransact:455 android.os.Binder.execTransactInternal:1184 
12-18 16:24:29.686   926  1003 E KernelCpuSpeedReader: Failed to read cpu-freq: /sys/devices/system/cpu/cpu4/cpufreq/stats/time_in_state: open failed: ENOENT (No such file or directory)
12-18 16:29:22.921   926  1003 E KernelCpuSpeedReader: Failed to read cpu-freq: /sys/devices/system/cpu/cpu4/cpufreq/stats/time_in_state: open failed: ENOENT (No such file or directory)
12-18 16:30:16.252   926  1003 E KernelCpuSpeedReader: Failed to read cpu-freq: /sys/devices/system/cpu/cpu4/cpufreq/stats/time_in_state: open failed: ENOENT (No such file or directory)
12-18 16:30:21.321   926  1005 W ProcessCpuTracker: Failed to stat(/proc/6368): android.system.ErrnoException: stat failed: ENOENT (No such file or directory)
12-18 16:30:21.321   926  1005 W ProcessCpuTracker: Skipping unknown process pid 6368
12-18 16:30:43.086   926   995 I UsageStatsService: User[0] Flushing usage stats to disk
12-18 16:31:15.771   926  4601 W ContextImpl: Calling a method in the system process without a qualified user: android.app.ContextImpl.sendBroadcastMultiplePermissions:1206 com.android.server.TelephonyRegistry.broadcastServiceStateChanged:2950 com.android.server.TelephonyRegistry.notifyServiceStateForPhoneId:1678 com.android.internal.telephony.ITelephonyRegistry$Stub.onTransact:455 android.os.Binder.execTransactInternal:1184 
12-18 16:31:15.772   926  4601 W ContextImpl: Calling a method in the system process without a qualified user: android.app.ContextImpl.sendBroadcastMultiplePermissions:1256 com.android.server.TelephonyRegistry.broadcastServiceStateChanged:2953 com.android.server.TelephonyRegistry.notifyServiceStateForPhoneId:1678 com.android.internal.telephony.ITelephonyRegistry$Stub.onTransact:455 android.os.Binder.execTransactInternal:1184 
12-18 16:31:15.780   926  4601 W ContextImpl: Calling a method in the system process without a qualified user: android.app.ContextImpl.sendBroadcastMultiplePermissions:1256 com.android.server.TelephonyRegistry.broadcastServiceStateChanged:2962 com.android.server.TelephonyRegistry.notifyServiceStateForPhoneId:1678 com.android.internal.telephony.ITelephonyRegistry$Stub.onTransact:455 android.os.Binder.execTransactInternal:1184 
12-18 16:31:15.784   926  4601 W ContextImpl: Calling a method in the system process without a qualified user: android.app.ContextImpl.sendBroadcastMultiplePermissions:1256 com.android.server.TelephonyRegistry.broadcastServiceStateChanged:2965 com.android.server.TelephonyRegistry.notifyServiceStateForPhoneId:1678 com.android.internal.telephony.ITelephonyRegistry$Stub.onTransact:455 android.os.Binder.execTransactInternal:1184 
12-18 16:31:42.627   926  1059 W ContextImpl: Calling a method in the system process without a qualified user: android.app.ContextImpl.sendBroadcast:1173 com.android.server.policy.PhoneWindowManager.interceptKeyBeforeQueueing:3718 com.android.server.wm.InputManagerCallback.interceptKeyBeforeQueueing:149 com.android.server.input.InputManagerService.interceptKeyBeforeQueueing:2811 <bottom of call stack> 
12-18 16:31:42.637   926  1059 W ContextImpl: Calling a method in the system process without a qualified user: android.app.ContextImpl.sendBroadcast:1173 com.android.server.policy.PhoneWindowManager.interceptKeyBeforeQueueing:3718 com.android.server.wm.InputManagerCallback.interceptKeyBeforeQueueing:149 com.android.server.input.InputManagerService.interceptKeyBeforeQueueing:2811 <bottom of call stack> 
12-18 16:31:42.715   926  1059 W ContextImpl: Calling a method in the system process without a qualified user: android.app.ContextImpl.sendBroadcast:1173 com.android.server.policy.PhoneWindowManager.interceptKeyBeforeQueueing:3723 com.android.server.wm.InputManagerCallback.interceptKeyBeforeQueueing:149 com.android.server.input.InputManagerService.interceptKeyBeforeQueueing:2811 <bottom of call stack> 
12-18 16:31:42.719   926  1059 W ContextImpl: Calling a method in the system process without a qualified user: android.app.ContextImpl.sendBroadcast:1173 com.android.server.policy.PhoneWindowManager.interceptKeyBeforeQueueing:3723 com.android.server.wm.InputManagerCallback.interceptKeyBeforeQueueing:149 com.android.server.input.InputManagerService.interceptKeyBeforeQueueing:2811 <bottom of call stack> 
12-18 16:31:42.814   926  1059 W ContextImpl: Calling a method in the system process without a qualified user: android.app.ContextImpl.sendBroadcast:1173 com.android.server.policy.PhoneWindowManager.interceptKeyBeforeQueueing:3718 com.android.server.wm.InputManagerCallback.interceptKeyBeforeQueueing:149 com.android.server.input.InputManagerService.interceptKeyBeforeQueueing:2811 <bottom of call stack> 
12-18 16:31:42.818   926  1059 W ContextImpl: Calling a method in the system process without a qualified user: android.app.ContextImpl.sendBroadcast:1173 com.android.server.policy.PhoneWindowManager.interceptKeyBeforeQueueing:3718 com.android.server.wm.InputManagerCallback.interceptKeyBeforeQueueing:149 com.android.server.input.InputManagerService.interceptKeyBeforeQueueing:2811 <bottom of call stack> 
12-18 16:31:43.609   926  1059 W ContextImpl: Calling a method in the system process without a qualified user: android.app.ContextImpl.sendBroadcast:1173 com.android.server.policy.PhoneWindowManager.interceptKeyBeforeQueueing:3723 com.android.server.wm.InputManagerCallback.interceptKeyBeforeQueueing:149 com.android.server.input.InputManagerService.interceptKeyBeforeQueueing:2811 <bottom of call stack> 
12-18 16:31:43.614   926  1059 W ContextImpl: Calling a method in the system process without a qualified user: android.app.ContextImpl.sendBroadcast:1173 com.android.server.policy.PhoneWindowManager.interceptKeyBeforeQueueing:3723 com.android.server.wm.InputManagerCallback.interceptKeyBeforeQueueing:149 com.android.server.input.InputManagerService.interceptKeyBeforeQueueing:2811 <bottom of call stack> 
12-18 16:31:43.908   926  1059 W ContextImpl: Calling a method in the system process without a qualified user: android.app.ContextImpl.sendBroadcast:1173 com.android.server.policy.PhoneWindowManager.interceptKeyBeforeQueueing:3718 com.android.server.wm.InputManagerCallback.interceptKeyBeforeQueueing:149 com.android.server.input.InputManagerService.interceptKeyBeforeQueueing:2811 <bottom of call stack> 
12-18 16:31:43.912   926  1059 W ContextImpl: Calling a method in the system process without a qualified user: android.app.ContextImpl.sendBroadcast:1173 com.android.server.policy.PhoneWindowManager.interceptKeyBeforeQueueing:3718 com.android.server.wm.InputManagerCallback.interceptKeyBeforeQueueing:149 com.android.server.input.InputManagerService.interceptKeyBeforeQueueing:2811 <bottom of call stack> 
12-18 16:31:44.020   926  1014 I PowerManagerService: Powering on display group fromAsleep (groupId=0, uid=1000, reason=WAKE_REASON_PLUGGED_IN, details=android.server.power:PLUGGED:false)...
12-18 16:31:44.020   926  1014 I PowerManagerService: Waking up from Asleep (uid=1000, reason=WAKE_REASON_PLUGGED_IN, details=android.server.power:PLUGGED:false)...
12-18 16:31:44.039   926  1014 I DisplayPowerController[0]: Blocking screen on until initial contents have been drawn.
12-18 16:31:44.074   926   987 I DisplayDeviceRepository: Display device changed state: "Tela integrada", ON
12-18 16:31:44.114   926  1003 E KernelCpuSpeedReader: Failed to read cpu-freq: /sys/devices/system/cpu/cpu4/cpufreq/stats/time_in_state: open failed: ENOENT (No such file or directory)
12-18 16:31:44.157   926  1014 I DisplayPowerController[0]: Unblocked screen on after 118 ms
12-18 16:31:44.184   926  6646 W WindowManager: Changing focus from null to Window{e896f67 u0 woyou.aidlservice.jiuiv5/com.sunmi.printer.EntryActivityP} displayId=0 Callers=com.android.server.wm.RootWindowContainer.updateFocusedWindowLocked:465 com.android.server.wm.WindowManagerService.updateFocusedWindowLocked:5754 com.android.server.wm.WindowManagerService.relayoutWindow:2476 com.android.server.wm.Session.relayout:235 
12-18 16:31:44.185   926  6646 I WindowManager: Relayout Window{e896f67 u0 woyou.aidlservice.jiuiv5/com.sunmi.printer.EntryActivityP}: oldVis=4 newVis=0 focusMayChange = true requestedWidth = 720 requestedHeight = 1440 outFrames = ClientWindowFrames{frame=[0,0][720,1440] display=[0,0][720,1440] backdrop=[0,0][720,1440]} outSurfaceControl = Surface(name=woyou.aidlservice.jiuiv5/com.sunmi.printer.EntryActivityP)/@0xbd5c563
12-18 16:31:44.286   926  1125 E DisplayDeviceConfig: requesting nits when no mapping exists.
12-18 16:31:44.286   926  1125 E DisplayDeviceConfig: requesting nits when no mapping exists.
12-18 16:31:44.292   926  1014 W PowerManagerService: Screen on took 274 ms
12-18 16:31:44.377   926  1003 E KernelCpuSpeedReader: Failed to read cpu-freq: /sys/devices/system/cpu/cpu4/cpufreq/stats/time_in_state: open failed: ENOENT (No such file or directory)
12-18 16:31:44.404   926  1059 W ContextImpl: Calling a method in the system process without a qualified user: android.app.ContextImpl.sendBroadcast:1173 com.android.server.policy.PhoneWindowManager.interceptKeyBeforeQueueing:3723 com.android.server.wm.InputManagerCallback.interceptKeyBeforeQueueing:149 com.android.server.input.InputManagerService.interceptKeyBeforeQueueing:2811 <bottom of call stack> 
