12-18 21:13:05.392   414  8845 I resolv  : get_timeout: using timeout of 5000 msec
12-18 21:13:05.392   414  8845 I resolv  : retrying_poll: 55 retrying_poll
12-18 21:13:05.392   414  8846 I resolv  : res_stats_usable_server: NS stats: S 8 + E 0 + T 0 + I 0 = 8, rtt = 217, min_samples = 8
12-18 21:13:05.392   414  8846 I resolv  : res_stats_usable_server: success rate 100
12-18 21:13:05.393   414  8846 I resolv  : res_stats_usable_server: NS stats: S 0 + E 0 + T 0 + I 0 = 0, rtt = -1, min_samples = 8
12-18 21:13:05.393   414  8846 I resolv  : get_timeout: using timeout of 5000 msec
12-18 21:13:05.394   414  8846 I resolv  : retrying_poll: 56 retrying_poll
12-18 21:13:05.397   414  8846 I resolv  : retrying_poll: 56 retrying_poll returning 1
12-18 21:13:05.397   414  8846 I resolv  : res_nsend: used send_dg 51 terrno: 0
12-18 21:13:05.397   414  8846 I resolv  : res_stats_set_sample: rcode = 0, sec = 3
12-18 21:13:05.398   414  8846 I resolv  : res_cache_add_stats_sample_locked: adding sample to stats, next = 8, count = 8
12-18 21:13:05.398   414  8846 I resolv  : answer_getTTL: TTL = 50
12-18 21:13:05.398   414  8846 I resolv  : _cache_add_p: entry 12 added (count=12)
12-18 21:13:05.398   414  8846 I resolv  : cache_dump_mru_locked: MRU LIST (12):  12 11 10 9 8 7 6 5 4 3 2 1
12-18 21:13:05.405  8843  8843 W MTK_FG_FUEL: fd < 0, init first!
12-18 21:13:05.405  8843  8843 W MTK_FG_FUEL: init failed, return!
12-18 21:13:05.451   414  8845 I resolv  : retrying_poll: 55 retrying_poll returning 1
12-18 21:13:05.451   414  8845 I resolv  : res_nsend: used send_dg 63 terrno: 0
12-18 21:13:05.451   414  8845 I resolv  : res_stats_set_sample: rcode = 0, sec = 59
12-18 21:13:05.451   414  8845 I resolv  : res_cache_add_stats_sample_locked: adding sample to stats, next = 9, count = 9
12-18 21:13:05.451   414  8845 I resolv  : answer_getTTL: TTL = 259
12-18 21:13:05.451   414  8845 I resolv  : _cache_add_p: entry 13 added (count=13)
12-18 21:13:05.451   414  8845 I resolv  : cache_dump_mru_locked: MRU LIST (13):  13 12 11 10 9 8 7 6 5 4 3 2 1
12-18 21:13:05.665   443   443 I BufferQueueProducer: [ao.gdse.arenaticket.vendas/ao.gdse.arenaticket.vendas.MainActivity#0](this:0xb2790d44,id:-1,api:0,p:-1,c:443) queueBuffer: fps=9.67 dur=1860.65 max=1583.24 min=16.14
12-18 21:13:05.667   426   601 I hwcomposer: [HWCDisplay] [Display_0 (type:1)] fps:9.676169,dur:1860.24,max:1583.06,min:15.85  
12-18 21:13:05.741  8377  8377 I WifiHAL : Get link layer stats
12-18 21:13:05.741  8377  8377 I WifiHAL : GetLinkStatsCommand::create
12-18 21:13:05.742  8377  8377 I android.hardware.wifi@1.0-service-lazy: WifiCommand::requestResponse err=-14
12-18 21:13:05.742  8377  8377 I WifiHAL : wifi_get_link_stats: result=-1
12-18 21:13:05.743   926  1072 E WifiVendorHal: getWifiLinkLayerStats_1_5_Internal(l.1191) failed {.code = ERROR_UNKNOWN, .description = unknown}
12-18 21:13:06.443   434   493 I libPowerHal: [perfLockAcq] idx:0 hdl:2589 hint:25 pid:434 duration:10000 lock_user:mtkpower@1.0-se => ret_hdl:2589
12-18 21:13:06.443   434   493 I libPowerHal: MTKPOWER_HINT_APP_TOUCH: cpu_ctrl set cpu freq: 2001000 -1
12-18 21:13:06.444   434   493 I libPowerHal: [PE] MTKPOWER_HINT_APP_TOUCH update cmd:3408600 param:1
12-18 21:13:06.494   434   493 I libPowerHal: [perfLockRel] hdl:2589, idx:0
12-18 21:13:06.495   434   493 I libPowerHal: MTKPOWER_HINT_APP_TOUCH: cpu_ctrl set cpu freq: -1 -1
12-18 21:13:06.495   434   493 I libPowerHal: [PD] MTKPOWER_HINT_APP_TOUCH update cmd:3408600 param:0
12-18 21:13:06.520  8723  8723 W cr_AwAutofillManager: Autofill is disabled: AutofillManager isn't available in given Context.
12-18 21:13:06.610   434   480 I libPerfCtl: xgfGetFPS pid:8723 fps:98
12-18 21:13:06.610   434   480 I libPowerHal: [updateFPS] pid(8723) : 60 => 90
12-18 21:13:06.611   434   493 I libPowerHal: [perfNotifyAppState] pack:ao.gdse.arenaticket.vendas, act:ao.gdse.arenaticket.vendas.MainActivity, state:5, pid:8723, uid:10092, fps:90
12-18 21:13:06.614   434   493 E UxUtility: notifyAppState error = NULL
12-18 21:13:06.614   434   493 I TouchUtility: notifyAppState error = NULL
12-18 21:13:06.628  1541  1541 I LatinIME: Starting input. Cursor position = 0,0
12-18 21:13:06.674  8723  8723 I chromium: [INFO:CONSOLE(1)] " AndroidPrinter bridge disponvel", source:  (1)
12-18 21:13:06.675  8723  8723 I chromium: [INFO:CONSOLE(1)] " AndroidPrinter.isAvailable() = true", source:  (1)
12-18 21:13:06.680  8723  8723 I chromium: [INFO:CONSOLE(1)] "Uncaught TypeError: AndroidPrinter.getDeviceInfo is not a function", source: https://admin.arenaticket.gdse.ao/login?redirect=/vendas (1)
12-18 21:13:06.751   443   510 E BufferQueueDebug: [InputMethod#0](this:0xb2798d44,id:-1,api:0,p:-1,c:-1) id info cannot be read from 'InputMethod#0'
12-18 21:13:06.751   443   510 I BufferQueueDebug: [InputMethod#0](this:0xb2798d44,id:-1,api:0,p:-1,c:-1) BufferQueue core=(443:/system/bin/surfaceflinger)
12-18 21:13:06.761   426   601 I hwcomposer: [HWCDisplay] [Display_0 (type:1)] fps:3.654786,dur:1094.46,max:934.12,min:12.35  
12-18 21:13:06.765   926  5267 I WindowManager: Relayout Window{2cc550e u0 InputMethod}: oldVis=8 newVis=0 focusMayChange = true requestedWidth = 720 requestedHeight = 1392 outFrames = ClientWindowFrames{frame=[0,48][720,1440] display=[0,48][720,1440] backdrop=[0,0][720,1392]} outSurfaceControl = Surface(name=InputMethod)/@0x5affdee
12-18 21:13:06.772  1541  1541 I BufferQueueConsumer: [](id:60500000017,api:0,p:-1,c:1541) connect: controlledByApp=false
12-18 21:13:06.773  1541  1541 I BLASTBufferQueue: [ViewRootImpl[InputMethod]#23] constructor()
12-18 21:13:06.776  1541  1581 I BufferQueueProducer: [ViewRootImpl[InputMethod]#23(BLAST Consumer)23](id:60500000017,api:1,p:1541,c:1541) connect: api=1 producerControlledByApp=true
12-18 21:13:06.808   443   443 I BufferQueueProducer: [ao.gdse.arenaticket.vendas/ao.gdse.arenaticket.vendas.MainActivity#0](this:0xb2790d44,id:-1,api:0,p:-1,c:443) queueBuffer: fps=3.50 dur=1142.22 max=931.25 min=15.41
12-18 21:13:07.118   443   443 I BufferQueueProducer: [NavigationBar0#0](this:0xb3b19d44,id:-1,api:0,p:-1,c:443) queueBuffer: fps=1.23 dur=4064.32 max=3999.07 min=15.89
12-18 21:13:07.216   443   443 I BufferQueueProducer: [StatusBar#0](this:0xb2907d44,id:-1,api:0,p:-1,c:443) queueBuffer: fps=0.48 dur=4129.55 max=4113.08 min=16.47
12-18 21:13:07.612   434   480 I libPerfCtl: xgfGetFPS pid:1133 fps:41
12-18 21:13:07.612   434   480 I libPerfCtl: xgfGetFPS pid:8723 fps:20
12-18 21:13:07.612   434   480 I libPowerHal: [updateFPS] pid(8723) : 90 => 60
12-18 21:13:07.614   434   493 I libPowerHal: [perfNotifyAppState] pack:ao.gdse.arenaticket.vendas, act:ao.gdse.arenaticket.vendas.MainActivity, state:5, pid:8723, uid:10092, fps:60
12-18 21:13:07.616   434   493 E UxUtility: notifyAppState error = NULL
12-18 21:13:07.616   434   493 I TouchUtility: notifyAppState error = NULL
12-18 21:13:07.691   926  8385 E IpReachabilityMonitor: Failed to adjust neighbor parameters
12-18 21:13:07.932   434   493 I libPowerHal: [perfLockAcq] idx:0 hdl:2590 hint:25 pid:434 duration:10000 lock_user:mtkpower@1.0-se => ret_hdl:2590
12-18 21:13:07.933   434   493 I libPowerHal: MTKPOWER_HINT_APP_TOUCH: cpu_ctrl set cpu freq: 2001000 -1
12-18 21:13:07.933   434   493 I libPowerHal: [PE] MTKPOWER_HINT_APP_TOUCH update cmd:3408600 param:1
12-18 21:13:07.983   443   443 I BufferQueueProducer: [InputMethod#0](this:0xb2798d44,id:-1,api:0,p:-1,c:443) queueBuffer: fps=0.89 dur=1126.12 max=1126.12 min=1126.12
12-18 21:13:07.985   426   601 I hwcomposer: [HWCDisplay] [Display_0 (type:1)] fps:17.976711,dur:1223.81,max:389.34,min:15.25  
12-18 21:13:08.002   434   493 I libPowerHal: [perfLockRel] hdl:2590, idx:0
12-18 21:13:08.005   434   493 I libPowerHal: MTKPOWER_HINT_APP_TOUCH: cpu_ctrl set cpu freq: -1 -1
12-18 21:13:08.006   434   493 I libPowerHal: [PD] MTKPOWER_HINT_APP_TOUCH update cmd:3408600 param:0
12-18 21:13:08.079  8723  8723 W cr_AwAutofillManager: Autofill is disabled: AutofillManager isn't available in given Context.
12-18 21:13:08.097   443   443 I BufferQueueProducer: [ao.gdse.arenaticket.vendas/ao.gdse.arenaticket.vendas.MainActivity#0](this:0xb2790d44,id:-1,api:0,p:-1,c:443) queueBuffer: fps=3.88 dur=1289.49 max=523.38 min=32.65
12-18 21:13:08.298   434   493 I libPowerHal: [perfLockAcq] idx:0 hdl:2591 hint:25 pid:434 duration:10000 lock_user:mtkpower@1.0-se => ret_hdl:2591
12-18 21:13:08.299   434   493 I libPowerHal: MTKPOWER_HINT_APP_TOUCH: cpu_ctrl set cpu freq: 2001000 -1
12-18 21:13:08.299   434   493 I libPowerHal: [PE] MTKPOWER_HINT_APP_TOUCH update cmd:3408600 param:1
12-18 21:13:08.371   434   493 I libPowerHal: [perfLockRel] hdl:2591, idx:0
12-18 21:13:08.372   434   493 I libPowerHal: MTKPOWER_HINT_APP_TOUCH: cpu_ctrl set cpu freq: -1 -1
12-18 21:13:08.372   434   493 I libPowerHal: [PD] MTKPOWER_HINT_APP_TOUCH update cmd:3408600 param:0
12-18 21:13:08.534   434   493 I libPowerHal: [perfLockAcq] idx:0 hdl:2592 hint:25 pid:434 duration:10000 lock_user:mtkpower@1.0-se => ret_hdl:2592
12-18 21:13:08.534   434   493 I libPowerHal: MTKPOWER_HINT_APP_TOUCH: cpu_ctrl set cpu freq: 2001000 -1
12-18 21:13:08.535   434   493 I libPowerHal: [PE] MTKPOWER_HINT_APP_TOUCH update cmd:3408600 param:1
12-18 21:13:08.612   434   480 I libPerfCtl: xgfGetFPS pid:1541 fps:15
12-18 21:13:08.616   434   493 I libPowerHal: [perfLockRel] hdl:2592, idx:0
12-18 21:13:08.617   434   493 I libPowerHal: MTKPOWER_HINT_APP_TOUCH: cpu_ctrl set cpu freq: -1 -1
12-18 21:13:08.617   434   493 I libPowerHal: [PD] MTKPOWER_HINT_APP_TOUCH update cmd:3408600 param:0
12-18 21:13:08.766  8377  8377 I WifiHAL : Get link layer stats
12-18 21:13:08.766  8377  8377 I WifiHAL : GetLinkStatsCommand::create
12-18 21:13:08.767  8377  8377 I android.hardware.wifi@1.0-service-lazy: WifiCommand::requestResponse err=-14
12-18 21:13:08.767  8377  8377 I WifiHAL : wifi_get_link_stats: result=-1
12-18 21:13:08.769   926  1072 E WifiVendorHal: getWifiLinkLayerStats_1_5_Internal(l.1191) failed {.code = ERROR_UNKNOWN, .description = unknown}
12-18 21:13:08.798   434   493 I libPowerHal: [perfLockAcq] idx:0 hdl:2593 hint:25 pid:434 duration:10000 lock_user:mtkpower@1.0-se => ret_hdl:2593
12-18 21:13:08.799   434   493 I libPowerHal: MTKPOWER_HINT_APP_TOUCH: cpu_ctrl set cpu freq: 2001000 -1
12-18 21:13:08.799   434   493 I libPowerHal: [PE] MTKPOWER_HINT_APP_TOUCH update cmd:3408600 param:1
12-18 21:13:08.871   434   493 I libPowerHal: [perfLockRel] hdl:2593, idx:0
12-18 21:13:08.872   434   493 I libPowerHal: MTKPOWER_HINT_APP_TOUCH: cpu_ctrl set cpu freq: -1 -1
12-18 21:13:08.872   434   493 I libPowerHal: [PD] MTKPOWER_HINT_APP_TOUCH update cmd:3408600 param:0
12-18 21:13:09.225   434   493 I libPowerHal: [perfLockAcq] idx:0 hdl:2594 hint:25 pid:434 duration:10000 lock_user:mtkpower@1.0-se => ret_hdl:2594
12-18 21:13:09.226   434   493 I libPowerHal: MTKPOWER_HINT_APP_TOUCH: cpu_ctrl set cpu freq: 2001000 -1
12-18 21:13:09.227   434   493 I libPowerHal: [PE] MTKPOWER_HINT_APP_TOUCH update cmd:3408600 param:1
12-18 21:13:09.257   443   443 I BufferQueueProducer: [InputMethod#0](this:0xb2798d44,id:-1,api:0,p:-1,c:443) queueBuffer: fps=6.28 dur=1273.72 max=342.81 min=50.33
12-18 21:13:09.258   426   601 I hwcomposer: [HWCDisplay] [Display_0 (type:1)] fps:9.427892,dur:1272.82,max:326.16,min:16.28  
12-18 21:13:09.318   434   493 I libPowerHal: [perfLockRel] hdl:2594, idx:0
12-18 21:13:09.318   434   493 I libPowerHal: MTKPOWER_HINT_APP_TOUCH: cpu_ctrl set cpu freq: -1 -1
12-18 21:13:09.318   434   493 I libPowerHal: [PD] MTKPOWER_HINT_APP_TOUCH update cmd:3408600 param:0
12-18 21:13:09.373   443   443 I BufferQueueProducer: [ao.gdse.arenaticket.vendas/ao.gdse.arenaticket.vendas.MainActivity#0](this:0xb2790d44,id:-1,api:0,p:-1,c:443) queueBuffer: fps=3.14 dur=1275.89 max=442.90 min=242.79
12-18 21:13:09.612   434   480 I libPerfCtl: xgfGetFPS pid:1541 fps:12
12-18 21:13:09.986   434   493 I libPowerHal: [perfLockAcq] idx:0 hdl:2595 hint:25 pid:434 duration:10000 lock_user:mtkpower@1.0-se => ret_hdl:2595
12-18 21:13:09.986   434   493 I libPowerHal: MTKPOWER_HINT_APP_TOUCH: cpu_ctrl set cpu freq: 2001000 -1
12-18 21:13:09.987   434   493 I libPowerHal: [PE] MTKPOWER_HINT_APP_TOUCH update cmd:3408600 param:1
12-18 21:13:10.078   434   493 I libPowerHal: [perfLockRel] hdl:2595, idx:0
12-18 21:13:10.078   434   493 I libPowerHal: MTKPOWER_HINT_APP_TOUCH: cpu_ctrl set cpu freq: -1 -1
12-18 21:13:10.078   434   493 I libPowerHal: [PD] MTKPOWER_HINT_APP_TOUCH update cmd:3408600 param:0
12-18 21:13:10.280   434   493 I libPowerHal: [perfLockAcq] idx:0 hdl:2596 hint:25 pid:434 duration:10000 lock_user:mtkpower@1.0-se => ret_hdl:2596
12-18 21:13:10.280   434   493 I libPowerHal: MTKPOWER_HINT_APP_TOUCH: cpu_ctrl set cpu freq: 2001000 -1
12-18 21:13:10.280   434   493 I libPowerHal: [PE] MTKPOWER_HINT_APP_TOUCH update cmd:3408600 param:1
12-18 21:13:10.317   443   443 I BufferQueueProducer: [InputMethod#0](this:0xb2798d44,id:-1,api:0,p:-1,c:443) queueBuffer: fps=3.77 dur=1060.16 max=668.40 min=84.01
12-18 21:13:10.318   426   601 I hwcomposer: [HWCDisplay] [Display_0 (type:1)] fps:6.602949,dur:1060.13,max:519.49,min:18.24  
12-18 21:13:10.390   434   493 I libPowerHal: [perfLockRel] hdl:2596, idx:0
12-18 21:13:10.391   434   493 I libPowerHal: MTKPOWER_HINT_APP_TOUCH: cpu_ctrl set cpu freq: -1 -1
12-18 21:13:10.391   434   493 I libPowerHal: [PD] MTKPOWER_HINT_APP_TOUCH update cmd:3408600 param:0
12-18 21:13:10.396  8853  8853 W MTK_FG_FUEL: fd < 0, init first!
12-18 21:13:10.396  8853  8853 W MTK_FG_FUEL: init failed, return!
12-18 21:13:10.451   443   443 I BufferQueueProducer: [ao.gdse.arenaticket.vendas/ao.gdse.arenaticket.vendas.MainActivity#0](this:0xb2790d44,id:-1,api:0,p:-1,c:443) queueBuffer: fps=2.78 dur=1077.60 max=519.65 min=244.94
12-18 21:13:10.610   434   493 I libPowerHal: [perfLockAcq] idx:0 hdl:2597 hint:25 pid:434 duration:10000 lock_user:mtkpower@1.0-se => ret_hdl:2597
12-18 21:13:10.610   434   493 I libPowerHal: MTKPOWER_HINT_APP_TOUCH: cpu_ctrl set cpu freq: 2001000 -1
12-18 21:13:10.611   434   493 I libPowerHal: [PE] MTKPOWER_HINT_APP_TOUCH update cmd:3408600 param:1
12-18 21:13:10.612   434   480 I libPerfCtl: xgfGetFPS pid:1541 fps:11
12-18 21:13:10.721   434   493 I libPowerHal: [perfLockRel] hdl:2597, idx:0
12-18 21:13:10.721   434   493 I libPowerHal: MTKPOWER_HINT_APP_TOUCH: cpu_ctrl set cpu freq: -1 -1
12-18 21:13:10.721   434   493 I libPowerHal: [PD] MTKPOWER_HINT_APP_TOUCH update cmd:3408600 param:0
12-18 21:13:10.923   434   493 I libPowerHal: [perfLockAcq] idx:0 hdl:2598 hint:25 pid:434 duration:10000 lock_user:mtkpower@1.0-se => ret_hdl:2598
12-18 21:13:10.923   434   493 I libPowerHal: MTKPOWER_HINT_APP_TOUCH: cpu_ctrl set cpu freq: 2001000 -1
12-18 21:13:10.923   434   493 I libPowerHal: [PE] MTKPOWER_HINT_APP_TOUCH update cmd:3408600 param:1
12-18 21:13:11.042   434   493 I libPowerHal: [perfLockRel] hdl:2598, idx:0
12-18 21:13:11.042   434   493 I libPowerHal: MTKPOWER_HINT_APP_TOUCH: cpu_ctrl set cpu freq: -1 -1
12-18 21:13:11.042   434   493 I libPowerHal: [PD] MTKPOWER_HINT_APP_TOUCH update cmd:3408600 param:0
12-18 21:13:11.607   443   443 I BufferQueueProducer: [ao.gdse.arenaticket.vendas/ao.gdse.arenaticket.vendas.MainActivity#0](this:0xb2790d44,id:-1,api:0,p:-1,c:443) queueBuffer: fps=2.60 dur=1156.04 max=502.80 min=324.02
12-18 21:13:11.609   426   601 I hwcomposer: [HWCDisplay] [Display_0 (type:1)] fps:6.974293,dur:1290.45,max:503.08,min:16.44  
12-18 21:13:11.797  8377  8377 I WifiHAL : Get link layer stats
12-18 21:13:11.797  8377  8377 I WifiHAL : GetLinkStatsCommand::create
12-18 21:13:11.798  8377  8377 I android.hardware.wifi@1.0-service-lazy: WifiCommand::requestResponse err=-14
12-18 21:13:11.798  8377  8377 I WifiHAL : wifi_get_link_stats: result=-1
12-18 21:13:11.799   926  1072 E WifiVendorHal: getWifiLinkLayerStats_1_5_Internal(l.1191) failed {.code = ERROR_UNKNOWN, .description = unknown}
12-18 21:13:11.827   434   493 I libPowerHal: [perfLockAcq] idx:0 hdl:2599 hint:25 pid:434 duration:10000 lock_user:mtkpower@1.0-se => ret_hdl:2599
12-18 21:13:11.827   434   493 I libPowerHal: MTKPOWER_HINT_APP_TOUCH: cpu_ctrl set cpu freq: 2001000 -1
12-18 21:13:11.828   434   493 I libPowerHal: [PE] MTKPOWER_HINT_APP_TOUCH update cmd:3408600 param:1
12-18 21:13:11.888   434   493 I libPowerHal: [perfLockRel] hdl:2599, idx:0
12-18 21:13:11.889   434   493 I libPowerHal: MTKPOWER_HINT_APP_TOUCH: cpu_ctrl set cpu freq: -1 -1
12-18 21:13:11.889   434   493 I libPowerHal: [PD] MTKPOWER_HINT_APP_TOUCH update cmd:3408600 param:0
12-18 21:13:11.907  8723  8723 W cr_AwAutofillManager: Autofill is disabled: AutofillManager isn't available in given Context.
12-18 21:13:11.933  1541  1541 I LatinIME: Starting input. Cursor position = 0,0
12-18 21:13:11.983   443   443 I BufferQueueProducer: [InputMethod#0](this:0xb2798d44,id:-1,api:0,p:-1,c:443) queueBuffer: fps=3.60 dur=1666.07 max=898.04 min=114.53
12-18 21:13:12.292   443   443 I BufferQueueProducer: [StatusBar#0](this:0xb2907d44,id:-1,api:0,p:-1,c:443) queueBuffer: fps=0.20 dur=5076.35 max=5076.35 min=5076.35
12-18 21:13:12.613   434   480 I libPerfCtl: xgfGetFPS pid:8723 fps:87
12-18 21:13:12.613   434   480 I libPowerHal: [updateFPS] pid(8723) : 60 => 90
12-18 21:13:12.614   434   493 I libPowerHal: [perfNotifyAppState] pack:ao.gdse.arenaticket.vendas, act:ao.gdse.arenaticket.vendas.MainActivity, state:5, pid:8723, uid:10092, fps:90
12-18 21:13:12.616   434   493 E UxUtility: notifyAppState error = NULL
12-18 21:13:12.616   434   493 I TouchUtility: notifyAppState error = NULL
12-18 21:13:12.854   434   493 I mtkpower@impl: [powerd_req] TIMER_MSG_PERF_LOCK_TIMEOUT hdl:2586
12-18 21:13:12.859   434   493 I libPowerHal: [perfLockRel] hdl:2586, idx:-1
12-18 21:13:12.961   443   443 I BufferQueueProducer: [ao.gdse.arenaticket.vendas/ao.gdse.arenaticket.vendas.MainActivity#0](this:0xb2790d44,id:-1,api:0,p:-1,c:443) queueBuffer: fps=2.95 dur=1354.87 max=506.24 min=23.79
12-18 21:13:12.964   426   601 I hwcomposer: [HWCDisplay] [Display_0 (type:1)] fps:4.425656,dur:1355.73,max:507.71,min:9.82  
12-18 21:13:13.127   434   493 I libPowerHal: [perfLockAcq] idx:0 hdl:2600 hint:25 pid:434 duration:10000 lock_user:mtkpower@1.0-se => ret_hdl:2600
12-18 21:13:13.127   434   493 I libPowerHal: MTKPOWER_HINT_APP_TOUCH: cpu_ctrl set cpu freq: 2001000 -1
12-18 21:13:13.132   434   493 I libPowerHal: [PE] MTKPOWER_HINT_APP_TOUCH update cmd:3408600 param:1
12-18 21:13:13.161   434   493 I libPowerHal: [perfLockRel] hdl:2600, idx:0
12-18 21:13:13.161   434   493 I libPowerHal: MTKPOWER_HINT_APP_TOUCH: cpu_ctrl set cpu freq: -1 -1
12-18 21:13:13.162   434   493 I libPowerHal: [PD] MTKPOWER_HINT_APP_TOUCH update cmd:3408600 param:0
12-18 21:13:13.173   443   443 I BufferQueueProducer: [InputMethod#0](this:0xb2798d44,id:-1,api:0,p:-1,c:443) queueBuffer: fps=0.84 dur=1190.48 max=1190.48 min=1190.48
12-18 21:13:13.613   434   480 I libPerfCtl: xgfGetFPS pid:1541 fps:122
12-18 21:13:13.727   434   493 I libPowerHal: [perfLockAcq] idx:0 hdl:2601 hint:25 pid:434 duration:10000 lock_user:mtkpower@1.0-se => ret_hdl:2601
12-18 21:13:13.727   434   493 I libPowerHal: MTKPOWER_HINT_APP_TOUCH: cpu_ctrl set cpu freq: 2001000 -1
12-18 21:13:13.728   434   493 I libPowerHal: [PE] MTKPOWER_HINT_APP_TOUCH update cmd:3408600 param:1
12-18 21:13:13.762   434   493 I libPowerHal: [perfLockRel] hdl:2601, idx:0
12-18 21:13:13.762   434   493 I libPowerHal: MTKPOWER_HINT_APP_TOUCH: cpu_ctrl set cpu freq: -1 -1
12-18 21:13:13.763   434   493 I libPowerHal: [PD] MTKPOWER_HINT_APP_TOUCH update cmd:3408600 param:0
12-18 21:13:14.333   443   443 I BufferQueueProducer: [ao.gdse.arenaticket.vendas/ao.gdse.arenaticket.vendas.MainActivity#0](this:0xb2790d44,id:-1,api:0,p:-1,c:443) queueBuffer: fps=2.19 dur=1371.02 max=520.97 min=344.12
12-18 21:13:14.335   426   601 I hwcomposer: [HWCDisplay] [Display_0 (type:1)] fps:7.297301,dur:1370.37,max:488.12,min:10.39  
12-18 21:13:14.365   434   493 I libPowerHal: [perfLockAcq] idx:0 hdl:2602 hint:25 pid:434 duration:10000 lock_user:mtkpower@1.0-se => ret_hdl:2602
12-18 21:13:14.365   434   493 I libPowerHal: MTKPOWER_HINT_APP_TOUCH: cpu_ctrl set cpu freq: 2001000 -1
12-18 21:13:14.365   434   493 I libPowerHal: [PE] MTKPOWER_HINT_APP_TOUCH update cmd:3408600 param:1
12-18 21:13:14.398   443   443 I BufferQueueProducer: [InputMethod#0](this:0xb2798d44,id:-1,api:0,p:-1,c:443) queueBuffer: fps=6.53 dur=1224.23 max=566.27 min=10.61
12-18 21:13:14.401   434   493 I libPowerHal: [perfLockRel] hdl:2602, idx:0
12-18 21:13:14.401   434   493 I libPowerHal: MTKPOWER_HINT_APP_TOUCH: cpu_ctrl set cpu freq: -1 -1
12-18 21:13:14.401   434   493 I libPowerHal: [PD] MTKPOWER_HINT_APP_TOUCH update cmd:3408600 param:0
12-18 21:13:14.613   434   480 I libPerfCtl: xgfGetFPS pid:1541 fps:67
12-18 21:13:14.818  8377  8377 I WifiHAL : Get link layer stats
12-18 21:13:14.819  8377  8377 I WifiHAL : GetLinkStatsCommand::create
12-18 21:13:14.819  8377  8377 I android.hardware.wifi@1.0-service-lazy: WifiCommand::requestResponse err=-14
12-18 21:13:14.819  8377  8377 I WifiHAL : wifi_get_link_stats: result=-1
12-18 21:13:14.821   926  1072 E WifiVendorHal: getWifiLinkLayerStats_1_5_Internal(l.1191) failed {.code = ERROR_UNKNOWN, .description = unknown}
12-18 21:13:14.889   434   493 I libPowerHal: [perfLockAcq] idx:0 hdl:2603 hint:25 pid:434 duration:10000 lock_user:mtkpower@1.0-se => ret_hdl:2603
12-18 21:13:14.889   434   493 I libPowerHal: MTKPOWER_HINT_APP_TOUCH: cpu_ctrl set cpu freq: 2001000 -1
12-18 21:13:14.890   434   493 I libPowerHal: [PE] MTKPOWER_HINT_APP_TOUCH update cmd:3408600 param:1
12-18 21:13:14.943   434   493 I libPowerHal: [perfLockRel] hdl:2603, idx:0
12-18 21:13:14.944   434   493 I libPowerHal: MTKPOWER_HINT_APP_TOUCH: cpu_ctrl set cpu freq: -1 -1
12-18 21:13:14.944   434   493 I libPowerHal: [PD] MTKPOWER_HINT_APP_TOUCH update cmd:3408600 param:0
12-18 21:13:15.420  8856  8856 W MTK_FG_FUEL: fd < 0, init first!
12-18 21:13:15.420  8856  8856 W MTK_FG_FUEL: init failed, return!
12-18 21:13:15.440   434   493 I libPowerHal: [perfLockAcq] idx:0 hdl:2604 hint:25 pid:434 duration:10000 lock_user:mtkpower@1.0-se => ret_hdl:2604
12-18 21:13:15.441   434   493 I libPowerHal: MTKPOWER_HINT_APP_TOUCH: cpu_ctrl set cpu freq: 2001000 -1
12-18 21:13:15.441   434   493 I libPowerHal: [PE] MTKPOWER_HINT_APP_TOUCH update cmd:3408600 param:1
12-18 21:13:15.475   443   443 I BufferQueueProducer: [InputMethod#0](this:0xb2798d44,id:-1,api:0,p:-1,c:443) queueBuffer: fps=9.28 dur=1077.32 max=455.50 min=14.66
12-18 21:13:15.476   426   601 I hwcomposer: [HWCDisplay] [Display_0 (type:1)] fps:10.510916,dur:1141.67,max:455.11,min:14.07  
12-18 21:13:15.477   434   493 I libPowerHal: [perfLockRel] hdl:2604, idx:0
12-18 21:13:15.478   434   493 I libPowerHal: MTKPOWER_HINT_APP_TOUCH: cpu_ctrl set cpu freq: -1 -1
12-18 21:13:15.478   434   493 I libPowerHal: [PD] MTKPOWER_HINT_APP_TOUCH update cmd:3408600 param:0
12-18 21:13:15.508   443   443 I BufferQueueProducer: [ao.gdse.arenaticket.vendas/ao.gdse.arenaticket.vendas.MainActivity#0](this:0xb2790d44,id:-1,api:0,p:-1,c:443) queueBuffer: fps=3.40 dur=1175.35 max=521.36 min=17.80
12-18 21:13:15.613   434   480 I libPerfCtl: xgfGetFPS pid:1541 fps:49
12-18 21:13:15.614   434   480 I libPerfCtl: xgfGetFPS pid:8723 fps:66
12-18 21:13:15.614   434   480 I libPowerHal: [updateFPS] pid(8723) : 90 => 60
12-18 21:13:15.614   434   493 I libPowerHal: [perfNotifyAppState] pack:ao.gdse.arenaticket.vendas, act:ao.gdse.arenaticket.vendas.MainActivity, state:5, pid:8723, uid:10092, fps:60
12-18 21:13:15.614   434   493 E UxUtility: notifyAppState error = NULL
12-18 21:13:15.614   434   493 I TouchUtility: notifyAppState error = NULL
12-18 21:13:16.233   434   493 I libPowerHal: [perfLockAcq] idx:0 hdl:2605 hint:25 pid:434 duration:10000 lock_user:mtkpower@1.0-se => ret_hdl:2605
12-18 21:13:16.233   434   493 I libPowerHal: MTKPOWER_HINT_APP_TOUCH: cpu_ctrl set cpu freq: 2001000 -1
12-18 21:13:16.234   434   493 I libPowerHal: [PE] MTKPOWER_HINT_APP_TOUCH update cmd:3408600 param:1
12-18 21:13:16.268   434   493 I libPowerHal: [perfLockRel] hdl:2605, idx:0
12-18 21:13:16.269   434   493 I libPowerHal: MTKPOWER_HINT_APP_TOUCH: cpu_ctrl set cpu freq: -1 -1
12-18 21:13:16.269   434   493 I libPowerHal: [PD] MTKPOWER_HINT_APP_TOUCH update cmd:3408600 param:0
12-18 21:13:16.536   443   443 I BufferQueueProducer: [ao.gdse.arenaticket.vendas/ao.gdse.arenaticket.vendas.MainActivity#0](this:0xb2790d44,id:-1,api:0,p:-1,c:443) queueBuffer: fps=2.92 dur=1028.17 max=521.31 min=17.25
12-18 21:13:16.538   426   601 I hwcomposer: [HWCDisplay] [Display_0 (type:1)] fps:7.536006,dur:1061.57,max:505.09,min:16.08  
12-18 21:13:16.613   434   480 I libPerfCtl: xgfGetFPS pid:1541 fps:31
12-18 21:13:17.102   434   493 I libPowerHal: [perfLockAcq] idx:0 hdl:2606 hint:25 pid:434 duration:10000 lock_user:mtkpower@1.0-se => ret_hdl:2606
12-18 21:13:17.102   434   493 I libPowerHal: MTKPOWER_HINT_APP_TOUCH: cpu_ctrl set cpu freq: 2001000 -1
12-18 21:13:17.102   434   493 I libPowerHal: [PE] MTKPOWER_HINT_APP_TOUCH update cmd:3408600 param:1
12-18 21:13:17.138   434   493 I libPowerHal: [perfLockRel] hdl:2606, idx:0
12-18 21:13:17.138   434   493 I libPowerHal: MTKPOWER_HINT_APP_TOUCH: cpu_ctrl set cpu freq: -1 -1
12-18 21:13:17.139   434   493 I libPowerHal: [PD] MTKPOWER_HINT_APP_TOUCH update cmd:3408600 param:0
12-18 21:13:17.142   443   443 I BufferQueueProducer: [InputMethod#0](this:0xb2798d44,id:-1,api:0,p:-1,c:443) queueBuffer: fps=4.20 dur=1667.53 max=834.16 min=16.26
12-18 21:13:17.369   443   443 I BufferQueueProducer: [StatusBar#0](this:0xb2907d44,id:-1,api:0,p:-1,c:443) queueBuffer: fps=0.20 dur=5076.57 max=5076.57 min=5076.57
12-18 21:13:17.614   434   480 I libPerfCtl: xgfGetFPS pid:1541 fps:50
12-18 21:13:17.712   443   443 I BufferQueueProducer: [ao.gdse.arenaticket.vendas/ao.gdse.arenaticket.vendas.MainActivity#0](this:0xb2790d44,id:-1,api:0,p:-1,c:443) queueBuffer: fps=2.55 dur=1176.21 max=506.33 min=163.90
12-18 21:13:17.714   426   601 I hwcomposer: [HWCDisplay] [Display_0 (type:1)] fps:6.800096,dur:1176.45,max:505.94,min:13.88  
12-18 21:13:17.843  8377  8377 I WifiHAL : Get link layer stats
12-18 21:13:17.843  8377  8377 I WifiHAL : GetLinkStatsCommand::create
12-18 21:13:17.844  8377  8377 I android.hardware.wifi@1.0-service-lazy: WifiCommand::requestResponse err=-14
12-18 21:13:17.844  8377  8377 I WifiHAL : wifi_get_link_stats: result=-1
12-18 21:13:17.845   926  1072 E WifiVendorHal: getWifiLinkLayerStats_1_5_Internal(l.1191) failed {.code = ERROR_UNKNOWN, .description = unknown}
12-18 21:13:17.884   434   493 I libPowerHal: [perfLockAcq] idx:0 hdl:2607 hint:25 pid:434 duration:10000 lock_user:mtkpower@1.0-se => ret_hdl:2607
12-18 21:13:17.884   434   493 I libPowerHal: MTKPOWER_HINT_APP_TOUCH: cpu_ctrl set cpu freq: 2001000 -1
12-18 21:13:17.885   434   493 I libPowerHal: [PE] MTKPOWER_HINT_APP_TOUCH update cmd:3408600 param:1
12-18 21:13:17.957   434   493 I libPowerHal: [perfLockRel] hdl:2607, idx:0
12-18 21:13:17.958   434   493 I libPowerHal: MTKPOWER_HINT_APP_TOUCH: cpu_ctrl set cpu freq: -1 -1
12-18 21:13:17.958   434   493 I libPowerHal: [PD] MTKPOWER_HINT_APP_TOUCH update cmd:3408600 param:0
12-18 21:13:18.541   434   493 I libPowerHal: [perfLockAcq] idx:0 hdl:2608 hint:25 pid:434 duration:10000 lock_user:mtkpower@1.0-se => ret_hdl:2608
12-18 21:13:18.541   434   493 I libPowerHal: MTKPOWER_HINT_APP_TOUCH: cpu_ctrl set cpu freq: 2001000 -1
12-18 21:13:18.541   434   493 I libPowerHal: [PE] MTKPOWER_HINT_APP_TOUCH update cmd:3408600 param:1
12-18 21:13:18.577   443   443 I BufferQueueProducer: [InputMethod#0](this:0xb2798d44,id:-1,api:0,p:-1,c:443) queueBuffer: fps=6.97 dur=1434.37 max=701.31 min=13.92
12-18 21:13:18.604   434   493 I libPowerHal: [perfLockRel] hdl:2608, idx:0
12-18 21:13:18.604   434   493 I libPowerHal: MTKPOWER_HINT_APP_TOUCH: cpu_ctrl set cpu freq: -1 -1
12-18 21:13:18.604   434   493 I libPowerHal: [PD] MTKPOWER_HINT_APP_TOUCH update cmd:3408600 param:0
12-18 21:13:18.614   434   480 I libPerfCtl: xgfGetFPS pid:1541 fps:44
12-18 21:13:19.180   443   443 I BufferQueueProducer: [ao.gdse.arenaticket.vendas/ao.gdse.arenaticket.vendas.MainActivity#0](this:0xb2790d44,id:-1,api:0,p:-1,c:443) queueBuffer: fps=2.72 dur=1468.11 max=519.95 min=148.49
12-18 21:13:19.182   426   601 I hwcomposer: [HWCDisplay] [Display_0 (type:1)] fps:8.174300,dur:1468.02,max:504.20,min:15.92  
12-18 21:13:19.304   434   493 I libPowerHal: [perfLockAcq] idx:0 hdl:2609 hint:25 pid:434 duration:10000 lock_user:mtkpower@1.0-se => ret_hdl:2609
12-18 21:13:19.304   434   493 I libPowerHal: MTKPOWER_HINT_APP_TOUCH: cpu_ctrl set cpu freq: 2001000 -1
12-18 21:13:19.304   434   493 I libPowerHal: [PE] MTKPOWER_HINT_APP_TOUCH update cmd:3408600 param:1
12-18 21:13:19.321   434   493 I libPowerHal: [perfLockRel] hdl:2609, idx:0
12-18 21:13:19.322   434   493 I libPowerHal: MTKPOWER_HINT_APP_TOUCH: cpu_ctrl set cpu freq: -1 -1
12-18 21:13:19.322   434   493 I libPowerHal: [PD] MTKPOWER_HINT_APP_TOUCH update cmd:3408600 param:0
12-18 21:13:19.614   434   480 I libPerfCtl: xgfGetFPS pid:1541 fps:66
12-18 21:13:20.011   434   493 I libPowerHal: [perfLockAcq] idx:0 hdl:2610 hint:25 pid:434 duration:10000 lock_user:mtkpower@1.0-se => ret_hdl:2610
12-18 21:13:20.011   434   493 I libPowerHal: MTKPOWER_HINT_APP_TOUCH: cpu_ctrl set cpu freq: 2001000 -1
12-18 21:13:20.012   434   493 I libPowerHal: [PE] MTKPOWER_HINT_APP_TOUCH update cmd:3408600 param:1
12-18 21:13:20.045   443   443 I BufferQueueProducer: [InputMethod#0](this:0xb2798d44,id:-1,api:0,p:-1,c:443) queueBuffer: fps=6.81 dur=1468.32 max=667.54 min=13.41
12-18 21:13:20.055   434   493 I libPowerHal: [perfLockRel] hdl:2610, idx:0
12-18 21:13:20.056   434   493 I libPowerHal: MTKPOWER_HINT_APP_TOUCH: cpu_ctrl set cpu freq: -1 -1
12-18 21:13:20.056   434   493 I libPowerHal: [PD] MTKPOWER_HINT_APP_TOUCH update cmd:3408600 param:0
12-18 21:13:20.423  8861  8861 W MTK_FG_FUEL: fd < 0, init first!
12-18 21:13:20.423  8861  8861 W MTK_FG_FUEL: init failed, return!
12-18 21:13:20.614   434   480 I libPerfCtl: xgfGetFPS pid:1541 fps:48
12-18 21:13:20.621   434   493 I libPowerHal: [perfLockAcq] idx:0 hdl:2611 hint:25 pid:434 duration:10000 lock_user:mtkpower@1.0-se => ret_hdl:2611
12-18 21:13:20.621   434   493 I libPowerHal: MTKPOWER_HINT_APP_TOUCH: cpu_ctrl set cpu freq: 2001000 -1
12-18 21:13:20.622   434   493 I libPowerHal: [PE] MTKPOWER_HINT_APP_TOUCH update cmd:3408600 param:1
12-18 21:13:20.633   443   443 I BufferQueueProducer: [ao.gdse.arenaticket.vendas/ao.gdse.arenaticket.vendas.MainActivity#0](this:0xb2790d44,id:-1,api:0,p:-1,c:443) queueBuffer: fps=2.75 dur=1452.47 max=520.55 min=196.91
12-18 21:13:20.634   426   601 I hwcomposer: [HWCDisplay] [Display_0 (type:1)] fps:8.266167,dur:1451.70,max:503.14,min:13.73  
12-18 21:13:20.648   434   493 I libPowerHal: [perfLockRel] hdl:2611, idx:0
12-18 21:13:20.648   434   493 I libPowerHal: MTKPOWER_HINT_APP_TOUCH: cpu_ctrl set cpu freq: -1 -1
12-18 21:13:20.648   434   493 I libPowerHal: [PD] MTKPOWER_HINT_APP_TOUCH update cmd:3408600 param:0
12-18 21:13:20.683  8723  8723 I chromium: [INFO:CONSOLE(1)] "Tentando login com: [object Object]", source: https://admin.arenaticket.gdse.ao/assets/LoginPage-niS4BkvL.js (1)
12-18 21:13:20.756  1541  1581 I GED     : ged_boost_gpu_freq, level 100, eOrigin 2, final_idx 2, oppidx_max 2, oppidx_min 0
12-18 21:13:20.771   414  8863 I resolv  : resolv_cache_lookup: lookup
12-18 21:13:20.771   414  8863 I resolv  : resolv_cache_lookup: NOT IN CACHE
12-18 21:13:20.771   414  8863 I resolv  : resolv_populate_res_for_net: netid=110
12-18 21:13:20.771   414  8863 I resolv  : res_stats_usable_server: NS stats: S 10 + E 0 + T 0 + I 0 = 10, rtt = 180, min_samples = 8
12-18 21:13:20.771   414  8863 I resolv  : res_stats_usable_server: success rate 100
12-18 21:13:20.771   414  8863 I resolv  : res_stats_usable_server: NS stats: S 0 + E 0 + T 0 + I 0 = 0, rtt = -1, min_samples = 8
12-18 21:13:20.772   414  8863 I resolv  : get_timeout: using timeout of 5000 msec
12-18 21:13:20.772   414  8863 I resolv  : retrying_poll: 55 retrying_poll
12-18 21:13:20.775   414  8864 I resolv  : resolv_cache_lookup: lookup
12-18 21:13:20.777   414  8864 I resolv  : resolv_cache_lookup: NOT IN CACHE
12-18 21:13:20.777   414  8864 I resolv  : resolv_populate_res_for_net: netid=110
12-18 21:13:20.780   414  8864 I resolv  : res_stats_usable_server: NS stats: S 10 + E 0 + T 0 + I 0 = 10, rtt = 180, min_samples = 8
12-18 21:13:20.780   414  8864 I resolv  : res_stats_usable_server: success rate 100
12-18 21:13:20.780   414  8864 I resolv  : res_stats_usable_server: NS stats: S 0 + E 0 + T 0 + I 0 = 0, rtt = -1, min_samples = 8
12-18 21:13:20.780   414  8864 I resolv  : get_timeout: using timeout of 5000 msec
12-18 21:13:20.781   414  8864 I resolv  : retrying_poll: 56 retrying_poll
12-18 21:13:20.815   443   443 I BufferQueueProducer: [NavigationBar0#0](this:0xb3b19d44,id:-1,api:0,p:-1,c:443) queueBuffer: fps=0.37 dur=13697.23 max=13583.04 min=15.90
12-18 21:13:20.865  8377  8377 I WifiHAL : Get link layer stats
12-18 21:13:20.865  8377  8377 I WifiHAL : GetLinkStatsCommand::create
12-18 21:13:20.866  8377  8377 I android.hardware.wifi@1.0-service-lazy: WifiCommand::requestResponse err=-14
12-18 21:13:20.866  8377  8377 I WifiHAL : wifi_get_link_stats: result=-1
12-18 21:13:20.867   926  1072 E WifiVendorHal: getWifiLinkLayerStats_1_5_Internal(l.1191) failed {.code = ERROR_UNKNOWN, .description = unknown}
12-18 21:13:21.003   414  8864 I resolv  : retrying_poll: 56 retrying_poll returning 1
12-18 21:13:21.003   414  8864 I resolv  : res_nsend: used send_dg 57 terrno: 0
12-18 21:13:21.003   414  8864 I resolv  : res_stats_set_sample: rcode = 0, sec = 222
12-18 21:13:21.004   414  8864 I resolv  : res_cache_add_stats_sample_locked: adding sample to stats, next = 10, count = 10
12-18 21:13:21.004   414  8864 I resolv  : answer_getTTL: TTL = 3600
12-18 21:13:21.004   414  8864 I resolv  : _cache_add_p: entry 14 added (count=14)
12-18 21:13:21.004   414  8864 I resolv  : cache_dump_mru_locked: MRU LIST (14):  14 13 12 11 10 9 8 7 6 5 4 3 2 1
12-18 21:13:21.005   414  8863 I resolv  : retrying_poll: 55 retrying_poll returning 1
12-18 21:13:21.005   414  8863 I resolv  : res_nsend: used send_dg 124 terrno: 0
12-18 21:13:21.005   414  8863 I resolv  : res_stats_set_sample: rcode = 0, sec = 233
12-18 21:13:21.005   414  8863 I resolv  : res_cache_add_stats_sample_locked: adding sample to stats, next = 11, count = 11
12-18 21:13:21.005   414  8863 I resolv  : answer_getTTL: TTL = 10800
12-18 21:13:21.005   414  8863 I resolv  : _cache_add_p: entry 15 added (count=15)
12-18 21:13:21.005   414  8863 I resolv  : cache_dump_mru_locked: MRU LIST (15):  15 14 13 12 11 10 9 8 7 6 5 4 3 2 1
12-18 21:13:21.006   414  8862 I ResolverController: No valid NAT64 prefix (110, <unspecified>/0)
12-18 21:13:21.615   434   480 I libPerfCtl: xgfGetFPS pid:1133 fps:71
12-18 21:13:21.615   434   480 I libPerfCtl: xgfGetFPS pid:8723 fps:46
12-18 21:13:22.372  8723  8723 I chromium: [INFO:CONSOLE(2)] "Login response: [object Object]", source: https://admin.arenaticket.gdse.ao/assets/index-Pq2wHd95.js (2)
12-18 21:13:22.374  8723  8723 I chromium: [INFO:CONSOLE(1)] "Login bem-sucedido, redirecionando...", source: https://admin.arenaticket.gdse.ao/assets/LoginPage-niS4BkvL.js (1)
12-18 21:13:22.430   443   443 I BufferQueueProducer: [ao.gdse.arenaticket.vendas/ao.gdse.arenaticket.vendas.MainActivity#0](this:0xb2790d44,id:-1,api:0,p:-1,c:443) queueBuffer: fps=7.79 dur=1797.09 max=1323.22 min=15.88
12-18 21:13:22.432   426   601 I hwcomposer: [HWCDisplay] [Display_0 (type:1)] fps:11.125888,dur:1797.61,max:1323.27,min:13.77  
12-18 21:13:22.495   443   443 I BufferQueueProducer: [StatusBar#0](this:0xb2907d44,id:-1,api:0,p:-1,c:443) queueBuffer: fps=0.20 dur=5126.34 max=5126.34 min=5126.34
12-18 21:13:22.594  8723  8723 I chromium: [INFO:CONSOLE(1)] " Deteco impressora: [object Object]", source: https://admin.arenaticket.gdse.ao/assets/VendasPage-D1k_p-2A.js (1)
12-18 21:13:22.597  8723  8723 I chromium: [INFO:CONSOLE(51)] " SUNMI detectado? true", source: https://admin.arenaticket.gdse.ao/assets/VendasPage-D1k_p-2A.js (51)
12-18 21:13:22.597  8723  8723 I chromium: [INFO:CONSOLE(51)] " window.sunmi existe? false", source: https://admin.arenaticket.gdse.ao/assets/VendasPage-D1k_p-2A.js (51)
12-18 21:13:22.597  8723  8723 I chromium: [INFO:CONSOLE(51)] " User Agent: Mozilla/5.0 (Linux; Android 12; V2s Build/SP1A.210812.016; wv) AppleWebKit/537.36 (KHTML, like Gecko) Version/4.0 Chrome/91.0.4472.114 Mobile Safari/537.36", source: https://admin.arenaticket.gdse.ao/assets/VendasPage-D1k_p-2A.js (51)
12-18 21:13:22.899  8723  8723 W cr_AwAutofillManager: Autofill is disabled: AutofillManager isn't available in given Context.
12-18 21:13:23.522   443   443 I BufferQueueProducer: [ao.gdse.arenaticket.vendas/ao.gdse.arenaticket.vendas.MainActivity#0](this:0xb2790d44,id:-1,api:0,p:-1,c:443) queueBuffer: fps=1.83 dur=1092.09 max=571.28 min=520.81
12-18 21:13:23.524   426   601 I hwcomposer: [HWCDisplay] [Display_0 (type:1)] fps:2.746567,dur:1092.27,max:571.59,min:65.58  
12-18 21:13:23.615   434   480 I libPerfCtl: xgfGetFPS pid:8723 fps:57
12-18 21:13:23.887  8377  8377 I WifiHAL : Get link layer stats
12-18 21:13:23.887  8377  8377 I WifiHAL : GetLinkStatsCommand::create
12-18 21:13:23.888  8377  8377 I android.hardware.wifi@1.0-service-lazy: WifiCommand::requestResponse err=-14
12-18 21:13:23.888  8377  8377 I WifiHAL : wifi_get_link_stats: result=-1
12-18 21:13:23.889   926  1072 E WifiVendorHal: getWifiLinkLayerStats_1_5_Internal(l.1191) failed {.code = ERROR_UNKNOWN, .description = unknown}
12-18 21:13:24.615   434   480 I libPerfCtl: xgfGetFPS pid:8723 fps:53
12-18 21:13:25.445   434   493 I libPowerHal: [perfLockAcq] idx:0 hdl:2612 hint:25 pid:434 duration:10000 lock_user:mtkpower@1.0-se => ret_hdl:2612
12-18 21:13:25.446   434   493 I libPowerHal: MTKPOWER_HINT_APP_TOUCH: cpu_ctrl set cpu freq: 2001000 -1
12-18 21:13:25.446   434   493 I libPowerHal: [PE] MTKPOWER_HINT_APP_TOUCH update cmd:3408600 param:1
12-18 21:13:25.449  8869  8869 W MTK_FG_FUEL: fd < 0, init first!
12-18 21:13:25.449  8869  8869 W MTK_FG_FUEL: init failed, return!
12-18 21:13:25.458   434   493 I libPowerHal: [perfLockRel] hdl:2612, idx:0
12-18 21:13:25.459   434   493 I libPowerHal: MTKPOWER_HINT_APP_TOUCH: cpu_ctrl set cpu freq: -1 -1
12-18 21:13:25.459   434   493 I libPowerHal: [PD] MTKPOWER_HINT_APP_TOUCH update cmd:3408600 param:0
12-18 21:13:25.696   443   509 I SurfaceFlinger: [SF client] NEW(0xb2b15950) for (8723:ao.gdse.arenaticket.vendas)
12-18 21:13:25.722   926  8982 W WindowManager: Changing focus from Window{386fef4 u0 ao.gdse.arenaticket.vendas/ao.gdse.arenaticket.vendas.MainActivity} to Window{d5de223 u0 ao.gdse.arenaticket.vendas/ao.gdse.arenaticket.vendas.MainActivity} displayId=0 Callers=com.android.server.wm.RootWindowContainer.updateFocusedWindowLocked:465 com.android.server.wm.WindowManagerService.updateFocusedWindowLocked:5754 com.android.server.wm.WindowManagerService.addWindow:1855 com.android.server.wm.Session.addToDisplayAsUser:204 
12-18 21:13:25.729   426   601 I hwcomposer: [HWCDisplay] [Display_0 (type:1)] fps:7.255202,dur:2205.31,max:1944.69,min:12.13  
12-18 21:13:25.760   443   443 I BufferQueueProducer: [ao.gdse.arenaticket.vendas/ao.gdse.arenaticket.vendas.MainActivity#0](this:0xb2790d44,id:-1,api:0,p:-1,c:443) queueBuffer: fps=7.15 dur=2237.73 max=1976.41 min=12.38
12-18 21:13:25.900  1541  1581 I BufferQueueProducer: [ViewRootImpl[InputMethod]#23(BLAST Consumer)23](id:60500000017,api:1,p:1541,c:1541) disconnect: api 1
12-18 21:13:25.912  1541  1541 I BLASTBufferQueue: [ViewRootImpl[InputMethod]#23] destructor()
12-18 21:13:25.913  1541  1541 I BufferQueueConsumer: [ViewRootImpl[InputMethod]#23(BLAST Consumer)23](id:60500000017,api:0,p:-1,c:1541) disconnect
12-18 21:13:25.921   443   443 I BufferQueueDebug: [InputMethod#0](this:0xb2798d44,id:-1,api:0,p:-1,c:443) onDestructor()
12-18 21:13:25.925  1541  4102 I BLASTBufferQueue: releaseBufferCallbackThunk bufferId:6618544603366 framenumber:71 blastBufferQueue is dead
12-18 21:13:25.959   443   510 E BufferQueueDebug: [ao.gdse.arenaticket.vendas/ao.gdse.arenaticket.vendas.MainActivity#1](this:0xb2798d44,id:-1,api:0,p:-1,c:-1) id info cannot be read from 'ao.gdse.arenaticket.vendas/ao.gdse.arenaticket.vendas.MainActivity#1'
12-18 21:13:25.959   443   510 I BufferQueueDebug: [ao.gdse.arenaticket.vendas/ao.gdse.arenaticket.vendas.MainActivity#1](this:0xb2798d44,id:-1,api:0,p:-1,c:-1) BufferQueue core=(443:/system/bin/surfaceflinger)
12-18 21:13:25.966  8723  8723 I BufferQueueConsumer: [](id:221300000001,api:0,p:-1,c:8723) connect: controlledByApp=false
12-18 21:13:25.967  8723  8723 I BLASTBufferQueue: [ViewRootImpl[MainActivity]#1] constructor()
12-18 21:13:25.976  8723  8742 I BufferQueueProducer: [ViewRootImpl[MainActivity]#1(BLAST Consumer)1](id:221300000001,api:1,p:8723,c:8723) connect: api=1 producerControlledByApp=true
12-18 21:13:26.220  8723  8857 I OpenGLRenderer: Davey! duration=731ms; Flags=1, FrameTimelineVsyncId=227946, IntendedVsync=63749673735376, Vsync=63749923735381, InputEventId=0, HandleInputStart=63749939618594, AnimationStart=63749939621671, PerformTraversalsStart=63749941284440, DrawStart=63750273338627, FrameDeadline=63749699235376, FrameInterval=63749939608132, FrameStartTime=16666667, SyncQueued=63750280258320, SyncStart=63750283007859, IssueDrawCommandsStart=63750283242320, SwapBuffers=63750405294717, FrameCompleted=63750407865102, DequeueBufferDuration=0, QueueBufferDuration=1524923, GpuCompleted=63750407865102, SwapBuffersCompleted=63750407270640, DisplayPresentTime=8389723920104894068, 
12-18 21:13:26.226   434   493 I libPowerHal: [perfLockAcq] idx:0 hdl:2613 hint:25 pid:434 duration:10000 lock_user:mtkpower@1.0-se => ret_hdl:2613
12-18 21:13:26.230   434   493 I libPowerHal: MTKPOWER_HINT_APP_TOUCH: cpu_ctrl set cpu freq: 2001000 -1
12-18 21:13:26.230   434   493 I libPowerHal: [PE] MTKPOWER_HINT_APP_TOUCH update cmd:3408600 param:1
12-18 21:13:26.244   434   493 I libPowerHal: [perfLockRel] hdl:2613, idx:0
12-18 21:13:26.245   434   493 I libPowerHal: MTKPOWER_HINT_APP_TOUCH: cpu_ctrl set cpu freq: -1 -1
12-18 21:13:26.245   434   493 I libPowerHal: [PD] MTKPOWER_HINT_APP_TOUCH update cmd:3408600 param:0
12-18 21:13:26.362  8723  8742 I BufferQueueProducer: [ViewRootImpl[MainActivity]#1(BLAST Consumer)1](id:221300000001,api:1,p:8723,c:8723) disconnect: api 1
12-18 21:13:26.365   926  6646 W InputManager-JNI: Input channel object 'd5de223 ao.gdse.arenaticket.vendas/ao.gdse.arenaticket.vendas.MainActivity (client)' was disposed without first being removed with the input manager!
12-18 21:13:26.366  8723  8857 I BLASTBufferQueue: [ViewRootImpl[MainActivity]#1] destructor()
12-18 21:13:26.366  8723  8857 I BufferQueueConsumer: [ViewRootImpl[MainActivity]#1(BLAST Consumer)1](id:221300000001,api:0,p:-1,c:8723) disconnect
12-18 21:13:26.368   926  6646 W WindowManager: Changing focus from Window{d5de223 u0 ao.gdse.arenaticket.vendas/ao.gdse.arenaticket.vendas.MainActivity EXITING} to Window{386fef4 u0 ao.gdse.arenaticket.vendas/ao.gdse.arenaticket.vendas.MainActivity} displayId=0 Callers=com.android.server.wm.RootWindowContainer.updateFocusedWindowLocked:465 com.android.server.wm.WindowManagerService.updateFocusedWindowLocked:5754 com.android.server.wm.WindowState.setupWindowForRemoveOnExit:2609 com.android.server.wm.WindowState.removeIfPossible:2577 
12-18 21:13:26.387   926  6646 W WindowManager: Failed looking up window session=Session{cb98ce1 8723:u0a10092} callers=com.android.server.wm.WindowManagerService.windowForClientLocked:5639 com.android.server.wm.WindowManagerService.finishDrawingWindow:2700 com.android.server.wm.Session.finishDrawing:261 
12-18 21:13:26.396   443   443 I BufferQueueDebug: [ao.gdse.arenaticket.vendas/ao.gdse.arenaticket.vendas.MainActivity#1](this:0xb2798d44,id:-1,api:0,p:-1,c:443) onDestructor()
12-18 21:13:26.396  8723  8738 I BLASTBufferQueue: releaseBufferCallbackThunk bufferId:37464999723025 framenumber:3 blastBufferQueue is dead
12-18 21:13:26.615   434   480 I libPerfCtl: xgfGetFPS pid:8723 fps:15
12-18 21:13:26.911  8377  8377 I WifiHAL : Get link layer stats
12-18 21:13:26.911  8377  8377 I WifiHAL : GetLinkStatsCommand::create
12-18 21:13:26.912  8377  8377 I android.hardware.wifi@1.0-service-lazy: WifiCommand::requestResponse err=-14
12-18 21:13:26.912  8377  8377 I WifiHAL : wifi_get_link_stats: result=-1
12-18 21:13:26.913   926  1072 E WifiVendorHal: getWifiLinkLayerStats_1_5_Internal(l.1191) failed {.code = ERROR_UNKNOWN, .description = unknown}
12-18 21:13:27.057   434   493 I libPowerHal: [perfLockAcq] idx:0 hdl:2614 hint:25 pid:434 duration:10000 lock_user:mtkpower@1.0-se => ret_hdl:2614
12-18 21:13:27.058   434   493 I libPowerHal: MTKPOWER_HINT_APP_TOUCH: cpu_ctrl set cpu freq: 2001000 -1
12-18 21:13:27.058   434   493 I libPowerHal: [PE] MTKPOWER_HINT_APP_TOUCH update cmd:3408600 param:1
12-18 21:13:27.075   434   493 I libPowerHal: [perfLockRel] hdl:2614, idx:0
12-18 21:13:27.075   434   493 I libPowerHal: MTKPOWER_HINT_APP_TOUCH: cpu_ctrl set cpu freq: -1 -1
12-18 21:13:27.075   434   493 I libPowerHal: [PD] MTKPOWER_HINT_APP_TOUCH update cmd:3408600 param:0
12-18 21:13:27.146   443   510 I SurfaceFlinger: [SF client] NEW(0xb2b18c90) for (8723:ao.gdse.arenaticket.vendas)
12-18 21:13:27.153   926  8982 W WindowManager: Changing focus from Window{386fef4 u0 ao.gdse.arenaticket.vendas/ao.gdse.arenaticket.vendas.MainActivity} to Window{e7b58bd u0 ao.gdse.arenaticket.vendas/ao.gdse.arenaticket.vendas.MainActivity} displayId=0 Callers=com.android.server.wm.RootWindowContainer.updateFocusedWindowLocked:465 com.android.server.wm.WindowManagerService.updateFocusedWindowLocked:5754 com.android.server.wm.WindowManagerService.addWindow:1855 com.android.server.wm.Session.addToDisplayAsUser:204 
12-18 21:13:27.165   426   601 I hwcomposer: [HWCDisplay] [Display_0 (type:1)] fps:12.539864,dur:1435.42,max:670.11,min:14.03  
12-18 21:13:27.195   443   443 I BufferQueueProducer: [ao.gdse.arenaticket.vendas/ao.gdse.arenaticket.vendas.MainActivity#0](this:0xb2790d44,id:-1,api:0,p:-1,c:443) queueBuffer: fps=3.48 dur=1435.55 max=702.26 min=33.00
12-18 21:13:27.244   443   509 E BufferQueueDebug: [ao.gdse.arenaticket.vendas/ao.gdse.arenaticket.vendas.MainActivity#1](this:0xb2798d44,id:-1,api:0,p:-1,c:-1) id info cannot be read from 'ao.gdse.arenaticket.vendas/ao.gdse.arenaticket.vendas.MainActivity#1'
12-18 21:13:27.244   443   509 I BufferQueueDebug: [ao.gdse.arenaticket.vendas/ao.gdse.arenaticket.vendas.MainActivity#1](this:0xb2798d44,id:-1,api:0,p:-1,c:-1) BufferQueue core=(443:/system/bin/surfaceflinger)
12-18 21:13:27.250  8723  8723 I BufferQueueConsumer: [](id:221300000002,api:0,p:-1,c:8723) connect: controlledByApp=false
12-18 21:13:27.251  8723  8723 I BLASTBufferQueue: [ViewRootImpl[MainActivity]#2] constructor()
12-18 21:13:27.258  8723  8742 I BufferQueueProducer: [ViewRootImpl[MainActivity]#2(BLAST Consumer)2](id:221300000002,api:1,p:8723,c:8723) connect: api=1 producerControlledByApp=true
12-18 21:13:27.615   434   480 I libPerfCtl: xgfGetFPS pid:8723 fps:26
12-18 21:13:27.636   443   443 I BufferQueueProducer: [StatusBar#0](this:0xb2907d44,id:-1,api:0,p:-1,c:443) queueBuffer: fps=0.19 dur=5140.31 max=5140.31 min=5140.31
12-18 21:13:28.022   434   493 I libPowerHal: [perfLockAcq] idx:0 hdl:2615 hint:25 pid:434 duration:10000 lock_user:mtkpower@1.0-se => ret_hdl:2615
12-18 21:13:28.022   434   493 I libPowerHal: MTKPOWER_HINT_APP_TOUCH: cpu_ctrl set cpu freq: 2001000 -1
12-18 21:13:28.022   434   493 I libPowerHal: [PE] MTKPOWER_HINT_APP_TOUCH update cmd:3408600 param:1
12-18 21:13:28.049   434   493 I libPowerHal: [perfLockRel] hdl:2615, idx:0
12-18 21:13:28.049   434   493 I libPowerHal: MTKPOWER_HINT_APP_TOUCH: cpu_ctrl set cpu freq: -1 -1
12-18 21:13:28.049   434   493 I libPowerHal: [PD] MTKPOWER_HINT_APP_TOUCH update cmd:3408600 param:0
12-18 21:13:28.192   426   601 I hwcomposer: [HWCDisplay] [Display_0 (type:1)] fps:12.652177,dur:1027.49,max:554.57,min:14.44  
12-18 21:13:28.196  8723  8742 I BufferQueueProducer: [ViewRootImpl[MainActivity]#2(BLAST Consumer)2](id:221300000002,api:1,p:8723,c:8723) disconnect: api 1
12-18 21:13:28.199   926  6646 W InputManager-JNI: Input channel object 'e7b58bd ao.gdse.arenaticket.vendas/ao.gdse.arenaticket.vendas.MainActivity (client)' was disposed without first being removed with the input manager!
12-18 21:13:28.201   926  6646 W WindowManager: Changing focus from Window{e7b58bd u0 ao.gdse.arenaticket.vendas/ao.gdse.arenaticket.vendas.MainActivity EXITING} to Window{386fef4 u0 ao.gdse.arenaticket.vendas/ao.gdse.arenaticket.vendas.MainActivity} displayId=0 Callers=com.android.server.wm.RootWindowContainer.updateFocusedWindowLocked:465 com.android.server.wm.WindowManagerService.updateFocusedWindowLocked:5754 com.android.server.wm.WindowState.setupWindowForRemoveOnExit:2609 com.android.server.wm.WindowState.removeIfPossible:2577 
12-18 21:13:28.225  8723  8739 I BLASTBufferQueue: [ViewRootImpl[MainActivity]#2] destructor()
12-18 21:13:28.226  8723  8739 I BufferQueueConsumer: [ViewRootImpl[MainActivity]#2(BLAST Consumer)2](id:221300000002,api:0,p:-1,c:8723) disconnect
12-18 21:13:28.241   443   443 I BufferQueueDebug: [ao.gdse.arenaticket.vendas/ao.gdse.arenaticket.vendas.MainActivity#1](this:0xb2798d44,id:-1,api:0,p:-1,c:443) onDestructor()
12-18 21:13:28.243  8723  8739 I BLASTBufferQueue: releaseBufferCallbackThunk bufferId:37464999723032 framenumber:7 blastBufferQueue is dead
12-18 21:13:28.248   435  3623 D APM_AudioPolicyManager: startOutput() output 13, stream 1, session 81
