12-18 21:18:17.682   926  1059 W ContextImpl: Calling a method in the system process without a qualified user: android.app.ContextImpl.sendBroadcast:1173 com.android.server.policy.PhoneWindowManager.interceptKeyBeforeQueueing:3710 com.android.server.wm.InputManagerCallback.interceptKeyBeforeQueueing:149 com.android.server.input.InputManagerService.interceptKeyBeforeQueueing:2811 <bottom of call stack> 
12-18 21:18:17.682   926  1059 D WindowManager: sar sensor out event, keycode =291, down = true
12-18 21:18:17.683   926  1059 E WindowManager: getTopActivityName:: return
12-18 21:18:17.684  1265  1265 D CapSensor: Current SarSensor status is keep away
12-18 21:18:17.684   926  1059 E WindowManager: getTopActivityName:: return
12-18 21:18:17.684  1265  1265 D CapSensor: sendAtCmd: AT+ERFIDX=1,0
12-18 21:18:17.684   926  1059 E WindowManager: getTopActivityName:: return
12-18 21:18:17.684   926  1059 E WindowManager: getTopActivityName:: return
12-18 21:18:17.685   926  1059 D SunmiCustomKey: interceptKeyBeforeQueueing::291
12-18 21:18:17.685   926  1059 W ContextImpl: Calling a method in the system process without a qualified user: android.app.ContextImpl.sendBroadcast:1173 com.android.server.policy.PhoneWindowManager.interceptKeyBeforeQueueing:3710 com.android.server.wm.InputManagerCallback.interceptKeyBeforeQueueing:149 com.android.server.input.InputManagerService.interceptKeyBeforeQueueing:2811 <bottom of call stack> 
12-18 21:18:17.686   926  1059 D WindowManager: sar sensor out event, keycode =291, down = false
12-18 21:18:17.687   926  1059 E WindowManager: getTopActivityName:: return
12-18 21:18:17.687   926  1059 E WindowManager: getTopActivityName:: return
12-18 21:18:17.688   926  1059 E WindowManager: getTopActivityName:: return
12-18 21:18:17.688   926  1059 E WindowManager: getTopActivityName:: return
12-18 21:18:19.405   926  1066 D BatteryService: updateLightsLocked......
12-18 21:18:19.405   926  1066 D BatteryService: Open Red Led else......
12-18 21:18:19.406   926  1066 D BatteryService: path not exist...
12-18 21:18:19.406   926  1066 D BatteryService: path not exist...
12-18 21:18:19.406   926  1066 D BatteryService: path not exist...
12-18 21:18:19.411 32405 32405 D SmartBatteryMode: batteryReceiver 
12-18 21:18:19.411  1618  1618 D BatteryOptimization: Battery Changed: status=charging, voltage=8.34, temperature=352, pluged=USB, mode=12
12-18 21:18:19.414 32405 32405 D SmartBatteryMode:  batteryReceiver  temperature: 352  pluggedIn: true  electric: 682
12-18 21:18:19.414 32405 32405 D SmartBatteryMode:   electric: 682
12-18 21:18:19.688   926   991 D AES     : AEEIOCTL_GET/SET_SF_STATE IOCTL,cmd= 1074294797, lParam=0. 
12-18 21:18:19.689   926   991 D AES     : AEEIOCTL_RT_MON_Kick IOCTL,cmd= 2147774474, lParam=300. 
12-18 21:18:20.749   926  1059 D SunmiCustomKey: interceptKeyBeforeQueueing::26
12-18 21:18:20.751   926  1059 D WindowManager: path not exist...
12-18 21:18:20.752   926  1059 E WindowManager: getTopActivityName:: return
12-18 21:18:20.754   926  1059 E WindowManager: getTopActivityName:: return
12-18 21:18:20.754   926  1059 E WindowManager: getTopActivityName:: return
12-18 21:18:20.755   926  1059 E WindowManager: getTopActivityName:: return
12-18 21:18:20.760   926  1059 I PowerManagerService: Powering on display group fromAsleep (groupId=0, uid=1000, reason=WAKE_REASON_POWER_BUTTON, details=android.policy:POWER)...
12-18 21:18:20.760   926  1059 I PowerManagerService: Waking up from Asleep (uid=1000, reason=WAKE_REASON_POWER_BUTTON, details=android.policy:POWER)...
12-18 21:18:20.761   926   985 D CompatibilityChangeReporter: Compat change id reported: 173031413; UID 1000; state: ENABLED
12-18 21:18:20.762   926   985 D CompatibilityChangeReporter: Compat change id reported: 173031413; UID 1000; state: DISABLED
12-18 21:18:20.765   926  1059 D PowerManagerService: PowerManagerService notifyInputActive
12-18 21:18:20.767   434   453 I mtkpower@impl: [setMode] type:7, enabled:1
12-18 21:18:20.767   434   453 I mtkpower@impl: [setMode] Restore All
12-18 21:18:20.768   434   493 I libPowerHal: [perfUserScnRestoreAll] 
12-18 21:18:20.774   926  1014 I DisplayPowerController[0]: Blocking screen on until initial contents have been drawn.
12-18 21:18:20.774   926  1014 D ActivityTaskManager: Top Process State changed to PROCESS_STATE_TOP
12-18 21:18:20.775   926  1014 I APP_LOCK: com.android.launcher3 is in whitelist
12-18 21:18:20.775   430   430 I Situation: enable: handle:22, en:0 
12-18 21:18:20.791   926  1003 E KernelCpuSpeedReader: Failed to read cpu-freq: /sys/devices/system/cpu/cpu4/cpufreq/stats/time_in_state: open failed: ENOENT (No such file or directory)
12-18 21:18:20.795   926  1003 E system_server: Cannot read thread CPU times for PID 926
12-18 21:18:20.801   926  1014 I PowerHalWrapper: amsBoostNotify pid:1429,activity:com.android.launcher3.Launcher3QuickStepGo, package:com.android.launcher3, mProcessCreatePackao.gdse.arenaticket.vendas 
12-18 21:18:20.801   926  1014 I PowerHalWrapper: state: 1 
12-18 21:18:20.801   926  1014 I PowerHalWrapper: amsBoostNotify AMS_BOOST_PROCESS_CREATE_BOOST:true 
12-18 21:18:20.802   434   493 I libPowerHal: [perfNotifyAppState] pack:com.android.launcher3, act:com.android.launcher3.Launcher3QuickStepGo, state:1, pid:1429, uid:10078, fps:60
12-18 21:18:20.802   434   493 I libPowerHal: [perfNotifyAppState] foreground:com.android.launcher3, pid:1429, uid:10078
12-18 21:18:20.805   434   493 E UxUtility: notifyAppState error = NULL
12-18 21:18:20.805   434   493 I TouchUtility: notifyAppState error = NULL
12-18 21:18:20.806   434   452 I mtkpower@impl: [notifyAppState] pc:0, ao.gdse.arenaticket.vendas => com.android.launcher3
12-18 21:18:20.818   926  1014 V DisplayPowerController[0]: Brightness [0.48018616] reason changing to: 'manual', previous reason: 'screen_off'.
12-18 21:18:20.820   434   453 I mtkpower@impl: [setMode] type:9, enabled:0
12-18 21:18:20.820   434   453 E mtkpower@impl: [setMode] unknown type
12-18 21:18:20.820   443   443 D SurfaceFlinger: Setting power mode 2 on display 0
12-18 21:18:20.823   426   601 I hwcomposer: [HWCDisplay] Display(0) SetPowerMode(2)  
12-18 21:18:20.830   926  1014 I DisplayPowerController[0]: Unblocked screen on after 57 ms
12-18 21:18:20.845   926   926 E SensorManager: sensor or listener is null
12-18 21:18:20.854   926   987 I DisplayDeviceRepository: Display device changed state: "Tela integrada", ON
12-18 21:18:20.860   926   987 I InputManager-JNI: Viewport [0] to add: local:0, isActive: true
12-18 21:18:20.863   926  1072 D AlarmManagerService: inside native alarm timerfd set Alarm Type = 2
12-18 21:18:20.873   926  1059 I InputReader: Reconfiguring input devices, changes=DISPLAY_INFO | 
12-18 21:18:20.874   926  1059 I InputReader: Device reconfigured: id=5, name='mtk-tpd', size 720x1440, orientation 0, mode 1, display id 0
12-18 21:18:20.885   443   965 E BufferQueueDebug: [com.android.launcher3/com.android.launcher3.Launcher3QuickStepGo#0](this:0xb2798d44,id:-1,api:0,p:-1,c:-1) id info cannot be read from 'com.android.launcher3/com.android.launcher3.Launcher3QuickStepGo#0'
12-18 21:18:20.886   443   965 I BufferQueueDebug: [com.android.launcher3/com.android.launcher3.Launcher3QuickStepGo#0](this:0xb2798d44,id:-1,api:0,p:-1,c:-1) BufferQueue core=(443:/system/bin/surfaceflinger)
12-18 21:18:20.893   926  5146 W WindowManager: Changing focus from null to Window{1b0739e u0 com.android.launcher3/com.android.launcher3.Launcher3QuickStepGo} displayId=0 Callers=com.android.server.wm.RootWindowContainer.updateFocusedWindowLocked:465 com.android.server.wm.WindowManagerService.updateFocusedWindowLocked:5754 com.android.server.wm.WindowManagerService.relayoutWindow:2476 com.android.server.wm.Session.relayout:235 
12-18 21:18:20.894   926  5146 I WindowManager: Relayout Window{1b0739e u0 com.android.launcher3/com.android.launcher3.Launcher3QuickStepGo}: oldVis=4 newVis=0 focusMayChange = true requestedWidth = 720 requestedHeight = 1440 outFrames = ClientWindowFrames{frame=[0,0][720,1440] display=[0,0][720,1440] backdrop=[0,0][720,1440]} outSurfaceControl = Surface(name=com.android.launcher3/com.android.launcher3.Launcher3QuickStepGo)/@0xe4fc858
12-18 21:18:20.898  1429  1429 I BufferQueueConsumer: [](id:59500000043,api:0,p:-1,c:1429) connect: controlledByApp=false
12-18 21:18:20.899  1429  1429 I BLASTBufferQueue: [ViewRootImpl[Launcher3QuickStepGo]#64] constructor()
12-18 21:18:20.902  1429  1678 I BufferQueueProducer: [ViewRootImpl[Launcher3QuickStepGo]#64(BLAST Consumer)64](id:59500000043,api:1,p:1429,c:1429) connect: api=1 producerControlledByApp=true
12-18 21:18:20.977   926   926 D AlarmManagerService: inside native alarm timerfd set Alarm Type = 2
12-18 21:18:20.991   926  1059 D SunmiCustomKey: interceptKeyBeforeQueueing::26
12-18 21:18:20.993   926   926 D AudioSystem: +setParameters(): screen_state=on 
12-18 21:18:21.000   926  1059 E WindowManager: getTopActivityName:: return
12-18 21:18:21.001   926  1059 E WindowManager: getTopActivityName:: return
12-18 21:18:21.001   926  1059 E WindowManager: getTopActivityName:: return
12-18 21:18:21.001   926  1059 E WindowManager: getTopActivityName:: return
12-18 21:18:21.002   423   486 D AudioALSAHardware: +setParameters(): screen_state=on
12-18 21:18:21.003   423   486 D AudioALSAStreamOut: +setScreenState(), flag 6, mode 1
12-18 21:18:21.003   423   486 D AudioALSAStreamOut: +setScreenState(), flag 8, mode 1
12-18 21:18:21.003   423   486 D AudioALSAStreamOut: +setScreenState(), flag 65536, mode 1
12-18 21:18:21.003   423   486 D AudioALSAHardware: -setParameters(): screen_state=on
12-18 21:18:21.013   926   926 D WindowManager: powerPress: eventTime=64044948 interactive=true count=0 beganFromNonInteractive=true mShortPressOnPowerBehavior=1
12-18 21:18:21.016   926   926 E WindowManager: getTopActivityName:: return
12-18 21:18:21.040   443   443 D SurfaceFlinger: Finished setting power mode 2 on display 0
12-18 21:18:21.041   926  1125 D SurfaceControl: Excessive delay in setPowerMode()
12-18 21:18:21.041   926  1125 E DisplayDeviceConfig: requesting nits when no mapping exists.
12-18 21:18:21.041   926  1125 E DisplayDeviceConfig: requesting nits when no mapping exists.
12-18 21:18:21.042   443   443 I BufferQueueProducer: [ScreenDecorOverlay#0](this:0xb2a38d44,id:-1,api:0,p:-1,c:443) queueBuffer: fps=0.00 dur=327621.27 max=327621.27 min=327621.27
12-18 21:18:21.043   443   443 I BufferQueueProducer: [ScreenDecorOverlayBottom#0](this:0xb29f8d44,id:-1,api:0,p:-1,c:443) queueBuffer: fps=0.00 dur=327621.19 max=327621.19 min=327621.19
12-18 21:18:21.049   443   443 E BpTransactionCompletedListener: Failed to transact (-32)
12-18 21:18:21.049   443   443 I BufferQueueDebug: [ao.gdse.arenaticket.vendas/ao.gdse.arenaticket.vendas.MainActivity#0](this:0xb2790d44,id:-1,api:0,p:-1,c:443) onDestructor()
12-18 21:18:21.055   926  1014 W PowerManagerService: Screen on took 307 ms
12-18 21:18:21.056   426   601 I hwcomposer: [HWCDisplay] [Display_0 (type:1)] fps:0.004128,dur:242244.70,max:242244.70,min:242244.70  
12-18 21:18:21.063  1018  1018 D android.hardware.lights-service.mediatek: write 123 to /sys/class/leds/lcd-backlight/brightness, result: 0
12-18 21:18:21.077   926  4603 I PowerHalWrapper: amsBoostStop AMS_BOOST_PACK_SWITCH:false, AMS_BOOST_ACT_SWITCH:false, AMS_BOOST_PROCESS_CREATE:false 
12-18 21:18:21.130  1133  1133 D StatusBar: updateQsExpansionEnabled - QS Expand enabled: true
12-18 21:18:21.137  9101  9101 W MTK_FG_FUEL: fd < 0, init first!
12-18 21:18:21.138  9101  9101 W MTK_FG_FUEL: init failed, return!
12-18 21:18:21.220  8377  8377 I WifiHAL : Get link layer stats
12-18 21:18:21.221  8377  8377 I WifiHAL : GetLinkStatsCommand::create
12-18 21:18:21.221  8377  8377 D android.hardware.wifi@1.0-service-lazy: WifiRequest::create vendor command to iface 31, vendor_id=0x1a11, subcmd=0x1200, res=0
12-18 21:18:21.221  8377  8377 I android.hardware.wifi@1.0-service-lazy: WifiCommand::requestResponse err=-14
12-18 21:18:21.222  8377  8377 I WifiHAL : wifi_get_link_stats: result=-1
12-18 21:18:21.224   926  1072 E WifiVendorHal: getWifiLinkLayerStats_1_5_Internal(l.1191) failed {.code = ERROR_UNKNOWN, .description = unknown}
12-18 21:18:21.230  8377  8377 I WifiHAL : Get link layer stats
12-18 21:18:21.231  8377  8377 I WifiHAL : GetLinkStatsCommand::create
12-18 21:18:21.231  8377  8377 D android.hardware.wifi@1.0-service-lazy: WifiRequest::create vendor command to iface 31, vendor_id=0x1a11, subcmd=0x1200, res=0
12-18 21:18:21.231  8377  8377 I android.hardware.wifi@1.0-service-lazy: WifiCommand::requestResponse err=-14
12-18 21:18:21.231  8377  8377 I WifiHAL : wifi_get_link_stats: result=-1
12-18 21:18:21.232   926  1072 E WifiVendorHal: getWifiLinkLayerStats_1_5_Internal(l.1191) failed {.code = ERROR_UNKNOWN, .description = unknown}
12-18 21:18:21.257   443   443 I BufferQueueProducer: [StatusBar#0](this:0xb2907d44,id:-1,api:0,p:-1,c:443) queueBuffer: fps=0.01 dur=237062.96 max=237014.59 min=48.37
12-18 21:18:21.257   443   443 I BufferQueueProducer: [NavigationBar0#0](this:0xb3b19d44,id:-1,api:0,p:-1,c:443) queueBuffer: fps=0.00 dur=272434.69 max=272434.69 min=272434.69
12-18 21:18:21.263  8384  8384 I wpa_supplicant: wpa_driver_nl80211_driver_cmd: wlan0 recv cmd SETSUSPENDMODE 0
12-18 21:18:21.270  8384  8384 I wpa_supplicant: wpa_driver_nl80211_driver_cmd: ret = 0 used = 2 total = 512 buf = 
12-18 21:18:21.280  1133  1133 D WifiSignalController: isWifi6: false,wifiVisible: true
12-18 21:18:21.280  1133  1133 D WifiSignalController: iconId: 17302889
12-18 21:18:21.756   434   493 I libPowerHal: [perfLockAcq] idx:0 hdl:2651 hint:25 pid:434 duration:10000 lock_user:mtkpower@1.0-se => ret_hdl:2651
12-18 21:18:21.757   926  1058 D PowerManagerService: PowerManagerService notifyInputActive
12-18 21:18:21.757   434   493 I libPowerHal: MTKPOWER_HINT_APP_TOUCH: cpu_ctrl set cpu freq: 2001000 -1
12-18 21:18:21.757   434   493 I libPowerHal: [PE] MTKPOWER_HINT_APP_TOUCH update cmd:3408600 param:1
12-18 21:18:21.857   926  1058 D PowerManagerService: PowerManagerService notifyInputActive
12-18 21:18:21.957   434   480 I libPerfCtl: xgfGetFPS pid:1133 fps:38
12-18 21:18:21.957   434   480 I libPerfCtl: xgfGetFPS pid:1429 fps:71
12-18 21:18:21.957   434   480 I libPowerHal: [updateFPS] pid(1429) : 60 => 90
12-18 21:18:21.957   434   493 I libPowerHal: [perfNotifyAppState] pack:com.android.launcher3, act:com.android.launcher3.Launcher3QuickStepGo, state:5, pid:1429, uid:10078, fps:90
12-18 21:18:21.958   434   493 E UxUtility: notifyAppState error = NULL
12-18 21:18:21.958   434   493 I TouchUtility: notifyAppState error = NULL
12-18 21:18:21.960   926  1058 D PowerManagerService: PowerManagerService notifyInputActive
12-18 21:18:22.049   434   493 I libPowerHal: [perfLockRel] hdl:2651, idx:0
12-18 21:18:22.050   434   493 I libPowerHal: MTKPOWER_HINT_APP_TOUCH: cpu_ctrl set cpu freq: -1 -1
12-18 21:18:22.050   434   493 I libPowerHal: [PD] MTKPOWER_HINT_APP_TOUCH update cmd:3408600 param:0
12-18 21:18:22.059   426   601 I hwcomposer: [HWCDisplay] [Display_0 (type:1)] fps:23.923721,dur:1003.19,max:556.67,min:12.36  
12-18 21:18:22.073   443   443 I BufferQueueProducer: [com.android.launcher3/com.android.launcher3.Launcher3QuickStepGo#0](this:0xb2798d44,id:-1,api:0,p:-1,c:443) queueBuffer: fps=18.97 dur=1001.37 max=620.45 min=13.68
12-18 21:18:22.957   434   480 I libPerfCtl: xgfGetFPS pid:1429 fps:61
12-18 21:18:22.958   434   480 I libPowerHal: [updateFPS] pid(1429) : 90 => 60
12-18 21:18:22.958   434   493 I libPowerHal: [perfNotifyAppState] pack:com.android.launcher3, act:com.android.launcher3.Launcher3QuickStepGo, state:5, pid:1429, uid:10078, fps:60
12-18 21:18:22.958   434   493 E UxUtility: notifyAppState error = NULL
12-18 21:18:22.958   434   493 I TouchUtility: notifyAppState error = NULL
12-18 21:18:23.994   926   926 D WindowManager: path not exist...
12-18 21:18:24.266  8377  8377 I WifiHAL : Get link layer stats
12-18 21:18:24.266  8377  8377 I WifiHAL : GetLinkStatsCommand::create
12-18 21:18:24.266  8377  8377 D android.hardware.wifi@1.0-service-lazy: WifiRequest::create vendor command to iface 31, vendor_id=0x1a11, subcmd=0x1200, res=0
12-18 21:18:24.267  8377  8377 I android.hardware.wifi@1.0-service-lazy: WifiCommand::requestResponse err=-14
12-18 21:18:24.267  8377  8377 I WifiHAL : wifi_get_link_stats: result=-1
12-18 21:18:24.268   926  1072 E WifiVendorHal: getWifiLinkLayerStats_1_5_Internal(l.1191) failed {.code = ERROR_UNKNOWN, .description = unknown}
12-18 21:18:24.289  1133  1133 D WifiSignalController: isWifi6: false,wifiVisible: true
12-18 21:18:24.289  1133  1133 D WifiSignalController: iconId: 17302889
12-18 21:18:24.528   926  1066 D BatteryService: updateLightsLocked......
12-18 21:18:24.528   926  1066 D BatteryService: Open Red Led else......
12-18 21:18:24.529   926  1066 D BatteryService: path not exist...
12-18 21:18:24.530   926  1066 D BatteryService: path not exist...
12-18 21:18:24.531   926  1066 D BatteryService: path not exist...
12-18 21:18:24.535 32405 32405 D SmartBatteryMode: batteryReceiver 
12-18 21:18:24.538 32405 32405 D SmartBatteryMode:  batteryReceiver  temperature: 352  pluggedIn: true  electric: 591
12-18 21:18:24.539 32405 32405 D SmartBatteryMode:   electric: 591
12-18 21:18:24.540  1618  1618 D BatteryOptimization: Battery Changed: status=charging, voltage=8.327, temperature=352, pluged=USB, mode=12
12-18 21:18:24.573   443   443 I BufferQueueProducer: [StatusBar#0](this:0xb2907d44,id:-1,api:0,p:-1,c:443) queueBuffer: fps=0.60 dur=3315.86 max=2595.65 min=720.22
12-18 21:18:24.575   426   601 I hwcomposer: [HWCDisplay] [Display_0 (type:1)] fps:3.178977,dur:2516.53,max:2401.85,min:15.96  
12-18 21:18:25.602   434   493 I libPowerHal: [perfLockAcq] idx:0 hdl:2652 hint:25 pid:434 duration:10000 lock_user:mtkpower@1.0-se => ret_hdl:2652
12-18 21:18:25.602   434   493 I libPowerHal: MTKPOWER_HINT_APP_TOUCH: cpu_ctrl set cpu freq: 2001000 -1
12-18 21:18:25.603   434   493 I libPowerHal: [PE] MTKPOWER_HINT_APP_TOUCH update cmd:3408600 param:1
12-18 21:18:25.603   926  1058 D PowerManagerService: PowerManagerService notifyInputActive
12-18 21:18:25.654   434   493 I libPowerHal: [perfLockRel] hdl:2652, idx:0
12-18 21:18:25.654   434   493 I libPowerHal: MTKPOWER_HINT_APP_TOUCH: cpu_ctrl set cpu freq: -1 -1
12-18 21:18:25.655   434   493 I libPowerHal: [PD] MTKPOWER_HINT_APP_TOUCH update cmd:3408600 param:0
12-18 21:18:25.663   926  1087 D AudioTrack: setVolume(22): 0xa8c95c00, left = 0.501187, right = 0.501187
12-18 21:18:25.663   926  5146 W APP_LOCK: ===isSecure  defaultLauncher:com.android.launcher3===
12-18 21:18:25.663   926  5146 W APP_LOCK: ===isSecure  callingPackage:com.android.launcher3===
12-18 21:18:25.663   926  5146 W APP_LOCK: ===isSecure  isDefaultApp:false===
12-18 21:18:25.663   926  5146 I APP_LOCK: ===isLockPasswordEnabled:ao.gdse.arenaticket.vendas===
12-18 21:18:25.663   926  5146 I APP_LOCK: ao.gdse.arenaticket.vendas is not locked
12-18 21:18:25.663   926  5146 I ActivityTaskManager: START u0 {act=android.intent.action.MAIN cat=[android.intent.category.LAUNCHER] flg=0x10200000 cmp=ao.gdse.arenaticket.vendas/.MainActivity bnds=[471,204][693,404]} from uid 10078
12-18 21:18:25.664   926  1087 D AudioTrack: start(22): 0xa8c95c00, prior state:STATE_STOPPED
12-18 21:18:25.664   435  1093 V AudioPolicyIntefaceImpl: startOutput()
12-18 21:18:25.664   435  1093 D APM_AudioPolicyManager: startOutput() output 13, stream 1, session 81
12-18 21:18:25.673   423   486 I AudioALSAStreamOut: updateSourceMetadata(), do nothing source_metadata = 0xa709aab8
12-18 21:18:25.673   435   799 D AudioFlinger_Threads: 0xa9660bc0:threadLoop_write write data to hw, mixerStatus 2, muted count 140
12-18 21:18:25.673   423  2006 D AudioALSAStreamOut: write(), flag 0x6, usePolicyDevice: 1, output_devices: 0x2 -> latest policyDevice 0x2 (ori policyDevice 0x2)
12-18 21:18:25.673   423  2006 D AudioALSAStreamManager: +syncSharedOutDevice(), originDevice/routingSharedOutDevice: 0x2/0x2, mAudioMode: 0
12-18 21:18:25.674   423  2006 D AudioMTKGainController: setNormalVolume(), mSceneIndex = 0, stream 1, devices 0x2, index 8, mode 0x0, gainDevice 0x2
12-18 21:18:25.674   423  2006 D AudioMTKGainController: setSpeakerGain(), gain = 10, spkAnaType = 3
12-18 21:18:25.674   423  2006 D AudioALSAStreamOut: open(), flags 6
12-18 21:18:25.674   423  2006 D AudioALSAStreamManager: +createPlaybackHandler(), mAudioMode = 0, output_devices = 0x2, isMixerOut = 0, isBypassAurisys = 0, flag = 6, isIEMsSource = 0, isIEMsOn = 0
12-18 21:18:25.674   423  2006 D AudioALSAStreamManager: needEnableVoip(), output_devices = 0x2, flags: 0x6, mAvailableOutputFlags: 0x1000e, enable: 0
12-18 21:18:25.675   423  2006 D AudioALSAPlaybackHandlerNormal: +open(), flag = 6, source output_devices = 0x2, audio_format = 3, buffer_size = 2048, sample_rate = 48000
12-18 21:18:25.675   423  2006 D AudioALSADeviceParser: compare pcm success = 7, stringpair = I2S0DL1_PLayback
12-18 21:18:25.677   423  2006 D AudioUtility: chooseTargetSampleRate() hiFiState 0 isDeviceSupportHiFi 0 sampleRate 48000 targetSampleRate 48000
12-18 21:18:25.677   423  2006 D AudioALSAPlaybackHandlerBase: transferAudioFormatToPcmFormat(), audio_format(0x4) => pcm_format(0x1)
12-18 21:18:25.677   423  2006 D AudioALSAPlaybackHandlerNormal: open(), flag = 6, mConfig: channels = 2, sample_rate(target) = 48000, period_size = 256, period_count = 2, format = 1, avail_min = 256, start_threshold = 512
12-18 21:18:25.678   423  2006 D AudioALSAPlaybackHandlerNormal: SetLowJitterMode(), bypass low jitter mode, bEnable = 1, device = 0x2, SampleRate = 48000
12-18 21:18:25.678   423  2006 D AudioALSAPlaybackHandlerBase: openPcmDriverWithFlag(), pcm device = 7 flag = 0x8 mPcm = 0xa80b3100
12-18 21:18:25.678   423  2006 D AudioALSAPlaybackHandlerBase: CreateAurisysLibManager, ph type: 0, voip: 0, mAurisysScenario: 1
12-18 21:18:25.678   423  2006 D aurisys_utility: input dev: 0x80000004, fmt = 0x3, fs: 48000, max fs: 48000, ch: 2, max ch: 1, ch maks: 0x3, hw_info_mask: 0x0; output dev: 0x2, fmt = 0x3, fs: 48000, max fs: 48000, ch: 2, max ch: 2, ch maks: 0x3, hw_info_mask: 0x0; task_scene: 2, audio_mode: 0, stream_type: 1, output_flags: 0x6, input_source: 0, input_flags: 0x0; network_info: 0, enhancement_feature_mask: 0x0
12-18 21:18:25.679   423  2006 D AudioUtility: setupCustomInfoStr(), custom_info = "", (scene = , vol_level = -1, bt_codec = -1)
12-18 21:18:25.679   423  2006 D aurisys_utility: lib, working fs: 48000, fmt: 0x3, frame = 0, b_interleave = 1, num_ul_ref_buf_array = 0, num_dl_ref_buf_array = 0
12-18 21:18:25.679   423  2006 D aurisys_utility: dl in[type:2], ch: 2, ch_mask: 0x3, buf fs: 48000, buf content fs: 48000, fmt: 0x3; dl out[type:3], ch: 2, ch_mask: 0x3, buf fs: 48000, buf content fs: 48000, fmt: 0x3
12-18 21:18:25.679   423  2006 D android.hardware.audio.service.mediatek: get_custom_info_value(), cusom_info = , key= SetAudioCustomScene, ret = -22, ptr = 0x0, value_str = , max_value_str_leng = 20
12-18 21:18:25.679   423  2006 D AudioCompFltCustParam: audioHierarchicalParamEnable [1]
12-18 21:18:25.679   423  2006 D AudioCompFltCustParam: getPlaybackPostProcessParameterFromXML Type/Name [5]/[PlaybackDRC]
12-18 21:18:25.679   423  2006 D AudioCompFltCustParam: audioHierarchicalParamEnable [1]
12-18 21:18:25.679   423  2006 D AudioCompFltCustParam: getPlaybackPostProcessParameterFromXML Type/Name [0]/[PlaybackACF]
12-18 21:18:25.680   423  2006 D AudioCompFltCustParam: audioHierarchicalParamEnable [1]
12-18 21:18:25.680   423  2006 D AudioCompFltCustParam: getPlaybackPostProcessParameterFromXML Type/Name [6]/[PlaybackDRC]
12-18 21:18:25.680   926  5146 D CompatibilityChangeReporter: Compat change id reported: 174042980; UID 10092; state: DISABLED
12-18 21:18:25.680   423  2006 D AudioCompFltCustParam: audioHierarchicalParamEnable [1]
12-18 21:18:25.680   423  2006 D AudioCompFltCustParam: getPlaybackPostProcessParameterFromXML Type/Name [8]/[PlaybackACF]
12-18 21:18:25.680   423  2006 D aurisys_lib_handler: aurisys_arsi_parsing_param_file(), gProductInfo "platform=MT6761,device=V2sB12,model=V2s", file_path "/vendor/etc/audio_param", enhancement_mode 0, param_buf_size 2528, data_size 2528, custom_info 
12-18 21:18:25.680   423  2006 D aurisys_lib_handler: aurisys_arsi_create_handler(), lib_name mtk_bessound, 0xa8864f00, memory_size 72624, arsi_handler 0xa827ed80, retval 0x0
12-18 21:18:25.680   423  2006 D aurisys_lib_handler: aurisys_arsi_create_handler(), arsi_query_process_unit_bytes, ul 0, dl 2048, retval 0
12-18 21:18:25.680   423  2006 D aurisys_lib_manager: DL Lib, lib_name mtk_bessound, 0xa8864f00, sample_rate: 48000 => 48000, num_channels: 2 => 2, audio_format: 0x3 => 0x3, interleave: 1 => 1, frame: 0 => 0
12-18 21:18:25.680   423  2006 D aurisys_lib_manager: DL out, sample_rate: 48000 => 48000, num_channels: 2 => 2, audio_format: 0x3 => 0x4, interleave: 1 => 1, frame: 0 => 0
12-18 21:18:25.681   423  2006 D AudioALSAHardwareResourceManager: +startOutputDevice(), new_devices = 0x2, mOutputDevices = 0x0, mStartOutputDevicesCount = 0 SampleRate = 48000
12-18 21:18:25.681   423  2006 D AudioALSADeviceConfigManager: ApplyDeviceTurnonSequenceByName() DeviceName = speaker_output descriptor->DeviceStatusCounte = 0
12-18 21:18:25.681   926  5146 D CompatibilityChangeReporter: Compat change id reported: 184838306; UID 10092; state: DISABLED
12-18 21:18:25.682   926  5146 D CompatibilityChangeReporter: Compat change id reported: 185004937; UID 10092; state: DISABLED
12-18 21:18:25.682   423  2006 D AudioALSADeviceConfigManager: ApplyDeviceTurnonSequenceByName() DeviceName = ext_speaker_output descriptor->DeviceStatusCounte = 0
12-18 21:18:25.683   443   443 I BufferQueueProducer: [com.android.launcher3/com.android.launcher3.Launcher3QuickStepGo#0](this:0xb2798d44,id:-1,api:0,p:-1,c:443) queueBuffer: fps=1.94 dur=3609.23 max=3511.47 min=16.04
12-18 21:18:25.683   926  5146 D CompatibilityChangeReporter: Compat change id reported: 181136395; UID 10092; state: DISABLED
12-18 21:18:25.684   926  5146 D CompatibilityChangeReporter: Compat change id reported: 174042936; UID 10092; state: DISABLED
12-18 21:18:25.685   426   601 I hwcomposer: [HWCDisplay] [Display_0 (type:1)] fps:0.901016,dur:1109.86,max:1109.86,min:1109.86  
12-18 21:18:25.687   434   453 I mtkpower@impl: [setMode] type:5, enabled:1
12-18 21:18:25.688   434   493 I libPowerHal: [perfLockAcq] idx:0 hdl:2653 hint:11 pid:434 duration:30000 lock_user:mtkpower@1.0-se => ret_hdl:2653
12-18 21:18:25.688   434   493 I libPowerHal: LAUNCH: cpu_ctrl set cpu freq: 2001000 -1
12-18 21:18:25.688   434   493 I libPowerHal: [PE] LAUNCH update cmd:1000000, param:0
12-18 21:18:25.688   434   493 I libPowerHal: [PE] LAUNCH update cmd:1408300, param:100
12-18 21:18:25.688   434   493 I libPowerHal: [PE] LAUNCH update cmd:1000000 param:0
12-18 21:18:25.690   926  5146 I APP_LOCK: ao.gdse.arenaticket.vendas is not locked
12-18 21:18:25.692   926  5146 I PowerHalWrapper: <amsBoostResume> last:com.android.launcher3, next:ao.gdse.arenaticket.vendas 
12-18 21:18:25.694   434   493 I libPowerHal: [perfLockRel] hdl:2587, idx:-1
12-18 21:18:25.694   423  2006 D AudioALSAHardwareResourceManager: notifyOutputDeviceStatusChange(), device = 2, status = 0, sampleRate = 48000, mOpenSpeakerPathCount = 1
12-18 21:18:25.694   423  2006 D AudioALSAStreamManager: speakerStatusChangeCb(), status = 0, sampleRate = 48000
12-18 21:18:25.694   423  2006 D AudioALSAPlaybackHandlerNormal: -open()
12-18 21:18:25.694   434   493 I libPowerHal: [perfLockAcq] idx:1 hdl:2654 hint:22 pid:434 duration:10000 lock_user:mtkpower@1.0-se => ret_hdl:2654
12-18 21:18:25.705   926   987 I PowerHalWrapper: amsBoostProcessCreate package:ao.gdse.arenaticket.vendas 
12-18 21:18:25.706   926   987 D SBE-LaunchIdentify: SBE boost:ao.gdse.arenaticket.vendas begin
12-18 21:18:25.709   926   987 D CompatibilityChangeReporter: Compat change id reported: 135634846; UID 10092; state: DISABLED
12-18 21:18:25.710   434   493 I libPowerHal: [perfLockAcq] idx:2 hdl:2655 hint:21 pid:434 duration:10000 lock_user:mtkpower@1.0-se => ret_hdl:2655
12-18 21:18:25.711   434   493 I libPowerHal: [PE] MTKPOWER_HINT_PROCESS_CREATE update cmd:2020000, param:15
12-18 21:18:25.712   435   798 D MtkAudioLoud: +close()
12-18 21:18:25.712   434   493 I libPowerHal: [perfLockRel] hdl:2586, idx:-1
12-18 21:18:25.712   435   798 D MtkAudioLoud: mCustScene = , size = 65 len = 0
12-18 21:18:25.712  1133  1262 W PackageManager: Failure retrieving resources for ao.gdse.arenaticket.vendas: Drawable ao.gdse.arenaticket.vendas:mipmap/ic_launcher with resource ID #0x7f0c0000
12-18 21:18:25.712   435   798 D MtkAudioLoud: loadParameter HIT Cache Type [5], Scene []
12-18 21:18:25.712   435   798 D MtkAudioLoud: mIsZeroCoeff 1 mFilterType 5
12-18 21:18:25.712   435   798 D AudioMixer: updateDRCParam, DRC apply framecount 256
12-18 21:18:25.712   435   798 D MtkAudioLoud: mBlockSize 512, mInitParam.Frame_Length 512
12-18 21:18:25.712   435   798 D MtkAudioLoud: -setParameter(), paramID 16, param 256
12-18 21:18:25.712   435   798 D MtkAudioLoud: setParameter 533 mInitParam.Initial_State 2
12-18 21:18:25.712   435   798 D MtkAudioLoud: +open()
12-18 21:18:25.712   926  6328 I APP_LOCK: ao.gdse.arenaticket.vendas is not locked
12-18 21:18:25.713   443  1500 I SurfaceFlinger: [SF client] NEW(0xb2730270) for (1133:com.android.systemui)
12-18 21:18:25.713   926   987 D CompatibilityChangeReporter: Compat change id reported: 177438394; UID 10092; state: DISABLED
12-18 21:18:25.713   926   987 D CompatibilityChangeReporter: Compat change id reported: 135772972; UID 10092; state: DISABLED
12-18 21:18:25.714   435   798 D MtkAudioLoud: -open() result 0
12-18 21:18:25.714   435   798 D MtkAudioLoud: +change2Normal()
12-18 21:18:25.714   435   798 D MtkAudioLoud: -change2Normal()
12-18 21:18:25.714   926   987 D CompatibilityChangeReporter: Compat change id reported: 135754954; UID 10092; state: ENABLED
12-18 21:18:25.715   926   994 D DexOptExtImpl: ao.gdse.arenaticket.vendas reason is 1 abi is armeabi-v7a
12-18 21:18:25.718   926   997 D CompatibilityChangeReporter: Compat change id reported: 143937733; UID 10092; state: ENABLED
12-18 21:18:25.719   926  6328 I PowerHalWrapper: amsBoostNotify pid:1429,activity:com.android.launcher3.Launcher3QuickStepGo, package:com.android.launcher3, mProcessCreatePackao.gdse.arenaticket.vendas 
12-18 21:18:25.719   926  6328 I PowerHalWrapper: state: 0 
12-18 21:18:25.719   926  6328 I PowerHalWrapper: amsBoostNotify AMS_BOOST_PROCESS_CREATE_BOOST:true 
12-18 21:18:25.722   434   493 I libPowerHal: [perfNotifyAppState] pack:com.android.launcher3, act:com.android.launcher3.Launcher3QuickStepGo, state:0, pid:1429, uid:10078, fps:60
12-18 21:18:25.733  1133  1261 D ViewRootImpl[vendas]: hardware acceleration = true, sRendererEnabled = true, forceHwAccelerated = false
12-18 21:18:25.745   415   415 D Zygote  : Forked child process 9104
12-18 21:18:25.747   926   997 I ActivityManager: Start proc 9104:ao.gdse.arenaticket.vendas/u0a92 for pre-top-activity {ao.gdse.arenaticket.vendas/ao.gdse.arenaticket.vendas.MainActivity}
12-18 21:18:25.785  9104  9104 I naticket.venda: Late-enabling -Xcheck:jni
12-18 21:18:25.792   443   509 E BufferQueueDebug: [Splash Screen ao.gdse.arenaticket.vendas#0](this:0xb2794d44,id:-1,api:0,p:-1,c:-1) id info cannot be read from 'Splash Screen ao.gdse.arenaticket.vendas#0'
12-18 21:18:25.793   443   509 I BufferQueueDebug: [Splash Screen ao.gdse.arenaticket.vendas#0](this:0xb2794d44,id:-1,api:0,p:-1,c:-1) BufferQueue core=(443:/system/bin/surfaceflinger)
12-18 21:18:25.798   926  5146 W WindowManager: Changing focus from Window{1b0739e u0 com.android.launcher3/com.android.launcher3.Launcher3QuickStepGo} to null displayId=0 Callers=com.android.server.wm.RootWindowContainer.updateFocusedWindowLocked:465 com.android.server.wm.WindowManagerService.updateFocusedWindowLocked:5754 com.android.server.wm.WindowManagerService.relayoutWindow:2476 com.android.server.wm.Session.relayout:235 
12-18 21:18:25.800  1133  1261 I BufferQueueConsumer: [](id:46d0000005c,api:0,p:-1,c:1133) connect: controlledByApp=false
12-18 21:18:25.801  1133  1261 I BLASTBufferQueue: [ViewRootImpl[vendas]#92] constructor()
12-18 21:18:25.802  1133  1377 I BufferQueueProducer: [ViewRootImpl[vendas]#92(BLAST Consumer)92](id:46d0000005c,api:1,p:1133,c:1133) connect: api=1 producerControlledByApp=true
12-18 21:18:25.815   926  9106 D AudioTrack: stop(22): 0xa8c95c00, prior state:STATE_ACTIVE
12-18 21:18:25.830   926  9106 D AudioTrack: stop(22): 0xa8c95c00 stop done
12-18 21:18:25.861   435   798 D MtkAudioLoud: +close()
12-18 21:18:25.861   435   798 D MtkAudioLoud: -close()
12-18 21:18:25.862   435   799 V AudioPolicyIntefaceImpl: stopOutput()
12-18 21:18:25.869   435   694 V AudioPolicyIntefaceImpl: doStopOutput
12-18 21:18:25.869   423   486 I AudioALSAStreamOut: updateSourceMetadata(), do nothing source_metadata = 0xa709aab8
12-18 21:18:25.869   435   694 W AudioPolicyManagerCustomImpl: [MTK_APM_Route]setOutputDevices() mIoHandle 13 mId 1 device (0x2)(0x1 , 0x2 , 0x4 , 0x8 , 0x10 , 0x20 , 0x40 , 0x400 , 0x800 , 0x1000 , 0x4000 , 0x100000 , 0x4000000) delayMs 104 force 0 size 3
12-18 21:18:25.870  1429  1678 I BufferQueueProducer: [ViewRootImpl[Launcher3QuickStepGo]#64(BLAST Consumer)64](id:59500000043,api:1,p:1429,c:1429) disconnect: api 1
12-18 21:18:25.880   435   799 D AudioFlinger_Threads: 0xa9660bc0:threadLoop_write write muted data to hw, mixerStatus 0 start, mId 13, mBytesWritten 57344
12-18 21:18:25.887  1429  1429 I BLASTBufferQueue: [ViewRootImpl[Launcher3QuickStepGo]#64] destructor()
12-18 21:18:25.887  1429  1429 I BufferQueueConsumer: [ViewRootImpl[Launcher3QuickStepGo]#64(BLAST Consumer)64](id:59500000043,api:0,p:-1,c:1429) disconnect
12-18 21:18:25.892   443   443 I BufferQueueProducer: [StatusBar#0](this:0xb2907d44,id:-1,api:0,p:-1,c:443) queueBuffer: fps=0.76 dur=1319.33 max=1319.33 min=1319.33
12-18 21:18:25.908   443   443 I BufferQueueProducer: [NavigationBar0#0](this:0xb3b19d44,id:-1,api:0,p:-1,c:443) queueBuffer: fps=0.43 dur=4651.21 max=4618.87 min=32.35
12-18 21:18:25.936  5944  5949 I adbd    : jdwp connection from 9104
12-18 21:18:25.945  9104  9104 D ProcessState: Binder ioctl to enable oneway spam detection failed: Invalid argument
12-18 21:18:25.962   926  4603 V ActivityManager: New death recipient com.android.server.am.ActivityManagerService$AppDeathRecipient@8a4c0d0 for thread android.os.BinderProxy@1c5a8c9
12-18 21:18:25.976   926  4603 I PowerHalWrapper: amsBoostNotify pid:9104,activity:ao.gdse.arenaticket.vendas.MainActivity, package:ao.gdse.arenaticket.vendas, mProcessCreatePackao.gdse.arenaticket.vendas 
12-18 21:18:25.978   926  4603 I PowerHalWrapper: state: 1 
12-18 21:18:25.979   434   493 I libPowerHal: [perfNotifyAppState] pack:ao.gdse.arenaticket.vendas, act:ao.gdse.arenaticket.vendas.MainActivity, state:1, pid:9104, uid:10092, fps:60
12-18 21:18:25.979   434   493 I libPowerHal: [perfNotifyAppState] foreground:ao.gdse.arenaticket.vendas, pid:9104, uid:10092
12-18 21:18:25.980   434   493 E UxUtility: notifyAppState error = NULL
12-18 21:18:25.980   434   493 I TouchUtility: notifyAppState error = NULL
12-18 21:18:25.981   434   452 I mtkpower@impl: [notifyAppState] pc:1, com.android.launcher3 => ao.gdse.arenaticket.vendas
12-18 21:18:25.982   926  4603 I PowerHalWrapper: amsBoostNotify AMS_BOOST_PROCESS_CREATE_BOOST:true 
12-18 21:18:26.062  9123  9123 W MTK_FG_FUEL: fd < 0, init first!
12-18 21:18:26.063  9123  9123 W MTK_FG_FUEL: init failed, return!
12-18 21:18:26.207  9104  9104 D CompatibilityChangeReporter: Compat change id reported: 171979766; UID 10092; state: ENABLED
12-18 21:18:26.463  9104  9104 V GraphicsEnvironment: ANGLE Developer option for 'ao.gdse.arenaticket.vendas' set to: 'default'
12-18 21:18:26.464  9104  9104 V GraphicsEnvironment: Neither updatable production driver nor prerelease driver is supported.
12-18 21:18:26.472  9104  9104 I LoadedApk: No resource references to update in package com.sunmi
12-18 21:18:26.473  9104  9104 D NetworkSecurityConfig: No Network Security Config specified, using platform default
12-18 21:18:26.476  9104  9104 D NetworkSecurityConfig: No Network Security Config specified, using platform default
12-18 21:18:26.623   434   454 D power@timer: [mtkPowerTimer] visRead:0
12-18 21:18:26.654  9104  9104 D AppCompatDelegate: Checking for metadata for AppLocalesMetadataHolderService : Service not found
12-18 21:18:26.662   434   480 I libPerfCtl: xgfGetFPS pid:1133 fps:64
12-18 21:18:26.662   434   480 I libPerfCtl: xgfGetFPS pid:1429 fps:52
12-18 21:18:26.671   926  4603 V SettingsProvider: packageValueForCallResult, name = null, value : Bundle[{_track_generation=android.util.MemoryIntArray@a0, value=null, _generation_index=0, _generation=42}]
12-18 21:18:26.714  9104  9104 D ArenaTicket:  MainActivity onCreate iniciado
12-18 21:18:26.757  9104  9104 I WebViewFactory: Loading com.android.webview version 91.0.4472.114 (code 447211450)
12-18 21:18:26.777  9104  9104 D nativeloader: classloader namespace configured for unbundled product apk. library_path=/product/app/webview/lib/arm:/product/app/webview/webview.apk!/lib/armeabi-v7a:/product/lib:/system/product/lib
12-18 21:18:26.851  9104  9104 W naticket.venda: Accessing hidden method Landroid/os/Trace;->isTagEnabled(J)Z (unsupported, reflection, allowed)
12-18 21:18:26.851  9104  9104 W naticket.venda: Accessing hidden method Landroid/os/Trace;->traceBegin(JLjava/lang/String;)V (unsupported, reflection, allowed)
12-18 21:18:26.852  9104  9104 W naticket.venda: Accessing hidden method Landroid/os/Trace;->traceEnd(J)V (unsupported, reflection, allowed)
12-18 21:18:26.852  9104  9104 W naticket.venda: Accessing hidden method Landroid/os/Trace;->asyncTraceBegin(JLjava/lang/String;I)V (unsupported, reflection, allowed)
12-18 21:18:26.852  9104  9104 W naticket.venda: Accessing hidden method Landroid/os/Trace;->asyncTraceEnd(JLjava/lang/String;I)V (unsupported, reflection, allowed)
12-18 21:18:26.931  9104  9104 I cr_LibraryLoader: Loaded native library version number "91.0.4472.114"
12-18 21:18:26.933  9104  9104 W naticket.venda: Accessing hidden field Ljava/util/Collections$SynchronizedCollection;->mutex:Ljava/lang/Object; (max-target-o, reflection, denied)
12-18 21:18:26.934  9104  9104 W naticket.venda: Accessing hidden field Ljava/util/Collections$SynchronizedCollection;->c:Ljava/util/Collection; (unsupported, reflection, allowed)
12-18 21:18:26.934  9104  9104 W naticket.venda: Accessing hidden method Ljava/util/Collections$SynchronizedSet;-><init>(Ljava/util/Set;Ljava/lang/Object;)V (max-target-o, reflection, denied)
12-18 21:18:26.935  9104  9104 W naticket.venda: Accessing hidden method Ljava/util/Collections$SynchronizedCollection;-><init>(Ljava/util/Collection;Ljava/lang/Object;)V (max-target-o, reflection, denied)
12-18 21:18:26.937  9104  9104 I cr_CachingUmaRecorder: Flushed 6 samples from 6 histograms.
12-18 21:18:26.987   926  5146 D CompatibilityChangeReporter: Compat change id reported: 135634846; UID 10092; state: DISABLED
12-18 21:18:26.988   926   997 D CompatibilityChangeReporter: Compat change id reported: 143937733; UID 10092; state: ENABLED
12-18 21:18:27.000  1239  1239 D Zygote  : Forked child process 9139
12-18 21:18:27.007   926   997 I ActivityManager: Start proc 9139:com.android.webview:sandboxed_process1:org.chromium.content.app.SandboxedProcessService1:0/u0i25 for  {ao.gdse.arenaticket.vendas/org.chromium.content.app.SandboxedProcessService1:0}
12-18 21:18:27.028  9139  9139 E ocessService1:: Not starting debugger since process cannot load the jdwp agent.
12-18 21:18:27.032  9139  9139 D ProcessState: Binder ioctl to enable oneway spam detection failed: Invalid argument
12-18 21:18:27.043   926  4603 V ActivityManager: New death recipient com.android.server.am.ActivityManagerService$AppDeathRecipient@2641cf5 for thread android.os.BinderProxy@ff12a8a
12-18 21:18:27.058  9139  9139 D CompatibilityChangeReporter: Compat change id reported: 171979766; UID 99025; state: ENABLED
12-18 21:18:27.081  9139  9139 I LoadedApk: No resource references to update in package com.sunmi
12-18 21:18:27.081  9139  9139 D NetworkSecurityConfig: No Network Security Config specified, using platform default
12-18 21:18:27.082  9139  9139 D NetworkSecurityConfig: No Network Security Config specified, using platform default
12-18 21:18:27.088  9139  9139 I cr_ChildProcessService: Creating new ChildProcessService pid=9139
12-18 21:18:27.094   331   331 E SELinux : avc:  denied  { find } for pid=9139 uid=99025 name=content_capture scontext=u:r:isolated_app:s0:c512,c768 tcontext=u:object_r:content_capture_service:s0 tclass=service_manager permissive=0
12-18 21:18:27.242   926  5146 V SettingsProvider: packageValueForCallResult, name = null, value : Bundle[{_track_generation=android.util.MemoryIntArray@a0, value=null, _generation_index=3, _generation=17}]
12-18 21:18:27.259  9104  9104 D CompatibilityChangeReporter: Compat change id reported: 171228096; UID 10092; state: ENABLED
12-18 21:18:27.284   926  5146 D ConnectivityService: requestNetwork for uid/pid:10092/9104 activeRequest: null callbackRequest: 134 [NetworkRequest [ REQUEST id=135, [ Capabilities: INTERNET&NOT_RESTRICTED&TRUSTED&NOT_VCN_MANAGED Uid: 10092 RequestorUid: 10092 RequestorPkg: ao.gdse.arenaticket.vendas] ]] callback flags: 0 priority: 2147483647
12-18 21:18:27.287   926  1079 D ConnectivityService: NetReassign [135 : null  110]
12-18 21:18:27.293  8377  8377 I WifiHAL : Get link layer stats
12-18 21:18:27.293  8377  8377 I WifiHAL : GetLinkStatsCommand::create
12-18 21:18:27.294   926  1079 D ConnectivityService: NetReassign [no changes]
12-18 21:18:27.294  8377  8377 D android.hardware.wifi@1.0-service-lazy: WifiRequest::create vendor command to iface 31, vendor_id=0x1a11, subcmd=0x1200, res=0
12-18 21:18:27.295  8377  8377 I android.hardware.wifi@1.0-service-lazy: WifiCommand::requestResponse err=-14
12-18 21:18:27.296  8377  8377 I WifiHAL : wifi_get_link_stats: result=-1
12-18 21:18:27.298   926  1072 E WifiVendorHal: getWifiLinkLayerStats_1_5_Internal(l.1191) failed {.code = ERROR_UNKNOWN, .description = unknown}
12-18 21:18:27.323   926  1072 D WifiNetworkFactory: got request NetworkRequest [ REQUEST id=135, [ Capabilities: INTERNET&NOT_RESTRICTED&TRUSTED&NOT_VCN_MANAGED Uid: 10092 RequestorUid: 10092 RequestorPkg: ao.gdse.arenaticket.vendas] ]
12-18 21:18:27.327   926  1072 D UntrustedWifiNetworkFactory: got request NetworkRequest [ REQUEST id=135, [ Capabilities: INTERNET&NOT_RESTRICTED&TRUSTED&NOT_VCN_MANAGED Uid: 10092 RequestorUid: 10092 RequestorPkg: ao.gdse.arenaticket.vendas] ]
12-18 21:18:27.328   926  1072 D OemPaidWifiNetworkFactory: got request NetworkRequest [ REQUEST id=135, [ Capabilities: INTERNET&NOT_RESTRICTED&TRUSTED&NOT_VCN_MANAGED Uid: 10092 RequestorUid: 10092 RequestorPkg: ao.gdse.arenaticket.vendas] ]
12-18 21:18:27.332  1133  1133 D WifiSignalController: isWifi6: false,wifiVisible: true
12-18 21:18:27.332  1133  1133 D WifiSignalController: iconId: 17302889
12-18 21:18:27.464  9104  9104 W naticket.venda: Accessing hidden method Landroid/view/View;->computeFitSystemWindows(Landroid/graphics/Rect;Landroid/graphics/Rect;)Z (unsupported, reflection, allowed)
12-18 21:18:27.469  9104  9104 W naticket.venda: Accessing hidden method Landroid/view/ViewGroup;->makeOptionalFitsSystemWindows()V (unsupported, reflection, allowed)
12-18 21:18:27.479  9104  9104 D ArenaTicket:  Criando SunmiPrinterBridge...
12-18 21:18:27.480  9104  9104 D SunmiPrinter:  SunmiPrinterBridge construtor iniciado
12-18 21:18:27.502  9104  9104 D ArenaTicket:  SunmiPrinterBridge criado
12-18 21:18:27.504  9104  9104 D ArenaTicket:  AndroidPrinter interface adicionado
12-18 21:18:27.517  9104  9162 W naticket.venda: Accessing hidden method Landroid/media/AudioManager;->getOutputLatency(I)I (unsupported, reflection, allowed)
12-18 21:18:27.554  9104  9162 W cr_media: Requires BLUETOOTH permission
12-18 21:18:27.560  9139  9153 I cr_LibraryLoader: Loaded native library version number "91.0.4472.114"
12-18 21:18:27.562  9139  9153 W ocessService1:: Accessing hidden field Ljava/util/Collections$SynchronizedCollection;->mutex:Ljava/lang/Object; (max-target-o, reflection, denied)
12-18 21:18:27.564  9139  9153 W ocessService1:: Accessing hidden method Ljava/util/Collections$SynchronizedSet;-><init>(Ljava/util/Set;Ljava/lang/Object;)V (max-target-o, reflection, denied)
12-18 21:18:27.564  9139  9153 W ocessService1:: Accessing hidden method Ljava/util/Collections$SynchronizedCollection;-><init>(Ljava/util/Collection;Ljava/lang/Object;)V (max-target-o, reflection, denied)
12-18 21:18:27.566  9139  9153 I cr_CachingUmaRecorder: Flushed 1 samples from 1 histograms.
12-18 21:18:27.572  9104  9171 D hw-ProcessState: Binder ioctl to enable oneway spam detection failed: Invalid argument
12-18 21:18:27.576   332   332 I hwservicemanager: getTransport: Cannot find entry android.hardware.configstore@1.0::ISurfaceFlingerConfigs/default in either framework or device VINTF manifest.
12-18 21:18:27.586  9139  9153 W SystemServiceRegistry: No service published for: uimode
12-18 21:18:27.663  9104  9171 I GED     : ged_boost_gpu_freq, level 100, eOrigin 2, final_idx 2, oppidx_max 2, oppidx_min 0
12-18 21:18:27.714  9104  9104 I SurfaceFactory: [static] sSurfaceFactory = com.mediatek.view.impl.SurfaceFactoryImpl@7c522e9
12-18 21:18:27.716   443  1500 I SurfaceFlinger: [SF client] NEW(0xb2b18790) for (9104:ao.gdse.arenaticket.vendas)
12-18 21:18:27.718  9104  9104 I MsyncFactory: [static] sMsyncFactory = com.mediatek.view.impl.MsyncFactoryImpl@8c90b6e
12-18 21:18:27.720  9104  9184 D OpenMsyncAppList: loadTunerAppList + 
12-18 21:18:27.730  9104  9184 D OpenMsyncAppList: loadTunerAppList - 
12-18 21:18:27.740  9104  9104 D ViewRootImpl[MainActivity]: hardware acceleration = true, sRendererEnabled = true, forceHwAccelerated = false
12-18 21:18:27.745   443  1500 I SurfaceFlinger: [SF client] NEW(0xb2730090) for (926:system_server)
12-18 21:18:27.762   426   601 I hwcomposer: [HWCDisplay] [Display_0 (type:1)] fps:7.705514,dur:2076.43,max:1818.71,min:12.67  
12-18 21:18:27.791   926  4603 V SettingsProvider: packageValueForCallResult, name = null, value : Bundle[{_track_generation=android.util.MemoryIntArray@a0, value=null, _generation_index=2, _generation=30}]
12-18 21:18:27.913  9104  9104 I PowerHalWrapper: PowerHalWrapper.getInstance 
12-18 21:18:27.950   926  5146 W AppOps  : checkIfInWhitelist : pkg =woyou.aidlservice.jiuiv5
12-18 21:18:27.992  9104  9191 D SunmiPrinter:  PrinterX conectado
12-18 21:18:28.058   443   510 E BufferQueueDebug: [ao.gdse.arenaticket.vendas/ao.gdse.arenaticket.vendas.MainActivity#0](this:0xb2792d44,id:-1,api:0,p:-1,c:-1) id info cannot be read from 'ao.gdse.arenaticket.vendas/ao.gdse.arenaticket.vendas.MainActivity#0'
12-18 21:18:28.058   443   510 I BufferQueueDebug: [ao.gdse.arenaticket.vendas/ao.gdse.arenaticket.vendas.MainActivity#0](this:0xb2792d44,id:-1,api:0,p:-1,c:-1) BufferQueue core=(443:/system/bin/surfaceflinger)
12-18 21:18:28.066   926  6328 W WindowManager: Changing focus from null to Window{16e9e51 u0 ao.gdse.arenaticket.vendas/ao.gdse.arenaticket.vendas.MainActivity} displayId=0 Callers=com.android.server.wm.RootWindowContainer.updateFocusedWindowLocked:465 com.android.server.wm.WindowManagerService.updateFocusedWindowLocked:5754 com.android.server.wm.WindowManagerService.relayoutWindow:2476 com.android.server.wm.Session.relayout:235 
12-18 21:18:28.072   926  6328 I WindowManager: Relayout Window{16e9e51 u0 ao.gdse.arenaticket.vendas/ao.gdse.arenaticket.vendas.MainActivity}: oldVis=4 newVis=0 focusMayChange = true requestedWidth = 720 requestedHeight = 1440 outFrames = ClientWindowFrames{frame=[0,0][720,1440] display=[0,0][720,1440] backdrop=[0,0][720,1440]} outSurfaceControl = Surface(name=ao.gdse.arenaticket.vendas/ao.gdse.arenaticket.vendas.MainActivity)/@0xb569f3e
12-18 21:18:28.076   926   988 D CompatibilityChangeReporter: Compat change id reported: 158002302; UID 10092; state: ENABLED
12-18 21:18:28.079  9104  9104 I BufferQueueConsumer: [](id:239000000000,api:0,p:-1,c:9104) connect: controlledByApp=false
12-18 21:18:28.083  9104  9104 I BLASTBufferQueue: [ViewRootImpl[MainActivity]#0] constructor()
12-18 21:18:28.124   443   509 E HWComposer: getSupportedContentTypes: getSupportedContentTypes failed for display 0: Unsupported (8)
12-18 21:18:28.125  9104  9126 I BufferQueueProducer: [ViewRootImpl[MainActivity]#0(BLAST Consumer)0](id:239000000000,api:1,p:9104,c:9104) connect: api=1 producerControlledByApp=true
12-18 21:18:28.147  9104  9192 E ion     : ioctl c0044901 failed with code -1: Invalid argument
12-18 21:18:28.317  9104  9126 E OpenGLRenderer: fbcNotifyFrameComplete error: undefined symbol: fbcNotifyFrameComplete
12-18 21:18:28.318  9104  9126 E OpenGLRenderer: fbcNotifyNoRender error: undefined symbol: fbcNotifyNoRender
12-18 21:18:28.325   443   443 I ClientCache: add: Cache owner=0xb2b16b20
12-18 21:18:28.334  9104  9119 I OpenGLRenderer: Davey! duration=747ms; Flags=1, FrameTimelineVsyncId=246901, IntendedVsync=64051766737049, Vsync=64052166737057, InputEventId=0, HandleInputStart=64052173030143, AnimationStart=64052173042066, PerformTraversalsStart=64052175644835, DrawStart=64052327443004, FrameDeadline=64051792237049, FrameInterval=64052172870989, FrameStartTime=16666667, SyncQueued=64052343845775, SyncStart=64052353271930, IssueDrawCommandsStart=64052354024315, SwapBuffers=64052517135331, FrameCompleted=64052524128332, DequeueBufferDuration=0, QueueBufferDuration=3685846, GpuCompleted=64052523372947, SwapBuffersCompleted=64052524128332, DisplayPresentTime=0, 
