12-18 21:13:49.646   926  4603 I mtkpower_client: perf_lock_acq, hdl:2646, dur:0, num:2, tid:4603
12-18 21:13:49.647   926  4603 I mtkpower_client: ret_hdl:2647
12-18 21:13:49.647   434   493 I libPowerHal: cmdSetting - unknown cmd:2004200, scmd:(null) ,param_1:8742
12-18 21:13:49.647   434   493 I libPowerHal: [perfLockAcq] idx:2 hdl:2647 hint:-1 pid:926 duration:0 lock_user:system_server => ret_hdl:2647
12-18 21:13:49.647   926  4603 I mtkpower_client: perf_lock_rel, hdl:2647, tid:4603
12-18 21:13:49.648   434   493 I libPowerHal: [perfLockRel] hdl:2647, idx:2
12-18 21:13:49.824   926  4603 I mtkpower_client: perf_lock_rel, hdl:2641, tid:4603
12-18 21:13:49.825   926  5267 I mtkpower_client: perf_lock_acq, hdl:2642, dur:3000, num:4, tid:5267
12-18 21:13:49.825   434   493 I libPowerHal: [perfLockRel] hdl:2641, idx:1
12-18 21:13:49.827   926  5267 I mtkpower_client: ret_hdl:2648
12-18 21:13:49.827   434   493 I libPowerHal: [perfLockAcq] idx:1 hdl:2648 hint:-1 pid:926 duration:3000 lock_user:system_server => ret_hdl:2648
12-18 21:13:49.827   434   493 I libPowerHal: [fpsgo_noctrl_render_thread] 8742, 0xb26fe2d0
12-18 21:13:49.828   926  5267 I mtkpower_client: perf_lock_rel, hdl:2648, tid:5267
12-18 21:13:49.829   434   493 I libPowerHal: [PE] system_server update cmd:2000400 param:8742
12-18 21:13:49.829   434   493 I libPowerHal: [fpsgo_ctrl_render_thread] -8742, 0xb26fe2d0
12-18 21:13:49.829   434   493 E libPowerHal: Could not open '/sys/kernel/fpsgo/fstb/set_ui_ctrl'
12-18 21:13:49.829   434   493 E libPowerHal: error : 2, No such file or directory
12-18 21:13:49.829   434   493 I libPowerHal: [PE] system_server update cmd:2000300 param:-8742
12-18 21:13:49.829   434   493 I libPowerHal: [perfLockRel] hdl:2648, idx:1
12-18 21:13:49.830   434   493 I libPowerHal: [fpsgo_noctrl_render_thread] 8742, 0xb26fe2d0
12-18 21:13:49.830   434   493 I libPowerHal: [PD] system_server update ONESHOT cmd:2000400 param:8742
12-18 21:13:49.830   434   493 I libPowerHal: [fpsgo_ctrl_render_thread] -8742, 0xb26fe2d0
12-18 21:13:49.830   434   493 E libPowerHal: Could not open '/sys/kernel/fpsgo/fstb/set_ui_ctrl'
12-18 21:13:49.830   434   493 E libPowerHal: error : 2, No such file or directory
12-18 21:13:49.830   434   493 I libPowerHal: [PD] system_server update ONESHOT cmd:2000300 param:-8742
12-18 21:13:49.912   434   493 I mtkpower@impl: [powerd_req] TIMER_MSG_PERF_LOCK_TIMEOUT hdl:2640
12-18 21:13:49.912   434   493 I libPowerHal: [perfLockRel] hdl:2640, idx:0
12-18 21:13:49.913   434   493 I libPowerHal: MTKPOWER_HINT_UX_SCROLLING: cpu_ctrl set cpu freq: -1 -1
12-18 21:13:50.397  8723  8723 I chromium: [INFO:CONSOLE(51)] " Iniciando impresso... [object Object]", source: https://admin.arenaticket.gdse.ao/assets/VendasPage-D1k_p-2A.js (51)
12-18 21:13:50.398  8723  8723 I chromium: [INFO:CONSOLE(51)] " Imprimindo via SUNMI...", source: https://admin.arenaticket.gdse.ao/assets/VendasPage-D1k_p-2A.js (51)
12-18 21:13:50.401  8723  8723 I chromium: [INFO:CONSOLE(1)] " Deteco impressora: [object Object]", source: https://admin.arenaticket.gdse.ao/assets/VendasPage-D1k_p-2A.js (1)
12-18 21:13:50.458  8723  8723 I chromium: [INFO:CONSOLE(51)] " Bilhete impresso via AndroidPrinter", source: https://admin.arenaticket.gdse.ao/assets/VendasPage-D1k_p-2A.js (51)
12-18 21:13:50.458  8723  8723 I chromium: [INFO:CONSOLE(51)] " Abrindo gaveta de dinheiro...", source: https://admin.arenaticket.gdse.ao/assets/VendasPage-D1k_p-2A.js (51)
12-18 21:13:50.458  8723  8723 I chromium: [INFO:CONSOLE(1)] " Deteco impressora: [object Object]", source: https://admin.arenaticket.gdse.ao/assets/VendasPage-D1k_p-2A.js (1)
12-18 21:13:50.460  8723  8723 I chromium: [INFO:CONSOLE(21)] "Erro ao abrir gaveta: TypeError: Cannot read property 'printer' of undefined", source: https://admin.arenaticket.gdse.ao/assets/VendasPage-D1k_p-2A.js (21)
12-18 21:13:50.460  8723  8723 I chromium: [INFO:CONSOLE(51)] " 1 bilhete(s) impresso(s)", source: https://admin.arenaticket.gdse.ao/assets/VendasPage-D1k_p-2A.js (51)
12-18 21:13:50.505  8909  8909 W MTK_FG_FUEL: fd < 0, init first!
12-18 21:13:50.506  8909  8909 W MTK_FG_FUEL: init failed, return!
12-18 21:13:50.635   443   443 I BufferQueueProducer: [ao.gdse.arenaticket.vendas/ao.gdse.arenaticket.vendas.MainActivity#0](this:0xb2790d44,id:-1,api:0,p:-1,c:443) queueBuffer: fps=16.05 dur=1682.42 max=1061.89 min=13.74
12-18 21:13:50.637   426   601 I hwcomposer: [HWCDisplay] [Display_0 (type:1)] fps:7.567473,dur:1189.30,max:1061.90,min:13.50  
12-18 21:13:51.126  8377  8377 I WifiHAL : Get link layer stats
12-18 21:13:51.126  8377  8377 I WifiHAL : GetLinkStatsCommand::create
12-18 21:13:51.127  8377  8377 I android.hardware.wifi@1.0-service-lazy: WifiCommand::requestResponse err=-14
12-18 21:13:51.127  8377  8377 I WifiHAL : wifi_get_link_stats: result=-1
12-18 21:13:51.129   926  1072 E WifiVendorHal: getWifiLinkLayerStats_1_5_Internal(l.1191) failed {.code = ERROR_UNKNOWN, .description = unknown}
12-18 21:13:53.233   443   443 I BufferQueueProducer: [StatusBar#0](this:0xb2907d44,id:-1,api:0,p:-1,c:443) queueBuffer: fps=0.20 dur=5063.34 max=5063.34 min=5063.34
12-18 21:13:53.236   426   601 I hwcomposer: [HWCDisplay] [Display_0 (type:1)] fps:0.384867,dur:2598.30,max:2598.30,min:2598.30  
12-18 21:13:53.513   926  1059 W ContextImpl: Calling a method in the system process without a qualified user: android.app.ContextImpl.sendBroadcast:1173 com.android.server.policy.PhoneWindowManager.interceptKeyBeforeQueueing:3723 com.android.server.wm.InputManagerCallback.interceptKeyBeforeQueueing:149 com.android.server.input.InputManagerService.interceptKeyBeforeQueueing:2811 <bottom of call stack> 
12-18 21:13:53.537   926  1059 E WindowManager: getTopActivityName:: return
12-18 21:13:53.544   926  1059 E WindowManager: getTopActivityName:: return
12-18 21:13:53.544   926  1059 E WindowManager: getTopActivityName:: return
12-18 21:13:53.545   926  1059 E WindowManager: getTopActivityName:: return
12-18 21:13:53.546  1265  1265 W System.err: java.io.IOException: Cannot run program "iwpriv": error=2, No such file or directory
12-18 21:13:53.547  1265  1265 W System.err: 	at java.lang.ProcessBuilder.start(ProcessBuilder.java:1050)
12-18 21:13:53.547  1265  1265 W System.err: 	at java.lang.Runtime.exec(Runtime.java:694)
12-18 21:13:53.547  1265  1265 W System.err: 	at java.lang.Runtime.exec(Runtime.java:559)
12-18 21:13:53.547  1265  1265 W System.err: 	at com.android.phone.CapSensor.turnDownWifiTxPower(CapSensor.java:149)
12-18 21:13:53.547  1265  1265 W System.err: 	at com.android.phone.CapSensor.access$700(CapSensor.java:20)
12-18 21:13:53.547  1265  1265 W System.err: 	at com.android.phone.CapSensor$1.handleMessage(CapSensor.java:113)
12-18 21:13:53.547  1265  1265 W System.err: 	at android.os.Handler.dispatchMessage(Handler.java:106)
12-18 21:13:53.547  1265  1265 W System.err: 	at android.os.Looper.loopOnce(Looper.java:201)
12-18 21:13:53.547  1265  1265 W System.err: 	at android.os.Looper.loop(Looper.java:288)
12-18 21:13:53.547  1265  1265 W System.err: 	at android.app.ActivityThread.main(ActivityThread.java:7899)
12-18 21:13:53.548  1265  1265 W System.err: 	at java.lang.reflect.Method.invoke(Native Method)
12-18 21:13:53.548  1265  1265 W System.err: 	at com.android.internal.os.RuntimeInit$MethodAndArgsCaller.run(RuntimeInit.java:568)
12-18 21:13:53.548  1265  1265 W System.err: 	at com.android.internal.os.ZygoteInit.main(ZygoteInit.java:1045)
12-18 21:13:53.548  1265  1265 W System.err: Caused by: java.io.IOException: error=2, No such file or directory
12-18 21:13:53.548  1265  1265 W System.err: 	at java.lang.UNIXProcess.forkAndExec(Native Method)
12-18 21:13:53.548  1265  1265 W System.err: 	at java.lang.UNIXProcess.<init>(UNIXProcess.java:133)
12-18 21:13:53.548  1265  1265 W System.err: 	at java.lang.ProcessImpl.start(ProcessImpl.java:141)
12-18 21:13:53.548  1265  1265 W System.err: 	at java.lang.ProcessBuilder.start(ProcessBuilder.java:1029)
12-18 21:13:53.548  1265  1265 W System.err: 	... 12 more
12-18 21:13:53.548   926  1059 W InputDispatcher: Excessive delay in interceptKeyBeforeQueueing; took 108 ms
12-18 21:13:53.549   926  1059 W ContextImpl: Calling a method in the system process without a qualified user: android.app.ContextImpl.sendBroadcast:1173 com.android.server.policy.PhoneWindowManager.interceptKeyBeforeQueueing:3723 com.android.server.wm.InputManagerCallback.interceptKeyBeforeQueueing:149 com.android.server.input.InputManagerService.interceptKeyBeforeQueueing:2811 <bottom of call stack> 
12-18 21:13:53.550   926  1059 E WindowManager: getTopActivityName:: return
12-18 21:13:53.550   926  1059 E WindowManager: getTopActivityName:: return
12-18 21:13:53.550   926  1059 E WindowManager: getTopActivityName:: return
12-18 21:13:53.551   926  1059 E WindowManager: getTopActivityName:: return
12-18 21:13:53.830   926  1059 W ContextImpl: Calling a method in the system process without a qualified user: android.app.ContextImpl.sendBroadcast:1173 com.android.server.policy.PhoneWindowManager.interceptKeyBeforeQueueing:3710 com.android.server.wm.InputManagerCallback.interceptKeyBeforeQueueing:149 com.android.server.input.InputManagerService.interceptKeyBeforeQueueing:2811 <bottom of call stack> 
12-18 21:13:53.831   926  1059 E WindowManager: getTopActivityName:: return
12-18 21:13:53.832   926  1059 E WindowManager: getTopActivityName:: return
12-18 21:13:53.832   926  1059 E WindowManager: getTopActivityName:: return
12-18 21:13:53.832   926  1059 E WindowManager: getTopActivityName:: return
12-18 21:13:53.833   926  1059 W ContextImpl: Calling a method in the system process without a qualified user: android.app.ContextImpl.sendBroadcast:1173 com.android.server.policy.PhoneWindowManager.interceptKeyBeforeQueueing:3710 com.android.server.wm.InputManagerCallback.interceptKeyBeforeQueueing:149 com.android.server.input.InputManagerService.interceptKeyBeforeQueueing:2811 <bottom of call stack> 
12-18 21:13:53.834   926  1059 E WindowManager: getTopActivityName:: return
12-18 21:13:53.834   926  1059 E WindowManager: getTopActivityName:: return
12-18 21:13:53.835   926  1059 E WindowManager: getTopActivityName:: return
12-18 21:13:53.835   926  1059 E WindowManager: getTopActivityName:: return
12-18 21:13:53.909  1541  1581 I BufferQueueProducer: [ViewRootImpl[InputMethod]#24(BLAST Consumer)24](id:60500000018,api:1,p:1541,c:1541) disconnect: api 1
12-18 21:13:53.921  1541  1541 I BLASTBufferQueue: [ViewRootImpl[InputMethod]#24] destructor()
12-18 21:13:53.922  1541  1541 I BufferQueueConsumer: [ViewRootImpl[InputMethod]#24(BLAST Consumer)24](id:60500000018,api:0,p:-1,c:1541) disconnect
12-18 21:13:53.931   443   443 I BufferQueueDebug: [InputMethod#0](this:0xb2798d44,id:-1,api:0,p:-1,c:443) onDestructor()
12-18 21:13:53.931  1541  3121 I BLASTBufferQueue: releaseBufferCallbackThunk bufferId:6618544603384 framenumber:60 blastBufferQueue is dead
12-18 21:13:54.153  8377  8377 I WifiHAL : Get link layer stats
12-18 21:13:54.153  8377  8377 I WifiHAL : GetLinkStatsCommand::create
12-18 21:13:54.154  8377  8377 I android.hardware.wifi@1.0-service-lazy: WifiCommand::requestResponse err=-14
12-18 21:13:54.154  8377  8377 I WifiHAL : wifi_get_link_stats: result=-1
12-18 21:13:54.155   926  1072 E WifiVendorHal: getWifiLinkLayerStats_1_5_Internal(l.1191) failed {.code = ERROR_UNKNOWN, .description = unknown}
12-18 21:13:54.406  8723  8723 I chromium: [INFO:CONSOLE(51)] "Lotes carregados para evento 3f8aa048-d99a-44ce-aa76-10f5dec7e5c3: 2", source: https://admin.arenaticket.gdse.ao/assets/VendasPage-D1k_p-2A.js (51)
12-18 21:13:54.477  8723  8723 W cr_AwAutofillManager: Autofill is disabled: AutofillManager isn't available in given Context.
12-18 21:13:54.503   443   443 I BufferQueueProducer: [ao.gdse.arenaticket.vendas/ao.gdse.arenaticket.vendas.MainActivity#0](this:0xb2790d44,id:-1,api:0,p:-1,c:443) queueBuffer: fps=0.26 dur=3867.33 max=3867.33 min=3867.33
12-18 21:13:54.505   426   601 I hwcomposer: [HWCDisplay] [Display_0 (type:1)] fps:1.575580,dur:1269.37,max:699.79,min:569.58  
12-18 21:13:55.225   434   480 I libPerfCtl: xgfGetFPS pid:8723 fps:40
12-18 21:13:55.515   443   443 I BufferQueueProducer: [ao.gdse.arenaticket.vendas/ao.gdse.arenaticket.vendas.MainActivity#0](this:0xb2790d44,id:-1,api:0,p:-1,c:443) queueBuffer: fps=26.68 dur=1012.00 max=457.58 min=13.81
12-18 21:13:55.515  8913  8913 W MTK_FG_FUEL: fd < 0, init first!
12-18 21:13:55.515  8913  8913 W MTK_FG_FUEL: init failed, return!
12-18 21:13:55.516   426   601 I hwcomposer: [HWCDisplay] [Display_0 (type:1)] fps:26.696972,dur:1011.35,max:458.06,min:14.24  
12-18 21:13:56.225   434   480 I libPerfCtl: xgfGetFPS pid:8723 fps:60
12-18 21:13:56.973   926  8385 E IpReachabilityMonitor: Failed to adjust neighbor parameters
12-18 21:13:57.178  8377  8377 I WifiHAL : Get link layer stats
12-18 21:13:57.178  8377  8377 I WifiHAL : GetLinkStatsCommand::create
12-18 21:13:57.179  8377  8377 I android.hardware.wifi@1.0-service-lazy: WifiCommand::requestResponse err=-14
12-18 21:13:57.179  8377  8377 I WifiHAL : wifi_get_link_stats: result=-1
12-18 21:13:57.180   926  1072 E WifiVendorHal: getWifiLinkLayerStats_1_5_Internal(l.1191) failed {.code = ERROR_UNKNOWN, .description = unknown}
12-18 21:13:58.342   443   443 I BufferQueueProducer: [StatusBar#0](this:0xb2907d44,id:-1,api:0,p:-1,c:443) queueBuffer: fps=0.20 dur=5108.62 max=5108.62 min=5108.62
12-18 21:13:58.344   426   601 I hwcomposer: [HWCDisplay] [Display_0 (type:1)] fps:2.121610,dur:2828.04,max:2746.29,min:15.70  
12-18 21:13:59.518   432   588 W IMGMemtrackHAL: hal_get_memory: memtrack cache rebuild was required
12-18 21:13:59.568   432   588 W IMGMemtrackHAL: hal_get_memory: memtrack cache rebuild was required
12-18 21:13:59.577   432   588 W IMGMemtrackHAL: hal_get_memory: memtrack cache rebuild was required
12-18 21:14:00.073   443   443 I BufferQueueProducer: [StatusBar#0](this:0xb2907d44,id:-1,api:0,p:-1,c:443) queueBuffer: fps=0.58 dur=1731.50 max=1731.50 min=1731.50
12-18 21:14:00.075   426   601 I hwcomposer: [HWCDisplay] [Display_0 (type:1)] fps:0.577713,dur:1730.96,max:1730.96,min:1730.96  
12-18 21:14:00.194  8377  8377 I WifiHAL : Get link layer stats
12-18 21:14:00.194  8377  8377 I WifiHAL : GetLinkStatsCommand::create
12-18 21:14:00.195  8377  8377 I android.hardware.wifi@1.0-service-lazy: WifiCommand::requestResponse err=-14
12-18 21:14:00.195  8377  8377 I WifiHAL : wifi_get_link_stats: result=-1
12-18 21:14:00.199   926  1072 E WifiVendorHal: getWifiLinkLayerStats_1_5_Internal(l.1191) failed {.code = ERROR_UNKNOWN, .description = unknown}
12-18 21:14:00.507  8916  8916 W MTK_FG_FUEL: fd < 0, init first!
12-18 21:14:00.508  8916  8916 W MTK_FG_FUEL: init failed, return!
12-18 21:14:03.214  8377  8377 I WifiHAL : Get link layer stats
12-18 21:14:03.215  8377  8377 I WifiHAL : GetLinkStatsCommand::create
12-18 21:14:03.215  8377  8377 I android.hardware.wifi@1.0-service-lazy: WifiCommand::requestResponse err=-14
12-18 21:14:03.215  8377  8377 I WifiHAL : wifi_get_link_stats: result=-1
12-18 21:14:03.216   926  1072 E WifiVendorHal: getWifiLinkLayerStats_1_5_Internal(l.1191) failed {.code = ERROR_UNKNOWN, .description = unknown}
12-18 21:14:03.431   443   443 I BufferQueueProducer: [StatusBar#0](this:0xb2907d44,id:-1,api:0,p:-1,c:443) queueBuffer: fps=0.30 dur=3357.63 max=3357.63 min=3357.63
12-18 21:14:03.434   426   601 I hwcomposer: [HWCDisplay] [Display_0 (type:1)] fps:0.297778,dur:3358.21,max:3358.21,min:3358.21  
12-18 21:14:05.512  8919  8919 W MTK_FG_FUEL: fd < 0, init first!
12-18 21:14:05.512  8919  8919 W MTK_FG_FUEL: init failed, return!
12-18 21:14:06.238  8377  8377 I WifiHAL : Get link layer stats
12-18 21:14:06.238  8377  8377 I WifiHAL : GetLinkStatsCommand::create
12-18 21:14:06.238  8377  8377 I android.hardware.wifi@1.0-service-lazy: WifiCommand::requestResponse err=-14
12-18 21:14:06.238  8377  8377 I WifiHAL : wifi_get_link_stats: result=-1
12-18 21:14:06.240   926  1072 E WifiVendorHal: getWifiLinkLayerStats_1_5_Internal(l.1191) failed {.code = ERROR_UNKNOWN, .description = unknown}
12-18 21:14:08.572   443   443 I BufferQueueProducer: [StatusBar#0](this:0xb2907d44,id:-1,api:0,p:-1,c:443) queueBuffer: fps=0.19 dur=5141.61 max=5141.61 min=5141.61
12-18 21:14:08.576   426   601 I hwcomposer: [HWCDisplay] [Display_0 (type:1)] fps:0.194476,dur:5142.02,max:5142.02,min:5142.02  
12-18 21:14:09.262  8377  8377 I WifiHAL : Get link layer stats
12-18 21:14:09.262  8377  8377 I WifiHAL : GetLinkStatsCommand::create
12-18 21:14:09.262  8377  8377 I android.hardware.wifi@1.0-service-lazy: WifiCommand::requestResponse err=-14
12-18 21:14:09.262  8377  8377 I WifiHAL : wifi_get_link_stats: result=-1
12-18 21:14:09.264   926  1072 E WifiVendorHal: getWifiLinkLayerStats_1_5_Internal(l.1191) failed {.code = ERROR_UNKNOWN, .description = unknown}
12-18 21:14:09.550   432   588 W IMGMemtrackHAL: hal_get_memory: memtrack cache rebuild was required
12-18 21:14:10.521  8922  8922 W MTK_FG_FUEL: fd < 0, init first!
12-18 21:14:10.522  8922  8922 W MTK_FG_FUEL: init failed, return!
12-18 21:14:12.288  8377  8377 I WifiHAL : Get link layer stats
12-18 21:14:12.288  8377  8377 I WifiHAL : GetLinkStatsCommand::create
12-18 21:14:12.289  8377  8377 I android.hardware.wifi@1.0-service-lazy: WifiCommand::requestResponse err=-14
12-18 21:14:12.289  8377  8377 I WifiHAL : wifi_get_link_stats: result=-1
12-18 21:14:12.290   926  1072 E WifiVendorHal: getWifiLinkLayerStats_1_5_Internal(l.1191) failed {.code = ERROR_UNKNOWN, .description = unknown}
12-18 21:14:15.311  8377  8377 I WifiHAL : Get link layer stats
12-18 21:14:15.311  8377  8377 I WifiHAL : GetLinkStatsCommand::create
12-18 21:14:15.312  8377  8377 I android.hardware.wifi@1.0-service-lazy: WifiCommand::requestResponse err=-14
12-18 21:14:15.312  8377  8377 I WifiHAL : wifi_get_link_stats: result=-1
12-18 21:14:15.313   926  1072 E WifiVendorHal: getWifiLinkLayerStats_1_5_Internal(l.1191) failed {.code = ERROR_UNKNOWN, .description = unknown}
12-18 21:14:15.533  8924  8924 W MTK_FG_FUEL: fd < 0, init first!
12-18 21:14:15.533  8924  8924 W MTK_FG_FUEL: init failed, return!
12-18 21:14:17.844   926  1125 E DisplayDeviceConfig: requesting nits when no mapping exists.
12-18 21:14:17.844   926  1125 E DisplayDeviceConfig: requesting nits when no mapping exists.
12-18 21:14:18.336  8377  8377 I WifiHAL : Get link layer stats
12-18 21:14:18.336  8377  8377 I WifiHAL : GetLinkStatsCommand::create
12-18 21:14:18.336  8377  8377 I android.hardware.wifi@1.0-service-lazy: WifiCommand::requestResponse err=-14
12-18 21:14:18.336  8377  8377 I WifiHAL : wifi_get_link_stats: result=-1
12-18 21:14:18.337   926  1072 E WifiVendorHal: getWifiLinkLayerStats_1_5_Internal(l.1191) failed {.code = ERROR_UNKNOWN, .description = unknown}
12-18 21:14:18.809   443   443 I BufferQueueProducer: [StatusBar#0](this:0xb2907d44,id:-1,api:0,p:-1,c:443) queueBuffer: fps=0.10 dur=10236.06 max=10236.06 min=10236.06
12-18 21:14:18.811   426   601 I hwcomposer: [HWCDisplay] [Display_0 (type:1)] fps:0.097699,dur:10235.48,max:10235.48,min:10235.48  
12-18 21:14:20.541  8927  8927 W MTK_FG_FUEL: fd < 0, init first!
12-18 21:14:20.541  8927  8927 W MTK_FG_FUEL: init failed, return!
12-18 21:14:21.360  8377  8377 I WifiHAL : Get link layer stats
12-18 21:14:21.360  8377  8377 I WifiHAL : GetLinkStatsCommand::create
12-18 21:14:21.360  8377  8377 I android.hardware.wifi@1.0-service-lazy: WifiCommand::requestResponse err=-14
12-18 21:14:21.360  8377  8377 I WifiHAL : wifi_get_link_stats: result=-1
12-18 21:14:21.362   926  1072 E WifiVendorHal: getWifiLinkLayerStats_1_5_Internal(l.1191) failed {.code = ERROR_UNKNOWN, .description = unknown}
12-18 21:14:23.835   926  1014 I PowerManagerService: Powering off display group due to timeout (groupId= 0, uid= 1000)...
12-18 21:14:23.835   926  1014 I PowerManagerService: Going to sleep due to timeout (uid 1000)...
12-18 21:14:23.844   926  1014 W DreamManagerService: Dream ComponentInfo{com.android.dreams.alwaysondisplay/com.android.dreams.alwaysondisplay.AlwaysOnDisplay} does not exist
12-18 21:14:23.844   926  1014 I PowerManagerService: Sleeping display group (groupId=0, uid=1000)...
12-18 21:14:23.844   926  1014 I PowerManagerService: Sleeping (uid 1000)...
12-18 21:14:23.846   926  1014 I DisplayPowerController[0]: Blocking screen off
12-18 21:14:23.862   926  1014 I DisplayPowerController[0]: Unblocked screen off after 16 ms
12-18 21:14:23.876   432   588 W IMGMemtrackHAL: hal_get_memory: memtrack cache rebuild was required
12-18 21:14:23.882   926  1003 E KernelCpuSpeedReader: Failed to read cpu-freq: /sys/devices/system/cpu/cpu4/cpufreq/stats/time_in_state: open failed: ENOENT (No such file or directory)
12-18 21:14:23.887   926  1003 E system_server: Cannot read thread CPU times for PID 926
12-18 21:14:23.893   443   443 I SurfaceFlinger: operator()(), mtkRenderCntDebug 77, screenshot (ao.gdse.arenaticket.vendas/ao.gdse.arenaticket.vendas.MainActivity#0)
12-18 21:14:23.948   926  1125 E DisplayDeviceConfig: requesting nits when no mapping exists.
12-18 21:14:23.948   926  1125 E DisplayDeviceConfig: requesting nits when no mapping exists.
12-18 21:14:23.960   926   987 W ProcessStats: Tracking association SourceState{4b7e722 ao.gdse.arenaticket.vendas/10092 Top #9714} whose proc state 1 is better than process ProcessState{d1fc5dd woyou.aidlservice.jiuiv5/10068 pkg=woyou.aidlservice.jiuiv5} proc state 7 (1 skipped)
12-18 21:14:23.961   426   601 I hwcomposer: [HWCDisplay] Display(0) SetPowerMode(0)  
12-18 21:14:23.977   926  5267 W WindowManager: Changing focus from Window{386fef4 u0 ao.gdse.arenaticket.vendas/ao.gdse.arenaticket.vendas.MainActivity} to null displayId=0 Callers=com.android.server.wm.RootWindowContainer.updateFocusedWindowLocked:465 com.android.server.wm.WindowManagerService.updateFocusedWindowLocked:5754 com.android.server.wm.ActivityRecord.commitVisibility:4756 com.android.server.wm.ActivityRecord.setVisibility:4695 
12-18 21:14:23.997   926   987 I DisplayDeviceRepository: Display device changed state: "Tela integrada", OFF
12-18 21:14:24.004   926  5267 I PowerHalWrapper: amsBoostNotify pid:8723,activity:ao.gdse.arenaticket.vendas.MainActivity, package:ao.gdse.arenaticket.vendas, mProcessCreatePackao.gdse.arenaticket.vendas 
12-18 21:14:24.004   926  5267 I PowerHalWrapper: state: 0 
12-18 21:14:24.004   926  5267 I PowerHalWrapper: amsBoostNotify AMS_BOOST_PROCESS_CREATE_BOOST:true 
12-18 21:14:24.005   434   493 I libPowerHal: [perfNotifyAppState] pack:ao.gdse.arenaticket.vendas, act:ao.gdse.arenaticket.vendas.MainActivity, state:0, pid:8723, uid:10092, fps:60
12-18 21:14:24.007   926   987 I PowerHalWrapper: amsBoostNotify pid:8723,activity:ao.gdse.arenaticket.vendas.MainActivity, package:ao.gdse.arenaticket.vendas, mProcessCreatePackao.gdse.arenaticket.vendas 
12-18 21:14:24.007   926   987 I PowerHalWrapper: state: 0 
12-18 21:14:24.008   926   987 I PowerHalWrapper: amsBoostNotify AMS_BOOST_PROCESS_CREATE_BOOST:true 
12-18 21:14:24.008   434   493 I libPowerHal: [perfNotifyAppState] pack:ao.gdse.arenaticket.vendas, act:ao.gdse.arenaticket.vendas.MainActivity, state:0, pid:8723, uid:10092, fps:60
12-18 21:14:24.009   926   987 I InputManager-JNI: Viewport [0] to add: local:0, isActive: false
12-18 21:14:24.015   926  2631 I GED     : ged_boost_gpu_freq, level 100, eOrigin 2, final_idx 2, oppidx_max 2, oppidx_min 0
12-18 21:14:24.058   926  1059 I InputReader: Reconfiguring input devices, changes=DISPLAY_INFO | 
12-18 21:14:24.059   926  1059 I InputReader: Disabling mtk-tpd (device 5) because the associated viewport is not active
12-18 21:14:24.076  8723  8742 I BufferQueueProducer: [ViewRootImpl[MainActivity]#0(BLAST Consumer)0](id:221300000000,api:1,p:8723,c:8723) disconnect: api 1
12-18 21:14:24.125  8723  8723 I BLASTBufferQueue: [ViewRootImpl[MainActivity]#0] destructor()
12-18 21:14:24.125  8723  8723 I BufferQueueConsumer: [ViewRootImpl[MainActivity]#0(BLAST Consumer)0](id:221300000000,api:0,p:-1,c:8723) disconnect
12-18 21:14:24.136  8723  8742 I GED     : ged_boost_gpu_freq, level 100, eOrigin 2, final_idx 2, oppidx_max 2, oppidx_min 0
12-18 21:14:24.194   443   443 I BufferQueueProducer: [StatusBar#0](this:0xb2907d44,id:-1,api:0,p:-1,c:443) queueBuffer: fps=0.19 dur=5385.43 max=5385.43 min=5385.43
12-18 21:14:24.195   434   453 I mtkpower@impl: [setMode] type:9, enabled:1
12-18 21:14:24.195   434   453 E mtkpower@impl: [setMode] unknown type
12-18 21:14:24.198   434   453 I mtkpower@impl: [setMode] type:7, enabled:0
12-18 21:14:24.198   434   493 I libPowerHal: [perfUserScnDisableAll] 
12-18 21:14:24.202   434   453 I mtkpower@impl: [setMode] Disable All
12-18 21:14:24.228   430   430 I Situation: batch: handle:22, flag:0,samplingPeriodNs:1000000 maxBatchReportLatencyNs:0
12-18 21:14:24.233   430   430 I Situation: enable: handle:22, en:1 
12-18 21:14:24.323  8723  8723 I chromium: [INFO:CONSOLE(1)] " AndroidPrinter bridge disponvel", source:  (1)
12-18 21:14:24.327  8723  8723 I chromium: [INFO:CONSOLE(1)] " AndroidPrinter.isAvailable() = true", source:  (1)
12-18 21:14:24.328  8723  8723 I chromium: [INFO:CONSOLE(1)] "Uncaught TypeError: AndroidPrinter.getDeviceInfo is not a function", source: https://admin.arenaticket.gdse.ao/vendas (1)
12-18 21:14:24.398  8377  8377 I WifiHAL : Get link layer stats
12-18 21:14:24.398  8377  8377 I WifiHAL : GetLinkStatsCommand::create
12-18 21:14:24.398  8377  8377 I android.hardware.wifi@1.0-service-lazy: WifiCommand::requestResponse err=-14
12-18 21:14:24.398  8377  8377 I WifiHAL : wifi_get_link_stats: result=-1
12-18 21:14:24.401   926  1072 E WifiVendorHal: getWifiLinkLayerStats_1_5_Internal(l.1191) failed {.code = ERROR_UNKNOWN, .description = unknown}
12-18 21:14:24.580  8377  8377 I WifiHAL : Get link layer stats
12-18 21:14:24.580  8377  8377 I WifiHAL : GetLinkStatsCommand::create
12-18 21:14:24.581  8377  8377 I android.hardware.wifi@1.0-service-lazy: WifiCommand::requestResponse err=-14
12-18 21:14:24.581  8377  8377 I WifiHAL : wifi_get_link_stats: result=-1
12-18 21:14:24.582   926  1072 E WifiVendorHal: getWifiLinkLayerStats_1_5_Internal(l.1191) failed {.code = ERROR_UNKNOWN, .description = unknown}
12-18 21:14:24.605  8384  8384 I wpa_supplicant: wpa_driver_nl80211_driver_cmd: wlan0 recv cmd SETSUSPENDMODE 1
12-18 21:14:24.615  8384  8384 I wpa_supplicant: wpa_driver_nl80211_driver_cmd: ret = 0 used = 2 total = 512 buf = 
12-18 21:14:25.143   434   480 I libPerfCtl: xgfGetFPS pid:1133 fps:11
12-18 21:14:25.563  8930  8930 W MTK_FG_FUEL: fd < 0, init first!
12-18 21:14:25.564  8930  8930 W MTK_FG_FUEL: init failed, return!
12-18 21:14:29.340  2228  2239 W System  : A resource failed to call end. 
12-18 21:14:30.574  8933  8933 W MTK_FG_FUEL: fd < 0, init first!
12-18 21:14:30.575  8933  8933 W MTK_FG_FUEL: init failed, return!
12-18 21:14:35.577  8936  8936 W MTK_FG_FUEL: fd < 0, init first!
12-18 21:14:35.577  8936  8936 W MTK_FG_FUEL: init failed, return!
12-18 21:14:40.588  8939  8939 W MTK_FG_FUEL: fd < 0, init first!
12-18 21:14:40.588  8939  8939 W MTK_FG_FUEL: init failed, return!
12-18 21:14:45.599  8945  8945 W MTK_FG_FUEL: fd < 0, init first!
12-18 21:14:45.599  8945  8945 W MTK_FG_FUEL: init failed, return!
12-18 21:14:50.608  8948  8948 W MTK_FG_FUEL: fd < 0, init first!
12-18 21:14:50.609  8948  8948 W MTK_FG_FUEL: init failed, return!
12-18 21:14:55.620  8954  8954 W MTK_FG_FUEL: fd < 0, init first!
12-18 21:14:55.621  8954  8954 W MTK_FG_FUEL: init failed, return!
12-18 21:15:00.003   926   996 W ProcessStats: Tracking association SourceState{4b7e722 ao.gdse.arenaticket.vendas/10092 Top #9749} whose proc state 1 is better than process ProcessState{d1fc5dd woyou.aidlservice.jiuiv5/10068 pkg=woyou.aidlservice.jiuiv5} proc state 7 (2 skipped)
12-18 21:15:00.641  8957  8957 W MTK_FG_FUEL: fd < 0, init first!
12-18 21:15:00.642  8957  8957 W MTK_FG_FUEL: init failed, return!
12-18 21:15:05.638  8959  8959 W MTK_FG_FUEL: fd < 0, init first!
12-18 21:15:05.638  8959  8959 W MTK_FG_FUEL: init failed, return!
12-18 21:15:10.036   926  1042 W ProcessStats: Tracking association SourceState{4b7e722 ao.gdse.arenaticket.vendas/10092 Top #9751} whose proc state 1 is better than process ProcessState{d1fc5dd woyou.aidlservice.jiuiv5/10068 pkg=woyou.aidlservice.jiuiv5} proc state 7 (0 skipped)
12-18 21:15:10.039   432   588 W IMGMemtrackHAL: hal_get_memory: memtrack cache rebuild was required
12-18 21:15:10.655  8965  8965 W MTK_FG_FUEL: fd < 0, init first!
12-18 21:15:10.655  8965  8965 W MTK_FG_FUEL: init failed, return!
12-18 21:15:15.666  8969  8969 W MTK_FG_FUEL: fd < 0, init first!
12-18 21:15:15.667  8969  8969 W MTK_FG_FUEL: init failed, return!
12-18 21:15:20.677  8971  8971 W MTK_FG_FUEL: fd < 0, init first!
12-18 21:15:20.678  8971  8971 W MTK_FG_FUEL: init failed, return!
12-18 21:15:25.684  8974  8974 W MTK_FG_FUEL: fd < 0, init first!
12-18 21:15:25.685  8974  8974 W MTK_FG_FUEL: init failed, return!
12-18 21:15:30.692  8977  8977 W MTK_FG_FUEL: fd < 0, init first!
12-18 21:15:30.692  8977  8977 W MTK_FG_FUEL: init failed, return!
12-18 21:15:35.699  8979  8979 W MTK_FG_FUEL: fd < 0, init first!
12-18 21:15:35.699  8979  8979 W MTK_FG_FUEL: init failed, return!
12-18 21:15:40.708  8981  8981 W MTK_FG_FUEL: fd < 0, init first!
12-18 21:15:40.709  8981  8981 W MTK_FG_FUEL: init failed, return!
12-18 21:15:45.716  8984  8984 W MTK_FG_FUEL: fd < 0, init first!
12-18 21:15:45.717  8984  8984 W MTK_FG_FUEL: init failed, return!
12-18 21:15:48.503  1265  1274 I m.android.phon: Background concurrent copying GC freed 27515(3802KB) AllocSpace objects, 0(0B) LOS objects, 49% free, 3960KB/7921KB, paused 252us,148us total 160.908ms
12-18 21:15:50.743  8987  8987 W MTK_FG_FUEL: fd < 0, init first!
12-18 21:15:50.744  8987  8987 W MTK_FG_FUEL: init failed, return!
12-18 21:15:55.737  8990  8990 W MTK_FG_FUEL: fd < 0, init first!
12-18 21:15:55.737  8990  8990 W MTK_FG_FUEL: init failed, return!
12-18 21:16:00.637   926   996 W ProcessStats: Tracking association SourceState{4b7e722 ao.gdse.arenaticket.vendas/10092 Top #9753} whose proc state 1 is better than process ProcessState{d1fc5dd woyou.aidlservice.jiuiv5/10068 pkg=woyou.aidlservice.jiuiv5} proc state 7 (0 skipped)
12-18 21:16:00.654   926  1003 E KernelCpuSpeedReader: Failed to read cpu-freq: /sys/devices/system/cpu/cpu4/cpufreq/stats/time_in_state: open failed: ENOENT (No such file or directory)
12-18 21:16:00.658   926  1003 E system_server: Cannot read thread CPU times for PID 926
12-18 21:16:00.745  8994  8994 W MTK_FG_FUEL: fd < 0, init first!
12-18 21:16:00.745  8994  8994 W MTK_FG_FUEL: init failed, return!
12-18 21:16:05.756  8996  8996 W MTK_FG_FUEL: fd < 0, init first!
12-18 21:16:05.756  8996  8996 W MTK_FG_FUEL: init failed, return!
12-18 21:16:10.696   926  1042 W ProcessStats: Tracking association SourceState{4b7e722 ao.gdse.arenaticket.vendas/10092 Top #9755} whose proc state 1 is better than process ProcessState{d1fc5dd woyou.aidlservice.jiuiv5/10068 pkg=woyou.aidlservice.jiuiv5} proc state 7 (0 skipped)
12-18 21:16:10.766  8999  8999 W MTK_FG_FUEL: fd < 0, init first!
12-18 21:16:10.766  8999  8999 W MTK_FG_FUEL: init failed, return!
12-18 21:16:15.778  9002  9002 W MTK_FG_FUEL: fd < 0, init first!
12-18 21:16:15.779  9002  9002 W MTK_FG_FUEL: init failed, return!
12-18 21:16:20.801  9004  9004 W MTK_FG_FUEL: fd < 0, init first!
12-18 21:16:20.802  9004  9004 W MTK_FG_FUEL: init failed, return!
12-18 21:16:25.798  9007  9007 W MTK_FG_FUEL: fd < 0, init first!
12-18 21:16:25.798  9007  9007 W MTK_FG_FUEL: init failed, return!
12-18 21:16:30.812  9010  9010 W MTK_FG_FUEL: fd < 0, init first!
12-18 21:16:30.813  9010  9010 W MTK_FG_FUEL: init failed, return!
12-18 21:16:35.818  9013  9013 W MTK_FG_FUEL: fd < 0, init first!
12-18 21:16:35.819  9013  9013 W MTK_FG_FUEL: init failed, return!
12-18 21:16:40.829  9016  9016 W MTK_FG_FUEL: fd < 0, init first!
12-18 21:16:40.829  9016  9016 W MTK_FG_FUEL: init failed, return!
12-18 21:16:45.851  9019  9019 W MTK_FG_FUEL: fd < 0, init first!
12-18 21:16:45.852  9019  9019 W MTK_FG_FUEL: init failed, return!
12-18 21:16:50.855  9021  9021 W MTK_FG_FUEL: fd < 0, init first!
12-18 21:16:50.856  9021  9021 W MTK_FG_FUEL: init failed, return!
12-18 21:16:55.857  9024  9024 W MTK_FG_FUEL: fd < 0, init first!
12-18 21:16:55.857  9024  9024 W MTK_FG_FUEL: init failed, return!
12-18 21:17:00.877  9027  9027 W MTK_FG_FUEL: fd < 0, init first!
12-18 21:17:00.878  9027  9027 W MTK_FG_FUEL: init failed, return!
12-18 21:17:01.454   926   996 W ProcessStats: Tracking association SourceState{4b7e722 ao.gdse.arenaticket.vendas/10092 Top #9757} whose proc state 1 is better than process ProcessState{d1fc5dd woyou.aidlservice.jiuiv5/10068 pkg=woyou.aidlservice.jiuiv5} proc state 7 (0 skipped)
12-18 21:17:01.459   432   588 W IMGMemtrackHAL: hal_get_memory: memtrack cache rebuild was required
12-18 21:17:05.877  9029  9029 W MTK_FG_FUEL: fd < 0, init first!
12-18 21:17:05.878  9029  9029 W MTK_FG_FUEL: init failed, return!
12-18 21:17:10.900  9032  9032 W MTK_FG_FUEL: fd < 0, init first!
12-18 21:17:10.901  9032  9032 W MTK_FG_FUEL: init failed, return!
12-18 21:17:11.508   926  1042 W ProcessStats: Tracking association SourceState{4b7e722 ao.gdse.arenaticket.vendas/10092 Top #9759} whose proc state 1 is better than process ProcessState{d1fc5dd woyou.aidlservice.jiuiv5/10068 pkg=woyou.aidlservice.jiuiv5} proc state 7 (0 skipped)
12-18 21:17:15.901  9035  9035 W MTK_FG_FUEL: fd < 0, init first!
12-18 21:17:15.902  9035  9035 W MTK_FG_FUEL: init failed, return!
12-18 21:17:20.908  9038  9038 W MTK_FG_FUEL: fd < 0, init first!
12-18 21:17:20.908  9038  9038 W MTK_FG_FUEL: init failed, return!
12-18 21:17:25.930  9041  9041 W MTK_FG_FUEL: fd < 0, init first!
12-18 21:17:25.931  9041  9041 W MTK_FG_FUEL: init failed, return!
12-18 21:17:29.336   926  8175 I PowerHalWrapper: <setInstallationBoost> enable:true 
12-18 21:17:29.338   434   452 I libPowerHal: [perfUserGetCapability] MTKPOWER_CMD_GET_INSTALL_MAX_DURATION cmd:110, time:90000 ms
12-18 21:17:29.338   434   452 I libPowerHal: [perfUserGetCapability] MTKPOWER_CMD_GET_INSTALL_MAX_DURATION cmd:110, time:90000 ms
12-18 21:17:29.340   434   493 I libPowerHal: [perfLockAcq] idx:0 hdl:2649 hint:29 pid:434 duration:90000 lock_user:mtkpower@1.0-se => ret_hdl:2649
12-18 21:17:29.340   434   493 I libPowerHal: MTKPOWER_HINT_PMS_INSTALL: cpu_ctrl set cpu freq: 2001000 -1
12-18 21:17:29.341   434   493 I libPowerHal: [PE] MTKPOWER_HINT_PMS_INSTALL update cmd:1000000, param:0
12-18 21:17:29.341   434   493 I libPowerHal: [PE] MTKPOWER_HINT_PMS_INSTALL update cmd:1000000 param:0
12-18 21:17:29.479   926  8175 I PowerHalWrapper: <setInstallationBoost> enable:true 
12-18 21:17:29.479   434   452 I libPowerHal: [perfUserGetCapability] MTKPOWER_CMD_GET_INSTALL_MAX_DURATION cmd:110, time:90000 ms
12-18 21:17:29.479   434   452 I libPowerHal: [perfUserGetCapability] MTKPOWER_CMD_GET_INSTALL_MAX_DURATION cmd:110, time:90000 ms
12-18 21:17:29.480   434   493 I libPowerHal: [perfLockAcq] idx:1 hdl:2650 hint:29 pid:434 duration:90000 lock_user:mtkpower@1.0-se => ret_hdl:2650
12-18 21:17:29.482   434   493 I libPowerHal: [perfLockRel] hdl:2649, idx:0
12-18 21:17:29.548   926  1062 W RuleEvaluation: Integrity rule files are not available.
12-18 21:17:29.548   926  1023 I PackageManager: Integrity check passed for file:///data/app/vmdl282910195.tmp
12-18 21:17:29.558   926  1023 I PackageManager: ==============Install PKG: ao.gdse.arenaticket.vendas ================
12-18 21:17:29.563   926   996 I ActivityManager: Force stopping ao.gdse.arenaticket.vendas appid=10092 user=-1: installPackageLI
12-18 21:17:29.565   926  1023 I PackageManager: Update package ao.gdse.arenaticket.vendas code path from /data/app/~~VhD6XO6pI59AT8J1mb82Aw==/ao.gdse.arenaticket.vendas-ycRmHqE_nY6HePOuf_GXBA== to /data/app/~~g373S_0S-et2Vg-p_cTe1A==/ao.gdse.arenaticket.vendas-hGVYHOIC1yn0qIPzuVMX9g==; Retain data and using new
12-18 21:17:29.571   926   996 I ActivityManager: Killing 8723:ao.gdse.arenaticket.vendas/u0a92 (adj 0): stop ao.gdse.arenaticket.vendas due to installPackageLI
12-18 21:17:29.580   926   998 I libprocessgroup: Successfully killed process cgroup uid 10092 pid 8723 in 5ms
12-18 21:17:29.581   926   996 I ActivityManager: Killing 8771:com.android.webview:sandboxed_process1:org.chromium.content.app.SandboxedProcessService1:0/u0a92i24 (adj 0): isolated not needed
12-18 21:17:29.582   926  1023 I PackageManager: Permission ownership changed. Updating all permissions.
12-18 21:17:29.584   434   493 I libPowerHal: [perfNotifyAppState] pack:ao.gdse.arenaticket.vendas, act:ao.gdse.arenaticket.vendas, state:3, pid:8723, uid:10092, fps:60
12-18 21:17:29.584   434   493 I libPowerHal: [perfNotifyAppState] pack:ao.gdse.arenaticket.vendas, pid:8723, STATE_DEAD
12-18 21:17:29.584   926   996 W ActivityTaskManager: Force removing ActivityRecord{3f3e4c2 u0 ao.gdse.arenaticket.vendas/.MainActivity t62 f}}: app died, no saved state
12-18 21:17:29.587   926   996 W InputManager-JNI: Input channel object '386fef4 ao.gdse.arenaticket.vendas/ao.gdse.arenaticket.vendas.MainActivity (client)' was disposed without first being removed with the input manager!
12-18 21:17:29.632   443  1500 I ClientCache: removeProcess: Cache owner=0xb27318a0
12-18 21:17:29.632   415   415 I Zygote  : Process 8723 exited due to signal 9 (Killed)
12-18 21:17:29.633  1239  1239 I Zygote  : Process 8771 exited due to signal 9 (Killed)
12-18 21:17:29.635   926   987 W ActivityManager: setHasOverlayUi called on unknown pid: 8723
12-18 21:17:29.636   926   998 I libprocessgroup: Successfully killed process cgroup uid 99024 pid 8771 in 0ms
12-18 21:17:29.644   434   493 I libPowerHal: [perfNotifyAppState] pack:ao.gdse.arenaticket.vendas, act:ao.gdse.arenaticket.vendas, state:3, pid:8771, uid:99024, fps:60
12-18 21:17:29.644   434   493 I libPowerHal: [perfNotifyAppState] pack:ao.gdse.arenaticket.vendas, pid:8771, STATE_DEAD
12-18 21:17:29.652   926  1003 E KernelCpuSpeedReader: Failed to read cpu-freq: /sys/devices/system/cpu/cpu4/cpufreq/stats/time_in_state: open failed: ENOENT (No such file or directory)
12-18 21:17:29.653   926  1003 E system_server: Cannot read thread CPU times for PID 926
12-18 21:17:29.721   926   995 W UsageStatsService: Unexpected activity event reported! (ao.gdse.arenaticket.vendas/ao.gdse.arenaticket.vendas.MainActivity event : 23 instanceId : 14979858)
12-18 21:17:29.727   926   984 W Looper  : Slow dispatch took 141ms android.fg h=android.os.Handler c=<recycled PooledLambda@43e39e5> m=0
12-18 21:17:29.761   926  1023 I PowerHalWrapper: <setInstallationBoost> enable:false 
12-18 21:17:29.762   434   493 I libPowerHal: [perfLockRel] hdl:2650, idx:1
12-18 21:17:29.762   434   493 I libPowerHal: MTKPOWER_HINT_PMS_INSTALL: cpu_ctrl set cpu freq: -1 -1
12-18 21:17:29.763   434   493 I libPowerHal: [PD] MTKPOWER_HINT_PMS_INSTALL update cmd:1000000, param:-1
12-18 21:17:29.763   434   493 I libPowerHal: [PD] MTKPOWER_HINT_PMS_INSTALL update cmd:1000000 param:-1
12-18 21:17:29.778   545  1029 E installd: Couldn't opendir /data/app/vmdl282910195.tmp: No such file or directory
12-18 21:17:29.778   545  1029 E installd: Failed to delete /data/app/vmdl282910195.tmp: No such file or directory
12-18 21:17:29.780   926  1023 I ActivityManager: Force stopping ao.gdse.arenaticket.vendas appid=10092 user=0: pkg removed
12-18 21:17:29.796   926   984 W AppOps  : checkIfInWhitelist : pkg =woyou.aidlservice.jiuiv5
12-18 21:17:29.796   926   984 W AppOps  : checkIfInWhitelist : pkg =woyou.aidlservice.jiuiv5
12-18 21:17:29.796   926   984 W AppOps  : checkIfInWhitelist : pkg =woyou.aidlservice.jiuiv5
12-18 21:17:29.797   926   984 W AppOps  : checkIfInWhitelist : pkg =woyou.aidlservice.jiuiv5
12-18 21:17:29.814   926   996 W BroadcastQueue: Background execution not allowed: receiving Intent { act=android.intent.action.PACKAGE_REMOVED dat=package:ao.gdse.arenaticket.vendas flg=0x4000010 (has extras) } to woyou.market/com.sunmi.appstore.core.receiver.InstallCallbackReceiver
12-18 21:17:29.816   926   996 W BroadcastQueue: Background execution not allowed: receiving Intent { act=android.intent.action.PACKAGE_REMOVED dat=package:ao.gdse.arenaticket.vendas flg=0x4000010 (has extras) } to com.android.gallery3d/.app.PackagesMonitor
12-18 21:17:29.818  1674  1674 I MediaProvider: Invalidating LocalCallingIdentity cache for package ao.gdse.arenaticket.vendas. Reason: package android.intent.action.PACKAGE_REMOVED
12-18 21:17:29.827   926   926 I ActivityManager: com.android.keychain is exempt from freezer
12-18 21:17:29.836  1674  1674 I MediaProvider: Invalidating LocalCallingIdentity cache for package ao.gdse.arenaticket.vendas. Reason: package android.intent.action.PACKAGE_ADDED
12-18 21:17:29.839   926   996 W BroadcastQueue: Background execution not allowed: receiving Intent { act=android.intent.action.PACKAGE_ADDED dat=package:ao.gdse.arenaticket.vendas flg=0x4000010 (has extras) } to woyou.market/com.sunmi.appstore.core.receiver.InstallCallbackReceiver
12-18 21:17:29.840   926   996 W BroadcastQueue: Background execution not allowed: receiving Intent { act=android.intent.action.PACKAGE_ADDED dat=package:ao.gdse.arenaticket.vendas flg=0x4000010 (has extras) } to com.android.packageinstaller/.PackageInstalledReceiver
12-18 21:17:29.845   926   996 W BroadcastQueue: Background execution not allowed: receiving Intent { act=android.intent.action.PACKAGE_ADDED dat=package:ao.gdse.arenaticket.vendas flg=0x4000010 (has extras) } to com.android.gallery3d/.app.PackagesMonitor
12-18 21:17:29.846   414   821 I netd    : trafficSetNetPermForUids(4, [10092]) <0.09ms>
12-18 21:17:29.850  1265  1265 E PhoneInterfaceManager: [PhoneIntfMgr] getCarrierPackageNamesForIntentAndPhone: No UICC
12-18 21:17:29.861   926   996 W BroadcastQueue: Background execution not allowed: receiving Intent { act=android.intent.action.PACKAGE_REPLACED dat=package:ao.gdse.arenaticket.vendas flg=0x4000010 (has extras) } to woyou.market/com.sunmi.appstore.core.receiver.InstallCallbackReceiver
12-18 21:17:29.867   926   997 I ActivityManager: Start proc 9050:com.android.keychain/1000 for service {com.android.keychain/com.android.keychain.KeyChainService}
12-18 21:17:29.871   926  1059 I InputReader: Reconfiguring input devices, changes=KEYBOARD_LAYOUTS | 
12-18 21:17:29.875   926  1059 I InputReader: Reconfiguring input devices, changes=KEYBOARD_LAYOUTS | 
12-18 21:17:29.879   926  1059 I InputReader: Reconfiguring input devices, changes=KEYBOARD_LAYOUTS | 
12-18 21:17:29.882  1265  1265 E PhoneInterfaceManager: [PhoneIntfMgr] getCarrierPackageNamesForIntentAndPhone: No UICC
12-18 21:17:29.895   926   984 W AppOps  : checkIfInWhitelist : pkg =com.sunmi.ota
12-18 21:17:29.895   926   984 W AppOps  : checkIfInWhitelist : pkg =com.sunmi.ota
12-18 21:17:29.896   926   984 W AppOps  : checkIfInWhitelist : pkg =com.sunmi.ota
12-18 21:17:29.917   926   926 I Telecom : CarModeTracker: Package ao.gdse.arenaticket.vendas is not tracked.: SSH.oR@ASE
12-18 21:17:29.919   926   926 I Telecom-InCallController: updateCarModeForConnections: car mode apps: : SSH.oR@ASE
12-18 21:17:29.937   926   926 I SuperPowerApp: android.intent.action.PACKAGE_ADDED, package: ao.gdse.arenaticket.vendas
12-18 21:17:29.939   414   821 I netd    : trafficSetNetPermForUids(4, [10092]) <0.07ms>
12-18 21:17:29.950   926   926 I Telecom : DefaultDialerCache: Refreshing default dialer for user 0: now null: DDC.oR@ASI
12-18 21:17:29.959  9050  9050 E ndroid.keychai: Not starting debugger since process cannot load the jdwp agent.
12-18 21:17:29.983   926   926 I SuperPowerApp: android.intent.action.PACKAGE_REPLACED, package: ao.gdse.arenaticket.vendas
12-18 21:17:30.093   926   995 W Searchables: No global search activity found
12-18 21:17:30.095  8552  8704 I PermissionControllerServiceImpl: Updating user sensitive for uid 10092
12-18 21:17:30.151   926   995 W Searchables: No global search activity found
12-18 21:17:30.239  1133  1141 I ndroid.systemu: Background concurrent copying GC freed 196330(7214KB) AllocSpace objects, 6(232KB) LOS objects, 49% free, 8486KB/16MB, paused 298us,2.418ms total 435.086ms
12-18 21:17:30.258  9050  9050 I LoadedApk: No resource references to update in package com.sunmi
12-18 21:17:30.272  1133  1143 W System  : A resource failed to call release. 
12-18 21:17:30.282  1133  1143 W System  : A resource failed to call close. 
12-18 21:17:30.283  1133  1143 W System  : A resource failed to call release. 
12-18 21:17:30.286  1133  1143 W System  : A resource failed to call close. 
12-18 21:17:30.369   926   995 W VoiceInteractionManager: no available voice recognition services found for user 0
12-18 21:17:30.421   926   935 I system_server: Background young concurrent copying GC freed 259966(12MB) AllocSpace objects, 85(3560KB) LOS objects, 47% free, 17MB/32MB, paused 1.481ms,332us total 492.734ms
12-18 21:17:30.428  1429  1465 W PackageManager: Failure retrieving resources for ao.gdse.arenaticket.vendas: Drawable ao.gdse.arenaticket.vendas:mipmap/ic_launcher with resource ID #0x7f0c0000
12-18 21:17:30.435   926   937 W System  : A resource failed to call close. 
12-18 21:17:30.436   926   937 W System  : A resource failed to call close. 
12-18 21:17:30.437   926   937 W System  : A resource failed to call release. 
12-18 21:17:30.937  9069  9069 W MTK_FG_FUEL: fd < 0, init first!
12-18 21:17:30.938  9069  9069 W MTK_FG_FUEL: init failed, return!
12-18 21:17:32.619   926  1624 E TaskPersister: File error accessing recents directory (directory doesn't exist?).
12-18 21:17:35.538   434   493 I libPowerHal: perfUserScnCheckAll
12-18 21:17:35.545   434   493 I libPowerHal: perfScnDumpAll cmd:0
12-18 21:17:35.545   434   493 I libPowerHal: ========================
12-18 21:17:35.546   434   493 I libPowerHal: ========================
12-18 21:17:35.938  9073  9073 W MTK_FG_FUEL: fd < 0, init first!
12-18 21:17:35.939  9073  9073 W MTK_FG_FUEL: init failed, return!
12-18 21:17:40.947  9076  9076 W MTK_FG_FUEL: fd < 0, init first!
12-18 21:17:40.947  9076  9076 W MTK_FG_FUEL: init failed, return!
12-18 21:17:45.961  9079  9079 W MTK_FG_FUEL: fd < 0, init first!
12-18 21:17:45.961  9079  9079 W MTK_FG_FUEL: init failed, return!
12-18 21:17:50.967  9082  9082 W MTK_FG_FUEL: fd < 0, init first!
12-18 21:17:50.968  9082  9082 W MTK_FG_FUEL: init failed, return!
12-18 21:17:55.980  9085  9085 W MTK_FG_FUEL: fd < 0, init first!
12-18 21:17:55.980  9085  9085 W MTK_FG_FUEL: init failed, return!
12-18 21:17:59.906   926  1042 I ActivityManager: Killing 8752:com.android.webview:webview_service/u0a57 (adj 935): empty #3
12-18 21:17:59.915   926   998 I libprocessgroup: Successfully killed process cgroup uid 10057 pid 8752 in 5ms
12-18 21:17:59.935   415   415 I Zygote  : Process 8752 exited due to signal 9 (Killed)
12-18 21:17:59.941   434   493 I libPowerHal: [perfNotifyAppState] pack:com.android.webview, act:com.android.webview, state:3, pid:8752, uid:10057, fps:60
12-18 21:17:59.941   434   493 I libPowerHal: [perfNotifyAppState] pack:com.android.webview, pid:8752, STATE_DEAD
12-18 21:18:01.002  9087  9087 W MTK_FG_FUEL: fd < 0, init first!
12-18 21:18:01.003  9087  9087 W MTK_FG_FUEL: init failed, return!
12-18 21:18:06.012  9089  9089 W MTK_FG_FUEL: fd < 0, init first!
12-18 21:18:06.013  9089  9089 W MTK_FG_FUEL: init failed, return!
12-18 21:18:11.015  9091  9091 W MTK_FG_FUEL: fd < 0, init first!
12-18 21:18:11.016  9091  9091 W MTK_FG_FUEL: init failed, return!
12-18 21:18:16.020  9096  9096 W MTK_FG_FUEL: fd < 0, init first!
12-18 21:18:16.021  9096  9096 W MTK_FG_FUEL: init failed, return!
12-18 21:18:16.985   926  1059 D SunmiCustomKey: interceptKeyBeforeQueueing::290
12-18 21:18:16.986   926  1059 W ContextImpl: Calling a method in the system process without a qualified user: android.app.ContextImpl.sendBroadcast:1173 com.android.server.policy.PhoneWindowManager.interceptKeyBeforeQueueing:3704 com.android.server.wm.InputManagerCallback.interceptKeyBeforeQueueing:149 com.android.server.input.InputManagerService.interceptKeyBeforeQueueing:2811 <bottom of call stack> 
12-18 21:18:16.987   926  1059 D WindowManager: sar sensor in event, keycode =290, down = true
12-18 21:18:16.990  1265  1265 D CapSensor: Current SarSensor status is near
12-18 21:18:16.990  1265  1265 D CapSensor: sendAtCmd: AT+ERFIDX=1,1
12-18 21:18:16.990   926  1059 E WindowManager: getTopActivityName:: return
12-18 21:18:16.991   926  1059 E WindowManager: getTopActivityName:: return
12-18 21:18:16.992   926  1059 E WindowManager: getTopActivityName:: return
12-18 21:18:16.992   926  1059 E WindowManager: getTopActivityName:: return
12-18 21:18:16.993   926  1059 D SunmiCustomKey: interceptKeyBeforeQueueing::290
12-18 21:18:16.993   926  1059 W ContextImpl: Calling a method in the system process without a qualified user: android.app.ContextImpl.sendBroadcast:1173 com.android.server.policy.PhoneWindowManager.interceptKeyBeforeQueueing:3704 com.android.server.wm.InputManagerCallback.interceptKeyBeforeQueueing:149 com.android.server.input.InputManagerService.interceptKeyBeforeQueueing:2811 <bottom of call stack> 
12-18 21:18:16.994   926  1059 D WindowManager: sar sensor in event, keycode =290, down = false
12-18 21:18:16.995   926  1059 E WindowManager: getTopActivityName:: return
12-18 21:18:16.995   926  1059 E WindowManager: getTopActivityName:: return
12-18 21:18:16.996   926  1059 E WindowManager: getTopActivityName:: return
12-18 21:18:16.997   926  1059 E WindowManager: getTopActivityName:: return
12-18 21:18:17.681   926  1059 D SunmiCustomKey: interceptKeyBeforeQueueing::291
